Archive member included to satisfy reference by file (symbol)

/home/irt/IoT/gcc-arm-none-eabi-10.3-2021.10/bin/../lib/gcc/arm-none-eabi/10.3.1/../../../../arm-none-eabi/lib/thumb/v7-m/nofp/libm.a(lib_a-w_exp2.o)
                              build/cc26x0-cc13x0/sensortag/cc2650/obj/opt-3001-sensor.o (exp2)
/home/irt/IoT/gcc-arm-none-eabi-10.3-2021.10/bin/../lib/gcc/arm-none-eabi/10.3.1/../../../../arm-none-eabi/lib/thumb/v7-m/nofp/libm.a(lib_a-w_pow.o)
                              /home/irt/IoT/gcc-arm-none-eabi-10.3-2021.10/bin/../lib/gcc/arm-none-eabi/10.3.1/../../../../arm-none-eabi/lib/thumb/v7-m/nofp/libm.a(lib_a-w_exp2.o) (pow)
/home/irt/IoT/gcc-arm-none-eabi-10.3-2021.10/bin/../lib/gcc/arm-none-eabi/10.3.1/../../../../arm-none-eabi/lib/thumb/v7-m/nofp/libm.a(lib_a-e_pow.o)
                              /home/irt/IoT/gcc-arm-none-eabi-10.3-2021.10/bin/../lib/gcc/arm-none-eabi/10.3.1/../../../../arm-none-eabi/lib/thumb/v7-m/nofp/libm.a(lib_a-w_pow.o) (__ieee754_pow)
/home/irt/IoT/gcc-arm-none-eabi-10.3-2021.10/bin/../lib/gcc/arm-none-eabi/10.3.1/../../../../arm-none-eabi/lib/thumb/v7-m/nofp/libm.a(lib_a-e_sqrt.o)
                              /home/irt/IoT/gcc-arm-none-eabi-10.3-2021.10/bin/../lib/gcc/arm-none-eabi/10.3.1/../../../../arm-none-eabi/lib/thumb/v7-m/nofp/libm.a(lib_a-e_pow.o) (__ieee754_sqrt)
/home/irt/IoT/gcc-arm-none-eabi-10.3-2021.10/bin/../lib/gcc/arm-none-eabi/10.3.1/../../../../arm-none-eabi/lib/thumb/v7-m/nofp/libm.a(lib_a-math_err.o)
                              /home/irt/IoT/gcc-arm-none-eabi-10.3-2021.10/bin/../lib/gcc/arm-none-eabi/10.3.1/../../../../arm-none-eabi/lib/thumb/v7-m/nofp/libm.a(lib_a-e_pow.o) (__math_uflow)
/home/irt/IoT/gcc-arm-none-eabi-10.3-2021.10/bin/../lib/gcc/arm-none-eabi/10.3.1/../../../../arm-none-eabi/lib/thumb/v7-m/nofp/libm.a(lib_a-s_fabs.o)
                              /home/irt/IoT/gcc-arm-none-eabi-10.3-2021.10/bin/../lib/gcc/arm-none-eabi/10.3.1/../../../../arm-none-eabi/lib/thumb/v7-m/nofp/libm.a(lib_a-e_pow.o) (fabs)
/home/irt/IoT/gcc-arm-none-eabi-10.3-2021.10/bin/../lib/gcc/arm-none-eabi/10.3.1/../../../../arm-none-eabi/lib/thumb/v7-m/nofp/libm.a(lib_a-s_finite.o)
                              /home/irt/IoT/gcc-arm-none-eabi-10.3-2021.10/bin/../lib/gcc/arm-none-eabi/10.3.1/../../../../arm-none-eabi/lib/thumb/v7-m/nofp/libm.a(lib_a-w_pow.o) (finite)
/home/irt/IoT/gcc-arm-none-eabi-10.3-2021.10/bin/../lib/gcc/arm-none-eabi/10.3.1/../../../../arm-none-eabi/lib/thumb/v7-m/nofp/libm.a(lib_a-s_scalbn.o)
                              /home/irt/IoT/gcc-arm-none-eabi-10.3-2021.10/bin/../lib/gcc/arm-none-eabi/10.3.1/../../../../arm-none-eabi/lib/thumb/v7-m/nofp/libm.a(lib_a-e_pow.o) (scalbn)
/home/irt/IoT/gcc-arm-none-eabi-10.3-2021.10/bin/../lib/gcc/arm-none-eabi/10.3.1/thumb/v7-m/nofp/libgcc.a(_arm_muldf3.o)
                              build/cc26x0-cc13x0/sensortag/cc2650/obj/opt-3001-sensor.o (__aeabi_dmul)
/home/irt/IoT/gcc-arm-none-eabi-10.3-2021.10/bin/../lib/gcc/arm-none-eabi/10.3.1/thumb/v7-m/nofp/libgcc.a(_arm_mulsf3.o)
                              build/cc26x0-cc13x0/sensortag/cc2650/obj/tmp-007-sensor.o (__aeabi_fmul)
/home/irt/IoT/gcc-arm-none-eabi-10.3-2021.10/bin/../lib/gcc/arm-none-eabi/10.3.1/thumb/v7-m/nofp/libgcc.a(_arm_addsubdf3.o)
                              build/cc26x0-cc13x0/sensortag/cc2650/obj/hdc-1000-sensor.o (__aeabi_dsub)
/home/irt/IoT/gcc-arm-none-eabi-10.3-2021.10/bin/../lib/gcc/arm-none-eabi/10.3.1/thumb/v7-m/nofp/libgcc.a(_arm_muldivdf3.o)
                              build/cc26x0-cc13x0/sensortag/cc2650/obj/mpu-9250-sensor.o (__aeabi_ddiv)
/home/irt/IoT/gcc-arm-none-eabi-10.3-2021.10/bin/../lib/gcc/arm-none-eabi/10.3.1/thumb/v7-m/nofp/libgcc.a(_arm_cmpdf2.o)
                              /home/irt/IoT/gcc-arm-none-eabi-10.3-2021.10/bin/../lib/gcc/arm-none-eabi/10.3.1/../../../../arm-none-eabi/lib/thumb/v7-m/nofp/libm.a(lib_a-w_pow.o) (__aeabi_dcmpeq)
/home/irt/IoT/gcc-arm-none-eabi-10.3-2021.10/bin/../lib/gcc/arm-none-eabi/10.3.1/thumb/v7-m/nofp/libgcc.a(_arm_unorddf2.o)
                              /home/irt/IoT/gcc-arm-none-eabi-10.3-2021.10/bin/../lib/gcc/arm-none-eabi/10.3.1/../../../../arm-none-eabi/lib/thumb/v7-m/nofp/libm.a(lib_a-w_pow.o) (__aeabi_dcmpun)
/home/irt/IoT/gcc-arm-none-eabi-10.3-2021.10/bin/../lib/gcc/arm-none-eabi/10.3.1/thumb/v7-m/nofp/libgcc.a(_arm_fixunsdfsi.o)
                              build/cc26x0-cc13x0/sensortag/cc2650/obj/ble-hal-cc26xx.o (__aeabi_d2uiz)
/home/irt/IoT/gcc-arm-none-eabi-10.3-2021.10/bin/../lib/gcc/arm-none-eabi/10.3.1/thumb/v7-m/nofp/libgcc.a(_arm_truncdfsf2.o)
                              build/cc26x0-cc13x0/sensortag/cc2650/obj/opt-3001-sensor.o (__aeabi_d2f)
/home/irt/IoT/gcc-arm-none-eabi-10.3-2021.10/bin/../lib/gcc/arm-none-eabi/10.3.1/thumb/v7-m/nofp/libgcc.a(_arm_addsubsf3.o)
                              build/cc26x0-cc13x0/sensortag/cc2650/obj/tmp-007-sensor.o (__aeabi_i2f)
[...]
Memory Configuration

Name             Origin             Length             Attributes
FLASH            0x0000000000000000 0x000000000001ffa8 xr
FLASH_CCFG       0x000000000001ffa8 0x0000000000000058 xr
SRAM             0x0000000020000000 0x0000000000005000 xrw
GPRAM            0x0000000011000000 0x0000000000002000 xrw
*default*        0x0000000000000000 0xffffffffffffffff

Linker script and memory map

LOAD build/cc26x0-cc13x0/sensortag/cc2650/obj/fault-handlers.o
LOAD build/cc26x0-cc13x0/sensortag/cc2650/obj/ccfg.o
LOAD build/cc26x0-cc13x0/sensortag/cc2650/obj/startup_gcc.o
LOAD build/cc26x0-cc13x0/sensortag/cc2650/obj/platform.o
LOAD build/cc26x0-cc13x0/sensortag/cc2650/obj/leds-arch.o
LOAD build/cc26x0-cc13x0/sensortag/cc2650/obj/sensortag-sensors.o
LOAD build/cc26x0-cc13x0/sensortag/cc2650/obj/board-buttons.o
LOAD build/cc26x0-cc13x0/sensortag/cc2650/obj/sensor-common.o
LOAD build/cc26x0-cc13x0/sensortag/cc2650/obj/bmp-280-sensor.o
LOAD build/cc26x0-cc13x0/sensortag/cc2650/obj/tmp-007-sensor.o
LOAD build/cc26x0-cc13x0/sensortag/cc2650/obj/opt-3001-sensor.o
LOAD build/cc26x0-cc13x0/sensortag/cc2650/obj/hdc-1000-sensor.o
LOAD build/cc26x0-cc13x0/sensortag/cc2650/obj/mpu-9250-sensor.o
LOAD build/cc26x0-cc13x0/sensortag/cc2650/obj/xmem.o
LOAD build/cc26x0-cc13x0/sensortag/cc2650/obj/buzzer.o
LOAD build/cc26x0-cc13x0/sensortag/cc2650/obj/board.o
LOAD build/cc26x0-cc13x0/sensortag/cc2650/obj/board-i2c.o
LOAD build/cc26x0-cc13x0/sensortag/cc2650/obj/clock.o
LOAD build/cc26x0-cc13x0/sensortag/cc2650/obj/rtimer-arch.o
LOAD build/cc26x0-cc13x0/sensortag/cc2650/obj/soc-rtc.o
LOAD build/cc26x0-cc13x0/sensortag/cc2650/obj/uart.o
LOAD build/cc26x0-cc13x0/sensortag/cc2650/obj/contiki-watchdog.o
LOAD build/cc26x0-cc13x0/sensortag/cc2650/obj/aux-ctrl.o
LOAD build/cc26x0-cc13x0/sensortag/cc2650/obj/dbg.o
LOAD build/cc26x0-cc13x0/sensortag/cc2650/obj/ieee-addr.o
LOAD build/cc26x0-cc13x0/sensortag/cc2650/obj/batmon-sensor.o
LOAD build/cc26x0-cc13x0/sensortag/cc2650/obj/adc-sensor.o
LOAD build/cc26x0-cc13x0/sensortag/cc2650/obj/slip-arch.o
LOAD build/cc26x0-cc13x0/sensortag/cc2650/obj/slip.o
LOAD build/cc26x0-cc13x0/sensortag/cc2650/obj/cc26xx-uart.o
LOAD build/cc26x0-cc13x0/sensortag/cc2650/obj/lpm.o
LOAD build/cc26x0-cc13x0/sensortag/cc2650/obj/gpio-interrupt.o
LOAD build/cc26x0-cc13x0/sensortag/cc2650/obj/gpio-hal-arch.o
LOAD build/cc26x0-cc13x0/sensortag/cc2650/obj/oscillators.o
LOAD build/cc26x0-cc13x0/sensortag/cc2650/obj/rf-core.o
LOAD build/cc26x0-cc13x0/sensortag/cc2650/obj/rf-ble.o
LOAD build/cc26x0-cc13x0/sensortag/cc2650/obj/ieee-mode.o
LOAD build/cc26x0-cc13x0/sensortag/cc2650/obj/ble-cc2650.o
LOAD build/cc26x0-cc13x0/sensortag/cc2650/obj/ble-hal-cc26xx.o
LOAD build/cc26x0-cc13x0/sensortag/cc2650/obj/ble-addr.o
LOAD build/cc26x0-cc13x0/sensortag/cc2650/obj/rf-ble-cmd.o
LOAD build/cc26x0-cc13x0/sensortag/cc2650/obj/random.o
LOAD build/cc26x0-cc13x0/sensortag/cc2650/obj/soc-trng.o
LOAD build/cc26x0-cc13x0/sensortag/cc2650/obj/int-master.o
LOAD build/cc26x0-cc13x0/sensortag/cc2650/obj/spi-arch.o
LOAD build/cc26x0-cc13x0/sensortag/cc2650/obj/cc26xx-aes.o
LOAD build/cc26x0-cc13x0/sensortag/cc2650/obj/serial-shell.o
LOAD build/cc26x0-cc13x0/sensortag/cc2650/obj/shell.o
LOAD build/cc26x0-cc13x0/sensortag/cc2650/obj/shell-commands.o
LOAD build/cc26x0-cc13x0/sensortag/cc2650/obj/sisp.o
LOAD build/cc26x0-cc13x0/sensortag/cc2650/obj/contiki-main.o
LOAD build/cc26x0-cc13x0/sensortag/cc2650/obj/atomic.o
LOAD build/cc26x0-cc13x0/sensortag/cc2650/obj/autostart.o
LOAD build/cc26x0-cc13x0/sensortag/cc2650/obj/compower.o
LOAD build/cc26x0-cc13x0/sensortag/cc2650/obj/ctimer.o
LOAD build/cc26x0-cc13x0/sensortag/cc2650/obj/energest.o
LOAD build/cc26x0-cc13x0/sensortag/cc2650/obj/etimer.o
LOAD build/cc26x0-cc13x0/sensortag/cc2650/obj/log.o
LOAD build/cc26x0-cc13x0/sensortag/cc2650/obj/mutex.o
LOAD build/cc26x0-cc13x0/sensortag/cc2650/obj/node-id.o
LOAD build/cc26x0-cc13x0/sensortag/cc2650/obj/process.o
LOAD build/cc26x0-cc13x0/sensortag/cc2650/obj/rtimer.o
LOAD build/cc26x0-cc13x0/sensortag/cc2650/obj/stack-check.o
LOAD build/cc26x0-cc13x0/sensortag/cc2650/obj/stimer.o
LOAD build/cc26x0-cc13x0/sensortag/cc2650/obj/timer.o
LOAD build/cc26x0-cc13x0/sensortag/cc2650/obj/aes-128.o
LOAD build/cc26x0-cc13x0/sensortag/cc2650/obj/assert.o
LOAD build/cc26x0-cc13x0/sensortag/cc2650/obj/ccm-star.o
LOAD build/cc26x0-cc13x0/sensortag/cc2650/obj/circular-list.o
LOAD build/cc26x0-cc13x0/sensortag/cc2650/obj/crc16.o
LOAD build/cc26x0-cc13x0/sensortag/cc2650/obj/dbl-circ-list.o
LOAD build/cc26x0-cc13x0/sensortag/cc2650/obj/dbl-list.o
LOAD build/cc26x0-cc13x0/sensortag/cc2650/obj/heapmem.o
LOAD build/cc26x0-cc13x0/sensortag/cc2650/obj/hexconv.o
LOAD build/cc26x0-cc13x0/sensortag/cc2650/obj/ifft.o
LOAD build/cc26x0-cc13x0/sensortag/cc2650/obj/list.o
LOAD build/cc26x0-cc13x0/sensortag/cc2650/obj/memb.o
LOAD build/cc26x0-cc13x0/sensortag/cc2650/obj/ringbuf.o
LOAD build/cc26x0-cc13x0/sensortag/cc2650/obj/ringbufindex.o
LOAD build/cc26x0-cc13x0/sensortag/cc2650/obj/sensors.o
LOAD build/cc26x0-cc13x0/sensortag/cc2650/obj/trickle-timer.o
LOAD build/cc26x0-cc13x0/sensortag/cc2650/obj/button-hal.o
LOAD build/cc26x0-cc13x0/sensortag/cc2650/obj/gpio-hal.o
LOAD build/cc26x0-cc13x0/sensortag/cc2650/obj/leds.o
LOAD build/cc26x0-cc13x0/sensortag/cc2650/obj/nullradio.o
LOAD build/cc26x0-cc13x0/sensortag/cc2650/obj/serial-line.o
LOAD build/cc26x0-cc13x0/sensortag/cc2650/obj/spi.o
LOAD build/cc26x0-cc13x0/sensortag/cc2650/obj/linkaddr.o
LOAD build/cc26x0-cc13x0/sensortag/cc2650/obj/link-stats.o
LOAD build/cc26x0-cc13x0/sensortag/cc2650/obj/nbr-table.o
LOAD build/cc26x0-cc13x0/sensortag/cc2650/obj/net-debug.o
LOAD build/cc26x0-cc13x0/sensortag/cc2650/obj/netstack.o
LOAD build/cc26x0-cc13x0/sensortag/cc2650/obj/packetbuf.o
LOAD build/cc26x0-cc13x0/sensortag/cc2650/obj/queuebuf.o
LOAD build/cc26x0-cc13x0/sensortag/cc2650/obj/mac.o
LOAD build/cc26x0-cc13x0/sensortag/cc2650/obj/mac-sequence.o
LOAD build/cc26x0-cc13x0/sensortag/cc2650/obj/frame802154.o
LOAD build/cc26x0-cc13x0/sensortag/cc2650/obj/frame802154e-ie.o
LOAD build/cc26x0-cc13x0/sensortag/cc2650/obj/framer-802154.o
LOAD build/cc26x0-cc13x0/sensortag/cc2650/obj/nullframer.o
LOAD build/cc26x0-cc13x0/sensortag/cc2650/obj/ext-flash.o
LOAD build/cc26x0-cc13x0/sensortag/cc2650/obj/adi.o
LOAD build/cc26x0-cc13x0/sensortag/cc2650/obj/aon_batmon.o
LOAD build/cc26x0-cc13x0/sensortag/cc2650/obj/aon_event.o
LOAD build/cc26x0-cc13x0/sensortag/cc2650/obj/aon_ioc.o
LOAD build/cc26x0-cc13x0/sensortag/cc2650/obj/aon_rtc.o
LOAD build/cc26x0-cc13x0/sensortag/cc2650/obj/aon_wuc.o
LOAD build/cc26x0-cc13x0/sensortag/cc2650/obj/aux_adc.o
LOAD build/cc26x0-cc13x0/sensortag/cc2650/obj/aux_smph.o
LOAD build/cc26x0-cc13x0/sensortag/cc2650/obj/aux_tdc.o
LOAD build/cc26x0-cc13x0/sensortag/cc2650/obj/aux_timer.o
LOAD build/cc26x0-cc13x0/sensortag/cc2650/obj/aux_wuc.o
LOAD build/cc26x0-cc13x0/sensortag/cc2650/obj/ccfgread.o
LOAD build/cc26x0-cc13x0/sensortag/cc2650/obj/chipinfo.o
LOAD build/cc26x0-cc13x0/sensortag/cc2650/obj/cpu.o
LOAD build/cc26x0-cc13x0/sensortag/cc2650/obj/crypto.o
LOAD build/cc26x0-cc13x0/sensortag/cc2650/obj/ddi.o
LOAD build/cc26x0-cc13x0/sensortag/cc2650/obj/driverlib_release.o
LOAD build/cc26x0-cc13x0/sensortag/cc2650/obj/event.o
LOAD build/cc26x0-cc13x0/sensortag/cc2650/obj/flash.o
LOAD build/cc26x0-cc13x0/sensortag/cc2650/obj/gpio.o
LOAD build/cc26x0-cc13x0/sensortag/cc2650/obj/i2c.o
LOAD build/cc26x0-cc13x0/sensortag/cc2650/obj/i2s.o
LOAD build/cc26x0-cc13x0/sensortag/cc2650/obj/interrupt.o
LOAD build/cc26x0-cc13x0/sensortag/cc2650/obj/ioc.o
LOAD build/cc26x0-cc13x0/sensortag/cc2650/obj/osc.o
LOAD build/cc26x0-cc13x0/sensortag/cc2650/obj/prcm.o
LOAD build/cc26x0-cc13x0/sensortag/cc2650/obj/pwr_ctrl.o
LOAD build/cc26x0-cc13x0/sensortag/cc2650/obj/rfc.o
LOAD build/cc26x0-cc13x0/sensortag/cc2650/obj/rom_crypto.o
LOAD build/cc26x0-cc13x0/sensortag/cc2650/obj/setup.o
LOAD build/cc26x0-cc13x0/sensortag/cc2650/obj/setup_rom.o
LOAD build/cc26x0-cc13x0/sensortag/cc2650/obj/smph.o
LOAD build/cc26x0-cc13x0/sensortag/cc2650/obj/ssi.o
LOAD build/cc26x0-cc13x0/sensortag/cc2650/obj/sys_ctrl.o
LOAD build/cc26x0-cc13x0/sensortag/cc2650/obj/systick.o
LOAD build/cc26x0-cc13x0/sensortag/cc2650/obj/trng.o
LOAD build/cc26x0-cc13x0/sensortag/cc2650/obj/udma.o
LOAD build/cc26x0-cc13x0/sensortag/cc2650/obj/vims.o
LOAD build/cc26x0-cc13x0/sensortag/cc2650/obj/watchdog.o
LOAD build/cc26x0-cc13x0/sensortag/cc2650/obj/syscalls.o
LOAD build/cc26x0-cc13x0/sensortag/cc2650/obj/printf.o
LOAD build/cc26x0-cc13x0/sensortag/cc2650/obj/putchar.o
LOAD build/cc26x0-cc13x0/sensortag/cc2650/obj/puts.o
LOAD build/cc26x0-cc13x0/sensortag/cc2650/obj/snprintf.o
LOAD build/cc26x0-cc13x0/sensortag/cc2650/obj/sprintf.o
LOAD build/cc26x0-cc13x0/sensortag/cc2650/obj/strformat.o
LOAD build/cc26x0-cc13x0/sensortag/cc2650/obj/anti-replay.o
LOAD build/cc26x0-cc13x0/sensortag/cc2650/obj/ccm-star-packetbuf.o
LOAD build/cc26x0-cc13x0/sensortag/cc2650/obj/csma.o
LOAD build/cc26x0-cc13x0/sensortag/cc2650/obj/csma-output.o
LOAD build/cc26x0-cc13x0/sensortag/cc2650/obj/csma-security.o
LOAD build/cc26x0-cc13x0/sensortag/cc2650/obj/nullnet.o
LOAD build/cc26x0-cc13x0/sensortag/cc2650/obj/nullrouting.o
LOAD sisp_app.o
START GROUP
LOAD /home/irt/IoT/gcc-arm-none-eabi-10.3-2021.10/bin/../lib/gcc/arm-none-eabi/10.3.1/../../../../arm-none-eabi/lib/thumb/v7-m/nofp/libm.a
END GROUP
START GROUP
LOAD /home/irt/IoT/gcc-arm-none-eabi-10.3-2021.10/bin/../lib/gcc/arm-none-eabi/10.3.1/thumb/v7-m/nofp/libgcc.a
LOAD /home/irt/IoT/gcc-arm-none-eabi-10.3-2021.10/bin/../lib/gcc/arm-none-eabi/10.3.1/../../../../arm-none-eabi/lib/thumb/v7-m/nofp/libc.a
END GROUP
                0x0000000020005000                _estack = (ORIGIN (SRAM) + LENGTH (SRAM))
                0x0000000000000000                _Min_Heap_Size = 0x0
                0x0000000000000400                _Min_Stack_Size = 0x400

.text           0x0000000000000000     0xb48d
                0x0000000000000000                _text = .
 *(SORT_BY_ALIGNMENT(.vectors))
 .vectors       0x0000000000000000       0xc8 build/cc26x0-cc13x0/sensortag/cc2650/obj/startup_gcc.o
                0x0000000000000000                g_pfnVectors
 *(SORT_BY_ALIGNMENT(.text*))
 .text.value    0x00000000000000c8       0xb0 build/cc26x0-cc13x0/sensortag/cc2650/obj/opt-3001-sensor.o
 .text.value    0x0000000000000178       0x9c build/cc26x0-cc13x0/sensortag/cc2650/obj/hdc-1000-sensor.o
 *fill*         0x0000000000000214        0x4 00000000
 .text.value    0x0000000000000218      0x1dc build/cc26x0-cc13x0/sensortag/cc2650/obj/mpu-9250-sensor.o
 *fill*         0x00000000000003f4        0x4 00000000
 .text.__ieee754_pow
                0x00000000000003f8      0xb08 /home/irt/IoT/gcc-arm-none-eabi-10.3-2021.10/bin/../lib/gcc/arm-none-eabi/10.3.1/../../../../arm-none-eabi/lib/thumb/v7-m/nofp/libm.a(lib_a-e_pow.o)
                0x00000000000003f8                __ieee754_pow
 .text.scalbn   0x0000000000000f00       0xfc /home/irt/IoT/gcc-arm-none-eabi-10.3-2021.10/bin/../lib/gcc/arm-none-eabi/10.3.1/../../../../arm-none-eabi/lib/thumb/v7-m/nofp/libm.a(lib_a-s_scalbn.o)
                0x0000000000000f00                scalbn
 .text.FaultISR
                0x0000000000000ffc       0x1c build/cc26x0-cc13x0/sensortag/cc2650/obj/fault-handlers.o
                0x0000000000000ffc                FaultISR
 .text.NmiSRHandler
                0x0000000000001018        0x4 build/cc26x0-cc13x0/sensortag/cc2650/obj/startup_gcc.o
                0x0000000000001018                NmiSR
 .text.IntDefaultHandler
                0x000000000000101c        0x4 build/cc26x0-cc13x0/sensortag/cc2650/obj/startup_gcc.o
                0x000000000000101c                SSI0IntHandler
                0x000000000000101c                SWEvent0IntHandler
                0x000000000000101c                uDMAIntHandler
                0x000000000000101c                WatchdogIntHandler
                0x000000000000101c                RFCHardwareIntHandler
                0x000000000000101c                Timer1BIntHandler
                0x000000000000101c                I2SIntHandler
                0x000000000000101c                Timer2BIntHandler
                0x000000000000101c                Timer2AIntHandler
                0x000000000000101c                Timer1AIntHandler
                0x000000000000101c                AONIntHandler
                0x000000000000101c                AUXSWEvent0IntHandler
                0x000000000000101c                AUXADCIntHandler
                0x000000000000101c                PendSVIntHandler
                0x000000000000101c                AUXSWEvent1IntHandler
                0x000000000000101c                SVCallIntHandler
                0x000000000000101c                MPUFaultIntHandler
                0x000000000000101c                SysTickIntHandler
                0x000000000000101c                BusFaultIntHandler
                0x000000000000101c                AONProgIntHandler
                0x000000000000101c                AUXCompAIntHandler
                0x000000000000101c                SSI1IntHandler
                0x000000000000101c                FlashIntHandler
                0x000000000000101c                uDMAErrIntHandler
                0x000000000000101c                UsageFaultIntHandler
                0x000000000000101c                RFCCmdAckIntHandler
                0x000000000000101c                CryptoIntHandler
                0x000000000000101c                Timer0AIntHandler
                0x000000000000101c                I2CIntHandler
                0x000000000000101c                DebugMonIntHandler
                0x000000000000101c                Timer0BIntHandler
                0x000000000000101c                AUXCombEventIntHandler
                0x000000000000101c                Timer3AIntHandler
                0x000000000000101c                DynProgIntHandler
                0x000000000000101c                Timer3BIntHandler
 .text.ResetISR
                0x0000000000001020       0x5c build/cc26x0-cc13x0/sensortag/cc2650/obj/startup_gcc.o
                0x0000000000001020                ResetISR
 .text.fade     0x000000000000107c       0x64 build/cc26x0-cc13x0/sensortag/cc2650/obj/platform.o
 .text.platform_init_stage_one
                0x00000000000010e0       0x78 build/cc26x0-cc13x0/sensortag/cc2650/obj/platform.o
                0x00000000000010e0                platform_init_stage_one
 .text.platform_init_stage_two
                0x0000000000001158       0x38 build/cc26x0-cc13x0/sensortag/cc2650/obj/platform.o
                0x0000000000001158                platform_init_stage_two
 .text.platform_init_stage_three
                0x0000000000001190       0xd8 build/cc26x0-cc13x0/sensortag/cc2650/obj/platform.o
                0x0000000000001190                platform_init_stage_three
 .text.platform_idle
                0x0000000000001268        0x4 build/cc26x0-cc13x0/sensortag/cc2650/obj/platform.o
                0x0000000000001268                platform_idle
 .text.sensor_common_read_reg
                0x000000000000126c       0x20 build/cc26x0-cc13x0/sensortag/cc2650/obj/sensor-common.o
                0x000000000000126c                sensor_common_read_reg
 .text.sensor_common_write_reg
                0x000000000000128c       0x24 build/cc26x0-cc13x0/sensortag/cc2650/obj/sensor-common.o
                0x000000000000128c                sensor_common_write_reg
 .text.sensor_common_set_error_data
                0x00000000000012b0       0x10 build/cc26x0-cc13x0/sensortag/cc2650/obj/sensor-common.o
                0x00000000000012b0                sensor_common_set_error_data
 .text.status   0x00000000000012c0       0x14 build/cc26x0-cc13x0/sensortag/cc2650/obj/bmp-280-sensor.o
 .text.notify_ready
                0x00000000000012d4       0x14 build/cc26x0-cc13x0/sensortag/cc2650/obj/bmp-280-sensor.o
 .text.value    0x00000000000012e8      0x178 build/cc26x0-cc13x0/sensortag/cc2650/obj/bmp-280-sensor.o
 .text.configure
                0x0000000000001460       0xd4 build/cc26x0-cc13x0/sensortag/cc2650/obj/bmp-280-sensor.o
 .text.status   0x0000000000001534       0x14 build/cc26x0-cc13x0/sensortag/cc2650/obj/tmp-007-sensor.o
 .text.notify_ready
                0x0000000000001548       0x14 build/cc26x0-cc13x0/sensortag/cc2650/obj/tmp-007-sensor.o
 .text.value    0x000000000000155c       0xe0 build/cc26x0-cc13x0/sensortag/cc2650/obj/tmp-007-sensor.o
 .text.configure
                0x000000000000163c       0xc4 build/cc26x0-cc13x0/sensortag/cc2650/obj/tmp-007-sensor.o
 .text.status   0x0000000000001700        0xc build/cc26x0-cc13x0/sensortag/cc2650/obj/opt-3001-sensor.o
 .text.notify_ready
                0x000000000000170c       0x54 build/cc26x0-cc13x0/sensortag/cc2650/obj/opt-3001-sensor.o
 .text.configure
                0x0000000000001760       0xb0 build/cc26x0-cc13x0/sensortag/cc2650/obj/opt-3001-sensor.o
 .text.status   0x0000000000001810       0x14 build/cc26x0-cc13x0/sensortag/cc2650/obj/hdc-1000-sensor.o
 .text.notify_ready
                0x0000000000001824       0x64 build/cc26x0-cc13x0/sensortag/cc2650/obj/hdc-1000-sensor.o
 .text.configure
                0x0000000000001888       0xc8 build/cc26x0-cc13x0/sensortag/cc2650/obj/hdc-1000-sensor.o
 .text.acc_convert
                0x0000000000001950       0x70 build/cc26x0-cc13x0/sensortag/cc2650/obj/mpu-9250-sensor.o
 .text.status   0x00000000000019c0       0x14 build/cc26x0-cc13x0/sensortag/cc2650/obj/mpu-9250-sensor.o
 .text.notify_ready
                0x00000000000019d4       0x14 build/cc26x0-cc13x0/sensortag/cc2650/obj/mpu-9250-sensor.o
 .text.sensor_sleep
                0x00000000000019e8       0x38 build/cc26x0-cc13x0/sensortag/cc2650/obj/mpu-9250-sensor.o
 .text.configure
                0x0000000000001a20       0xe8 build/cc26x0-cc13x0/sensortag/cc2650/obj/mpu-9250-sensor.o
 .text.initialise
                0x0000000000001b08      0x100 build/cc26x0-cc13x0/sensortag/cc2650/obj/mpu-9250-sensor.o
 .text.buzzer_init
                0x0000000000001c08        0xc build/cc26x0-cc13x0/sensortag/cc2650/obj/buzzer.o
                0x0000000000001c08                buzzer_init
 .text.buzzer_stop
                0x0000000000001c14       0x7c build/cc26x0-cc13x0/sensortag/cc2650/obj/buzzer.o
                0x0000000000001c14                buzzer_stop
 .text.power_domains_on
                0x0000000000001c90       0x20 build/cc26x0-cc13x0/sensortag/cc2650/obj/board.o
 .text.lpm_wakeup_handler
                0x0000000000001cb0        0x4 build/cc26x0-cc13x0/sensortag/cc2650/obj/board.o
 .text.shutdown_handler
                0x0000000000001cb4       0x6c build/cc26x0-cc13x0/sensortag/cc2650/obj/board.o
 .text.board_init
                0x0000000000001d20      0x134 build/cc26x0-cc13x0/sensortag/cc2650/obj/board.o
                0x0000000000001d20                board_init
 .text.board_i2c_wakeup
                0x0000000000001e54       0x60 build/cc26x0-cc13x0/sensortag/cc2650/obj/board-i2c.o
                0x0000000000001e54                board_i2c_wakeup
 .text.board_i2c_shutdown
                0x0000000000001eb4       0xcc build/cc26x0-cc13x0/sensortag/cc2650/obj/board-i2c.o
                0x0000000000001eb4                board_i2c_shutdown
 .text.board_i2c_write
                0x0000000000001f80      0x1a8 build/cc26x0-cc13x0/sensortag/cc2650/obj/board-i2c.o
                0x0000000000001f80                board_i2c_write
 .text.board_i2c_write_single
                0x0000000000002128       0x94 build/cc26x0-cc13x0/sensortag/cc2650/obj/board-i2c.o
                0x0000000000002128                board_i2c_write_single
 .text.board_i2c_read
                0x00000000000021bc      0x14c build/cc26x0-cc13x0/sensortag/cc2650/obj/board-i2c.o
                0x00000000000021bc                board_i2c_read
 .text.board_i2c_write_read
                0x0000000000002308      0x220 build/cc26x0-cc13x0/sensortag/cc2650/obj/board-i2c.o
                0x0000000000002308                board_i2c_write_read
 .text.board_i2c_select
                0x0000000000002528      0x108 build/cc26x0-cc13x0/sensortag/cc2650/obj/board-i2c.o
                0x0000000000002528                board_i2c_select
 .text.power_domain_on
                0x0000000000002630       0x20 build/cc26x0-cc13x0/sensortag/cc2650/obj/clock.o
 .text.clock_init
                0x0000000000002650       0x8c build/cc26x0-cc13x0/sensortag/cc2650/obj/clock.o
                0x0000000000002650                clock_init
 .text.clock_time
                0x00000000000026dc       0x20 build/cc26x0-cc13x0/sensortag/cc2650/obj/clock.o
                0x00000000000026dc                clock_time
 .text.clock_update
                0x00000000000026fc       0x28 build/cc26x0-cc13x0/sensortag/cc2650/obj/clock.o
                0x00000000000026fc                clock_update
 .text.rtimer_arch_init
                0x0000000000002724        0x4 build/cc26x0-cc13x0/sensortag/cc2650/obj/rtimer-arch.o
                0x0000000000002724                rtimer_arch_init
 .text.rtimer_arch_schedule
                0x0000000000002728        0x8 build/cc26x0-cc13x0/sensortag/cc2650/obj/rtimer-arch.o
                0x0000000000002728                rtimer_arch_schedule
 .text.rtimer_arch_now
                0x0000000000002730        0x4 build/cc26x0-cc13x0/sensortag/cc2650/obj/rtimer-arch.o
                0x0000000000002730                rtimer_arch_now
 .text.soc_rtc_init
                0x0000000000002734       0x90 build/cc26x0-cc13x0/sensortag/cc2650/obj/soc-rtc.o
                0x0000000000002734                soc_rtc_init
 .text.soc_rtc_schedule_one_shot
                0x00000000000027c4       0x68 build/cc26x0-cc13x0/sensortag/cc2650/obj/soc-rtc.o
                0x00000000000027c4                soc_rtc_schedule_one_shot
 .text.soc_rtc_last_isr_time
                0x000000000000282c        0xc build/cc26x0-cc13x0/sensortag/cc2650/obj/soc-rtc.o
                0x000000000000282c                soc_rtc_last_isr_time
 .text.AONRTCIntHandler
                0x0000000000002838       0x78 build/cc26x0-cc13x0/sensortag/cc2650/obj/soc-rtc.o
                0x0000000000002838                AONRTCIntHandler
 .text.watchdog_init
                0x00000000000028b0       0x10 build/cc26x0-cc13x0/sensortag/cc2650/obj/contiki-watchdog.o
                0x00000000000028b0                watchdog_init
 .text.watchdog_start
                0x00000000000028c0       0x58 build/cc26x0-cc13x0/sensortag/cc2650/obj/contiki-watchdog.o
                0x00000000000028c0                watchdog_start
 .text.watchdog_periodic
                0x0000000000002918        0xc build/cc26x0-cc13x0/sensortag/cc2650/obj/contiki-watchdog.o
                0x0000000000002918                watchdog_periodic
 .text.watchdog_reboot
                0x0000000000002924        0x8 build/cc26x0-cc13x0/sensortag/cc2650/obj/contiki-watchdog.o
                0x0000000000002924                watchdog_reboot
 .text.aux_ctrl_register_consumer
                0x000000000000292c       0x60 build/cc26x0-cc13x0/sensortag/cc2650/obj/aux-ctrl.o
                0x000000000000292c                aux_ctrl_register_consumer
 .text.aux_ctrl_power_up
                0x000000000000298c       0x28 build/cc26x0-cc13x0/sensortag/cc2650/obj/aux-ctrl.o
                0x000000000000298c                aux_ctrl_power_up
 .text.aux_ctrl_power_down
                0x00000000000029b4       0x64 build/cc26x0-cc13x0/sensortag/cc2650/obj/aux-ctrl.o
                0x00000000000029b4                aux_ctrl_power_down
 .text.aux_ctrl_unregister_consumer
                0x0000000000002a18       0x28 build/cc26x0-cc13x0/sensortag/cc2650/obj/aux-ctrl.o
                0x0000000000002a18                aux_ctrl_unregister_consumer
 .text.dbg_send_bytes
                0x0000000000002a40       0x30 build/cc26x0-cc13x0/sensortag/cc2650/obj/dbg.o
                0x0000000000002a40                dbg_send_bytes
 .text.ieee_addr_cpy_to
                0x0000000000002a70       0x40 build/cc26x0-cc13x0/sensortag/cc2650/obj/ieee-addr.o
                0x0000000000002a70                ieee_addr_cpy_to
 .text.power_and_clock
                0x0000000000002ab0       0x44 build/cc26x0-cc13x0/sensortag/cc2650/obj/cc26xx-uart.o
 .text.enable   0x0000000000002af4       0xc0 build/cc26x0-cc13x0/sensortag/cc2650/obj/cc26xx-uart.o
 .text.lpm_drop_handler
                0x0000000000002bb4      0x114 build/cc26x0-cc13x0/sensortag/cc2650/obj/cc26xx-uart.o
 .text.cc26xx_uart_init
                0x0000000000002cc8       0x28 build/cc26x0-cc13x0/sensortag/cc2650/obj/cc26xx-uart.o
                0x0000000000002cc8                cc26xx_uart_init
 .text.cc26xx_uart_write_byte
                0x0000000000002cf0       0x40 build/cc26x0-cc13x0/sensortag/cc2650/obj/cc26xx-uart.o
                0x0000000000002cf0                cc26xx_uart_write_byte
 .text.cc26xx_uart_set_input
                0x0000000000002d30       0x74 build/cc26x0-cc13x0/sensortag/cc2650/obj/cc26xx-uart.o
                0x0000000000002d30                cc26xx_uart_set_input
 .text.cc26xx_uart_busy
                0x0000000000002da4       0x34 build/cc26x0-cc13x0/sensortag/cc2650/obj/cc26xx-uart.o
                0x0000000000002da4                cc26xx_uart_busy
 .text.UART0IntHandler
                0x0000000000002dd8       0x44 build/cc26x0-cc13x0/sensortag/cc2650/obj/cc26xx-uart.o
                0x0000000000002dd8                UART0IntHandler
 .text.lpm_sleep
                0x0000000000002e1c       0x18 build/cc26x0-cc13x0/sensortag/cc2650/obj/lpm.o
                0x0000000000002e1c                lpm_sleep
 .text.lpm_drop
                0x0000000000002e34      0x25c build/cc26x0-cc13x0/sensortag/cc2650/obj/lpm.o
                0x0000000000002e34                lpm_drop
 .text.lpm_register_module
                0x0000000000003090        0xc build/cc26x0-cc13x0/sensortag/cc2650/obj/lpm.o
                0x0000000000003090                lpm_register_module
 .text.lpm_unregister_module
                0x000000000000309c        0xc build/cc26x0-cc13x0/sensortag/cc2650/obj/lpm.o
                0x000000000000309c                lpm_unregister_module
 .text.lpm_init
                0x00000000000030a8       0x20 build/cc26x0-cc13x0/sensortag/cc2650/obj/lpm.o
                0x00000000000030a8                lpm_init
 .text.lpm_pin_set_default_state
                0x00000000000030c8       0x2c build/cc26x0-cc13x0/sensortag/cc2650/obj/lpm.o
                0x00000000000030c8                lpm_pin_set_default_state
 .text.GPIOIntHandler
                0x00000000000030f4       0x14 build/cc26x0-cc13x0/sensortag/cc2650/obj/gpio-interrupt.o
                0x00000000000030f4                GPIOIntHandler
 .text.gpio_hal_arch_no_port_pin_cfg_set
                0x0000000000003108       0x78 build/cc26x0-cc13x0/sensortag/cc2650/obj/gpio-hal-arch.o
                0x0000000000003108                gpio_hal_arch_no_port_pin_cfg_set
 .text.gpio_hal_arch_no_port_read_pin
                0x0000000000003180       0x24 build/cc26x0-cc13x0/sensortag/cc2650/obj/gpio-hal-arch.o
                0x0000000000003180                gpio_hal_arch_no_port_read_pin
 .text.oscillators_select_lf_xosc
                0x00000000000031a4       0x5c build/cc26x0-cc13x0/sensortag/cc2650/obj/oscillators.o
                0x00000000000031a4                oscillators_select_lf_xosc
 .text.oscillators_request_hf_xosc
                0x0000000000003200       0x30 build/cc26x0-cc13x0/sensortag/cc2650/obj/oscillators.o
                0x0000000000003200                oscillators_request_hf_xosc
 .text.oscillators_switch_to_hf_xosc
                0x0000000000003230       0x34 build/cc26x0-cc13x0/sensortag/cc2650/obj/oscillators.o
                0x0000000000003230                oscillators_switch_to_hf_xosc
 .text.oscillators_switch_to_hf_rc
                0x0000000000003264       0x44 build/cc26x0-cc13x0/sensortag/cc2650/obj/oscillators.o
                0x0000000000003264                oscillators_switch_to_hf_rc
 .text.process_thread_rf_core_process
                0x00000000000032a8       0x58 build/cc26x0-cc13x0/sensortag/cc2650/obj/rf-core.o
 .text.rf_core_is_accessible
                0x0000000000003300       0x10 build/cc26x0-cc13x0/sensortag/cc2650/obj/rf-core.o
                0x0000000000003300                rf_core_is_accessible
 .text.rf_core_send_cmd
                0x0000000000003310       0xd4 build/cc26x0-cc13x0/sensortag/cc2650/obj/rf-core.o
                0x0000000000003310                rf_core_send_cmd
 .text.rf_core_wait_cmd_done
                0x00000000000033e4       0x38 build/cc26x0-cc13x0/sensortag/cc2650/obj/rf-core.o
                0x00000000000033e4                rf_core_wait_cmd_done
 .text.rf_core_power_up
                0x000000000000341c       0xc8 build/cc26x0-cc13x0/sensortag/cc2650/obj/rf-core.o
                0x000000000000341c                rf_core_power_up
 .text.rf_core_start_rat
                0x00000000000034e4       0x84 build/cc26x0-cc13x0/sensortag/cc2650/obj/rf-core.o
                0x00000000000034e4                rf_core_start_rat
 .text.rf_core_stop_rat
                0x0000000000003568       0x98 build/cc26x0-cc13x0/sensortag/cc2650/obj/rf-core.o
                0x0000000000003568                rf_core_stop_rat
 .text.rf_core_power_down
                0x0000000000003600      0x104 build/cc26x0-cc13x0/sensortag/cc2650/obj/rf-core.o
                0x0000000000003600                rf_core_power_down
 .text.rf_core_set_modesel
                0x0000000000003704       0x4c build/cc26x0-cc13x0/sensortag/cc2650/obj/rf-core.o
                0x0000000000003704                rf_core_set_modesel
 .text.rf_core_boot
                0x0000000000003750       0x1c build/cc26x0-cc13x0/sensortag/cc2650/obj/rf-core.o
                0x0000000000003750                rf_core_boot
 .text.rf_core_restart_rat
                0x000000000000376c       0x18 build/cc26x0-cc13x0/sensortag/cc2650/obj/rf-core.o
                0x000000000000376c                rf_core_restart_rat
 .text.rf_core_setup_interrupts
                0x0000000000003784       0x7c build/cc26x0-cc13x0/sensortag/cc2650/obj/rf-core.o
                0x0000000000003784                rf_core_setup_interrupts
 .text.rf_core_cmd_done_en
                0x0000000000003800       0x3c build/cc26x0-cc13x0/sensortag/cc2650/obj/rf-core.o
                0x0000000000003800                rf_core_cmd_done_en
 .text.rf_core_cmd_done_dis
                0x000000000000383c       0x20 build/cc26x0-cc13x0/sensortag/cc2650/obj/rf-core.o
                0x000000000000383c                rf_core_cmd_done_dis
 .text.rf_core_get_last_radio_op
                0x000000000000385c        0xc build/cc26x0-cc13x0/sensortag/cc2650/obj/rf-core.o
                0x000000000000385c                rf_core_get_last_radio_op
 .text.rf_core_init_radio_op
                0x0000000000003868       0x20 build/cc26x0-cc13x0/sensortag/cc2650/obj/rf-core.o
                0x0000000000003868                rf_core_init_radio_op
 .text.rf_core_primary_mode_register
                0x0000000000003888        0xc build/cc26x0-cc13x0/sensortag/cc2650/obj/rf-core.o
                0x0000000000003888                rf_core_primary_mode_register
 .text.rf_core_rat_init
                0x0000000000003894       0x2c build/cc26x0-cc13x0/sensortag/cc2650/obj/rf-core.o
                0x0000000000003894                rf_core_rat_init
 .text.rf_core_check_rat_overflow
                0x00000000000038c0       0x70 build/cc26x0-cc13x0/sensortag/cc2650/obj/rf-core.o
                0x00000000000038c0                rf_core_check_rat_overflow
 .text.rat_overflow_check_timer_cb
                0x0000000000003930       0x60 build/cc26x0-cc13x0/sensortag/cc2650/obj/rf-core.o
 .text.rf_core_convert_rat_to_rtimer
                0x0000000000003990       0x98 build/cc26x0-cc13x0/sensortag/cc2650/obj/rf-core.o
                0x0000000000003990                rf_core_convert_rat_to_rtimer
 .text.RFCCPE1IntHandler
                0x0000000000003a28       0x54 build/cc26x0-cc13x0/sensortag/cc2650/obj/rf-core.o
                0x0000000000003a28                RFCCPE1IntHandler
 .text.RFCCPE0IntHandler
                0x0000000000003a7c       0x54 build/cc26x0-cc13x0/sensortag/cc2650/obj/rf-core.o
                0x0000000000003a7c                RFCCPE0IntHandler
 .text.rf_ble_is_active
                0x0000000000003ad0        0xc build/cc26x0-cc13x0/sensortag/cc2650/obj/rf-ble.o
                0x0000000000003ad0                rf_ble_is_active
 .text.rf_is_on
                0x0000000000003adc       0x1c build/cc26x0-cc13x0/sensortag/cc2650/obj/ieee-mode.o
 .text.prepare  0x0000000000003af8       0x1c build/cc26x0-cc13x0/sensortag/cc2650/obj/ieee-mode.o
 .text.rf_radio_setup
                0x0000000000003b14       0x60 build/cc26x0-cc13x0/sensortag/cc2650/obj/ieee-mode.o
 .text.pending_packet
                0x0000000000003b74       0x48 build/cc26x0-cc13x0/sensortag/cc2650/obj/ieee-mode.o
 .text.soft_off
                0x0000000000003bbc       0x44 build/cc26x0-cc13x0/sensortag/cc2650/obj/ieee-mode.o
 .text.get_object
                0x0000000000003c00       0x44 build/cc26x0-cc13x0/sensortag/cc2650/obj/ieee-mode.o
 .text.transmitting.part.0
                0x0000000000003c44       0x4c build/cc26x0-cc13x0/sensortag/cc2650/obj/ieee-mode.o
 .text.get_cca_info.part.0
                0x0000000000003c90       0x54 build/cc26x0-cc13x0/sensortag/cc2650/obj/ieee-mode.o
 .text.read_frame
                0x0000000000003ce4       0xec build/cc26x0-cc13x0/sensortag/cc2650/obj/ieee-mode.o
 .text.rx_off.part.0
                0x0000000000003dd0       0x7c build/cc26x0-cc13x0/sensortag/cc2650/obj/ieee-mode.o
 .text.request  0x0000000000003e4c       0x20 build/cc26x0-cc13x0/sensortag/cc2650/obj/ieee-mode.o
 .text.rx_on    0x0000000000003e6c       0x5c build/cc26x0-cc13x0/sensortag/cc2650/obj/ieee-mode.o
 .text.soft_on  0x0000000000003ec8       0x18 build/cc26x0-cc13x0/sensortag/cc2650/obj/ieee-mode.o
 .text.off.part.0
                0x0000000000003ee0       0x88 build/cc26x0-cc13x0/sensortag/cc2650/obj/ieee-mode.o
 .text.off      0x0000000000003f68       0x14 build/cc26x0-cc13x0/sensortag/cc2650/obj/ieee-mode.o
 .text.on       0x0000000000003f7c       0xa0 build/cc26x0-cc13x0/sensortag/cc2650/obj/ieee-mode.o
 .text.init     0x000000000000401c      0x118 build/cc26x0-cc13x0/sensortag/cc2650/obj/ieee-mode.o
 .text.channel_clear
                0x0000000000004134       0xa4 build/cc26x0-cc13x0/sensortag/cc2650/obj/ieee-mode.o
 .text.transmit.part.0
                0x00000000000041d8      0x104 build/cc26x0-cc13x0/sensortag/cc2650/obj/ieee-mode.o
 .text.transmit
                0x00000000000042dc        0xc build/cc26x0-cc13x0/sensortag/cc2650/obj/ieee-mode.o
 .text.send     0x00000000000042e8       0x24 build/cc26x0-cc13x0/sensortag/cc2650/obj/ieee-mode.o
 .text.receiving_packet
                0x000000000000430c       0x48 build/cc26x0-cc13x0/sensortag/cc2650/obj/ieee-mode.o
 .text.set_object
                0x0000000000004354       0x70 build/cc26x0-cc13x0/sensortag/cc2650/obj/ieee-mode.o
 .text.set_value
                0x00000000000043c4      0x19c build/cc26x0-cc13x0/sensortag/cc2650/obj/ieee-mode.o
 .text.get_value
                0x0000000000004560      0x1c8 build/cc26x0-cc13x0/sensortag/cc2650/obj/ieee-mode.o
 .text.random_rand
                0x0000000000004728        0xc build/cc26x0-cc13x0/sensortag/cc2650/obj/random.o
                0x0000000000004728                random_rand
 .text.random_init
                0x0000000000004734        0x4 build/cc26x0-cc13x0/sensortag/cc2650/obj/random.o
                0x0000000000004734                random_init
 .text.power_up
                0x0000000000004738       0x44 build/cc26x0-cc13x0/sensortag/cc2650/obj/soc-trng.o
 .text.request  0x000000000000477c       0x14 build/cc26x0-cc13x0/sensortag/cc2650/obj/soc-trng.o
 .text.process_thread_soc_trng_process
                0x0000000000004790       0x8c build/cc26x0-cc13x0/sensortag/cc2650/obj/soc-trng.o
 .text.soc_trng_rand_synchronous
                0x000000000000481c       0xd0 build/cc26x0-cc13x0/sensortag/cc2650/obj/soc-trng.o
                0x000000000000481c                soc_trng_rand_synchronous
 .text.TRNGIntHandler
                0x00000000000048ec       0x54 build/cc26x0-cc13x0/sensortag/cc2650/obj/soc-trng.o
                0x00000000000048ec                TRNGIntHandler
 .text.soc_trng_init
                0x0000000000004940       0x28 build/cc26x0-cc13x0/sensortag/cc2650/obj/soc-trng.o
                0x0000000000004940                soc_trng_init
 .text.int_master_read_and_disable
                0x0000000000004968       0x10 build/cc26x0-cc13x0/sensortag/cc2650/obj/int-master.o
                0x0000000000004968                int_master_read_and_disable
 .text.int_master_status_set
                0x0000000000004978        0x8 build/cc26x0-cc13x0/sensortag/cc2650/obj/int-master.o
                0x0000000000004978                int_master_status_set
 .text.spi_arch_has_lock
                0x0000000000004980       0x18 build/cc26x0-cc13x0/sensortag/cc2650/obj/spi-arch.o
                0x0000000000004980                spi_arch_has_lock
 .text.spi_arch_lock_and_open
                0x0000000000004998      0x154 build/cc26x0-cc13x0/sensortag/cc2650/obj/spi-arch.o
                0x0000000000004998                spi_arch_lock_and_open
 .text.spi_arch_close_and_unlock
                0x0000000000004aec       0xac build/cc26x0-cc13x0/sensortag/cc2650/obj/spi-arch.o
                0x0000000000004aec                spi_arch_close_and_unlock
 .text.spi_arch_transfer
                0x0000000000004b98       0xe0 build/cc26x0-cc13x0/sensortag/cc2650/obj/spi-arch.o
                0x0000000000004b98                spi_arch_transfer
 .text.process_thread_serial_shell_process
                0x0000000000004c78       0x5c build/cc26x0-cc13x0/sensortag/cc2650/obj/serial-shell.o
 .text.serial_shell_output
                0x0000000000004cd4        0xc build/cc26x0-cc13x0/sensortag/cc2650/obj/serial-shell.o
 .text.serial_shell_init
                0x0000000000004ce0        0xc build/cc26x0-cc13x0/sensortag/cc2650/obj/serial-shell.o
                0x0000000000004ce0                serial_shell_init
 .text.shell_output_lladdr.part.0
                0x0000000000004cec       0x6c build/cc26x0-cc13x0/sensortag/cc2650/obj/shell.o
 .text.shell_output_lladdr
                0x0000000000004d58       0x24 build/cc26x0-cc13x0/sensortag/cc2650/obj/shell.o
                0x0000000000004d58                shell_output_lladdr
 .text.shell_input
                0x0000000000004d7c       0xcc build/cc26x0-cc13x0/sensortag/cc2650/obj/shell.o
                0x0000000000004d7c                shell_input
 .text.shell_init
                0x0000000000004e48        0x4 build/cc26x0-cc13x0/sensortag/cc2650/obj/shell.o
                0x0000000000004e48                shell_init
 .text.cmd_help
                0x0000000000004e4c       0x70 build/cc26x0-cc13x0/sensortag/cc2650/obj/shell-commands.o
 .text.cmd_macaddr
                0x0000000000004ebc       0x48 build/cc26x0-cc13x0/sensortag/cc2650/obj/shell-commands.o
 .text.shell_output_log_levels
                0x0000000000004f04       0x5c build/cc26x0-cc13x0/sensortag/cc2650/obj/shell-commands.o
 .text.cmd_log  0x0000000000004f60      0x128 build/cc26x0-cc13x0/sensortag/cc2650/obj/shell-commands.o
 .text.cmd_reboot
                0x0000000000005088       0x30 build/cc26x0-cc13x0/sensortag/cc2650/obj/shell-commands.o
 .text.shell_commands_init
                0x00000000000050b8       0x20 build/cc26x0-cc13x0/sensortag/cc2650/obj/shell-commands.o
                0x00000000000050b8                shell_commands_init
 .text.shell_command_lookup
                0x00000000000050d8       0x44 build/cc26x0-cc13x0/sensortag/cc2650/obj/shell-commands.o
                0x00000000000050d8                shell_command_lookup
 .text.process_thread_sisp_process
                0x000000000000511c      0x148 build/cc26x0-cc13x0/sensortag/cc2650/obj/sisp.o
 .text.input_callback
                0x0000000000005264      0x124 build/cc26x0-cc13x0/sensortag/cc2650/obj/sisp.o
                0x0000000000005264                input_callback
 .text.sisp_init
                0x0000000000005388       0x2c build/cc26x0-cc13x0/sensortag/cc2650/obj/sisp.o
                0x0000000000005388                sisp_init
 .text.startup.main
                0x00000000000053b4      0x194 build/cc26x0-cc13x0/sensortag/cc2650/obj/contiki-main.o
                0x00000000000053b4                main
 .text.autostart_start
                0x0000000000005548       0x18 build/cc26x0-cc13x0/sensortag/cc2650/obj/autostart.o
                0x0000000000005548                autostart_start
 .text.process_thread_ctimer_process
                0x0000000000005560       0x94 build/cc26x0-cc13x0/sensortag/cc2650/obj/ctimer.o
 .text.ctimer_init
                0x00000000000055f4       0x28 build/cc26x0-cc13x0/sensortag/cc2650/obj/ctimer.o
                0x00000000000055f4                ctimer_init
 .text.ctimer_set
                0x000000000000561c       0x4c build/cc26x0-cc13x0/sensortag/cc2650/obj/ctimer.o
                0x000000000000561c                ctimer_set
 .text.ctimer_stop
                0x0000000000005668       0x34 build/cc26x0-cc13x0/sensortag/cc2650/obj/ctimer.o
                0x0000000000005668                ctimer_stop
 .text.ctimer_expired
                0x000000000000569c       0x3c build/cc26x0-cc13x0/sensortag/cc2650/obj/ctimer.o
                0x000000000000569c                ctimer_expired
 .text.energest_init
                0x00000000000056d8        0x4 build/cc26x0-cc13x0/sensortag/cc2650/obj/energest.o
                0x00000000000056d8                energest_init
 .text.update_time.part.0
                0x00000000000056dc       0x3c build/cc26x0-cc13x0/sensortag/cc2650/obj/etimer.o
 .text.process_thread_etimer_process
                0x0000000000005718       0xd4 build/cc26x0-cc13x0/sensortag/cc2650/obj/etimer.o
 .text.add_timer
                0x00000000000057ec       0x54 build/cc26x0-cc13x0/sensortag/cc2650/obj/etimer.o
 .text.etimer_request_poll
                0x0000000000005840        0xc build/cc26x0-cc13x0/sensortag/cc2650/obj/etimer.o
                0x0000000000005840                etimer_request_poll
 .text.etimer_set
                0x000000000000584c       0x14 build/cc26x0-cc13x0/sensortag/cc2650/obj/etimer.o
                0x000000000000584c                etimer_set
 .text.etimer_reset
                0x0000000000005860       0x14 build/cc26x0-cc13x0/sensortag/cc2650/obj/etimer.o
                0x0000000000005860                etimer_reset
 .text.etimer_expired
                0x0000000000005874        0xc build/cc26x0-cc13x0/sensortag/cc2650/obj/etimer.o
                0x0000000000005874                etimer_expired
 .text.etimer_pending
                0x0000000000005880       0x10 build/cc26x0-cc13x0/sensortag/cc2650/obj/etimer.o
                0x0000000000005880                etimer_pending
 .text.etimer_next_expiration_time
                0x0000000000005890       0x14 build/cc26x0-cc13x0/sensortag/cc2650/obj/etimer.o
                0x0000000000005890                etimer_next_expiration_time
 .text.etimer_stop
                0x00000000000058a4       0x54 build/cc26x0-cc13x0/sensortag/cc2650/obj/etimer.o
                0x00000000000058a4                etimer_stop
 .text.log_lladdr
                0x00000000000058f8       0x60 build/cc26x0-cc13x0/sensortag/cc2650/obj/log.o
                0x00000000000058f8                log_lladdr
 .text.log_set_level
                0x0000000000005958       0x48 build/cc26x0-cc13x0/sensortag/cc2650/obj/log.o
                0x0000000000005958                log_set_level
 .text.log_get_level
                0x00000000000059a0       0x44 build/cc26x0-cc13x0/sensortag/cc2650/obj/log.o
                0x00000000000059a0                log_get_level
 .text.log_level_to_str
                0x00000000000059e4       0x18 build/cc26x0-cc13x0/sensortag/cc2650/obj/log.o
                0x00000000000059e4                log_level_to_str
 .text.node_id_init
                0x00000000000059fc       0x18 build/cc26x0-cc13x0/sensortag/cc2650/obj/node-id.o
                0x00000000000059fc                node_id_init
 .text.exit_process
                0x0000000000005a14       0xd8 build/cc26x0-cc13x0/sensortag/cc2650/obj/process.o
 .text.call_process.part.0
                0x0000000000005aec       0x38 build/cc26x0-cc13x0/sensortag/cc2650/obj/process.o
 .text.do_poll  0x0000000000005b24       0x5c build/cc26x0-cc13x0/sensortag/cc2650/obj/process.o
 .text.process_alloc_event
                0x0000000000005b80       0x10 build/cc26x0-cc13x0/sensortag/cc2650/obj/process.o
                0x0000000000005b80                process_alloc_event
 .text.process_start
                0x0000000000005b90       0x64 build/cc26x0-cc13x0/sensortag/cc2650/obj/process.o
                0x0000000000005b90                process_start
 .text.process_init
                0x0000000000005bf4       0x38 build/cc26x0-cc13x0/sensortag/cc2650/obj/process.o
                0x0000000000005bf4                process_init
 .text.process_run
                0x0000000000005c2c       0xd8 build/cc26x0-cc13x0/sensortag/cc2650/obj/process.o
                0x0000000000005c2c                process_run
 .text.process_nevents
                0x0000000000005d04       0x14 build/cc26x0-cc13x0/sensortag/cc2650/obj/process.o
                0x0000000000005d04                process_nevents
 .text.process_post
                0x0000000000005d18       0x4c build/cc26x0-cc13x0/sensortag/cc2650/obj/process.o
                0x0000000000005d18                process_post
 .text.process_poll
                0x0000000000005d64       0x1c build/cc26x0-cc13x0/sensortag/cc2650/obj/process.o
                0x0000000000005d64                process_poll
 .text.rtimer_init
                0x0000000000005d80        0x4 build/cc26x0-cc13x0/sensortag/cc2650/obj/rtimer.o
                0x0000000000005d80                rtimer_init
 .text.rtimer_run_next
                0x0000000000005d84       0x2c build/cc26x0-cc13x0/sensortag/cc2650/obj/rtimer.o
                0x0000000000005d84                rtimer_run_next
 .text.stack_check_init
                0x0000000000005db0       0x28 build/cc26x0-cc13x0/sensortag/cc2650/obj/stack-check.o
                0x0000000000005db0                stack_check_init
 .text.stack_check_get_usage
                0x0000000000005dd8       0x54 build/cc26x0-cc13x0/sensortag/cc2650/obj/stack-check.o
                0x0000000000005dd8                stack_check_get_usage
 .text.process_thread_stack_check_process
                0x0000000000005e2c       0xb0 build/cc26x0-cc13x0/sensortag/cc2650/obj/stack-check.o
 .text.timer_set
                0x0000000000005edc       0x10 build/cc26x0-cc13x0/sensortag/cc2650/obj/timer.o
                0x0000000000005edc                timer_set
 .text.timer_reset
                0x0000000000005eec       0x1c build/cc26x0-cc13x0/sensortag/cc2650/obj/timer.o
                0x0000000000005eec                timer_reset
 .text.timer_expired
                0x0000000000005f08       0x1c build/cc26x0-cc13x0/sensortag/cc2650/obj/timer.o
                0x0000000000005f08                timer_expired
 .text.list_init
                0x0000000000005f24        0x8 build/cc26x0-cc13x0/sensortag/cc2650/obj/list.o
                0x0000000000005f24                list_init
 .text.list_head
                0x0000000000005f2c        0x4 build/cc26x0-cc13x0/sensortag/cc2650/obj/list.o
                0x0000000000005f2c                list_head
 .text.list_add
                0x0000000000005f30       0x5c build/cc26x0-cc13x0/sensortag/cc2650/obj/list.o
                0x0000000000005f30                list_add
 .text.list_remove
                0x0000000000005f8c       0x30 build/cc26x0-cc13x0/sensortag/cc2650/obj/list.o
                0x0000000000005f8c                list_remove
 .text.list_length
                0x0000000000005fbc       0x14 build/cc26x0-cc13x0/sensortag/cc2650/obj/list.o
                0x0000000000005fbc                list_length
 .text.list_item_next
                0x0000000000005fd0        0x8 build/cc26x0-cc13x0/sensortag/cc2650/obj/list.o
                0x0000000000005fd0                list_item_next
 .text.memb_init
                0x0000000000005fd8       0x24 build/cc26x0-cc13x0/sensortag/cc2650/obj/memb.o
                0x0000000000005fd8                memb_init
 .text.memb_alloc
                0x0000000000005ffc       0x38 build/cc26x0-cc13x0/sensortag/cc2650/obj/memb.o
                0x0000000000005ffc                memb_alloc
 .text.memb_free
                0x0000000000006034       0x3c build/cc26x0-cc13x0/sensortag/cc2650/obj/memb.o
                0x0000000000006034                memb_free
 .text.memb_inmemb
                0x0000000000006070       0x1c build/cc26x0-cc13x0/sensortag/cc2650/obj/memb.o
                0x0000000000006070                memb_inmemb
 .text.ringbuf_init
                0x000000000000608c       0x10 build/cc26x0-cc13x0/sensortag/cc2650/obj/ringbuf.o
                0x000000000000608c                ringbuf_init
 .text.ringbuf_put
                0x000000000000609c       0x2c build/cc26x0-cc13x0/sensortag/cc2650/obj/ringbuf.o
                0x000000000000609c                ringbuf_put
 .text.ringbuf_get
                0x00000000000060c8       0x28 build/cc26x0-cc13x0/sensortag/cc2650/obj/ringbuf.o
                0x00000000000060c8                ringbuf_get
 .text.process_thread_sensors_process
                0x00000000000060f0       0xf4 build/cc26x0-cc13x0/sensortag/cc2650/obj/sensors.o
 .text.sensors_changed
                0x00000000000061e4       0x40 build/cc26x0-cc13x0/sensortag/cc2650/obj/sensors.o
                0x00000000000061e4                sensors_changed
 .text.duration_exceeded_callback
                0x0000000000006224       0x34 build/cc26x0-cc13x0/sensortag/cc2650/obj/button-hal.o
 .text.process_thread_button_hal_process
                0x0000000000006258       0x84 build/cc26x0-cc13x0/sensortag/cc2650/obj/button-hal.o
 .text.press_release_handler
                0x00000000000062dc       0x18 build/cc26x0-cc13x0/sensortag/cc2650/obj/button-hal.o
 .text.debounce_handler
                0x00000000000062f4       0x74 build/cc26x0-cc13x0/sensortag/cc2650/obj/button-hal.o
 .text.button_hal_init
                0x0000000000006368       0xb4 build/cc26x0-cc13x0/sensortag/cc2650/obj/button-hal.o
                0x0000000000006368                button_hal_init
 .text.gpio_hal_register_handler
                0x000000000000641c        0xc build/cc26x0-cc13x0/sensortag/cc2650/obj/gpio-hal.o
                0x000000000000641c                gpio_hal_register_handler
 .text.gpio_hal_event_handler
                0x0000000000006428       0x28 build/cc26x0-cc13x0/sensortag/cc2650/obj/gpio-hal.o
                0x0000000000006428                gpio_hal_event_handler
 .text.gpio_hal_init
                0x0000000000006450        0xc build/cc26x0-cc13x0/sensortag/cc2650/obj/gpio-hal.o
                0x0000000000006450                gpio_hal_init
 .text.leds_on  0x000000000000645c       0x5c build/cc26x0-cc13x0/sensortag/cc2650/obj/leds.o
                0x000000000000645c                leds_on
 .text.leds_off
                0x00000000000064b8       0x5c build/cc26x0-cc13x0/sensortag/cc2650/obj/leds.o
                0x00000000000064b8                leds_off
 .text.leds_init
                0x0000000000006514       0x2c build/cc26x0-cc13x0/sensortag/cc2650/obj/leds.o
                0x0000000000006514                leds_init
 .text.process_thread_serial_line_process
                0x0000000000006540       0xa8 build/cc26x0-cc13x0/sensortag/cc2650/obj/serial-line.o
 .text.serial_line_input_byte
                0x00000000000065e8       0x58 build/cc26x0-cc13x0/sensortag/cc2650/obj/serial-line.o
                0x00000000000065e8                serial_line_input_byte
 .text.serial_line_init
                0x0000000000006640       0x24 build/cc26x0-cc13x0/sensortag/cc2650/obj/serial-line.o
                0x0000000000006640                serial_line_init
 .text.spi_acquire
                0x0000000000006664       0x10 build/cc26x0-cc13x0/sensortag/cc2650/obj/spi.o
                0x0000000000006664                spi_acquire
 .text.spi_release
                0x0000000000006674       0x10 build/cc26x0-cc13x0/sensortag/cc2650/obj/spi.o
                0x0000000000006674                spi_release
 .text.spi_select
                0x0000000000006684       0x24 build/cc26x0-cc13x0/sensortag/cc2650/obj/spi.o
                0x0000000000006684                spi_select
 .text.spi_deselect
                0x00000000000066a8       0x18 build/cc26x0-cc13x0/sensortag/cc2650/obj/spi.o
                0x00000000000066a8                spi_deselect
 .text.spi_write_byte
                0x00000000000066c0       0x3c build/cc26x0-cc13x0/sensortag/cc2650/obj/spi.o
                0x00000000000066c0                spi_write_byte
 .text.spi_write
                0x00000000000066fc       0x3c build/cc26x0-cc13x0/sensortag/cc2650/obj/spi.o
                0x00000000000066fc                spi_write
 .text.spi_read
                0x0000000000006738       0x3c build/cc26x0-cc13x0/sensortag/cc2650/obj/spi.o
                0x0000000000006738                spi_read
 .text.linkaddr_copy
                0x0000000000006774        0x8 build/cc26x0-cc13x0/sensortag/cc2650/obj/linkaddr.o
                0x0000000000006774                linkaddr_copy
 .text.linkaddr_cmp
                0x000000000000677c       0x10 build/cc26x0-cc13x0/sensortag/cc2650/obj/linkaddr.o
                0x000000000000677c                linkaddr_cmp
 .text.netstack_init
                0x000000000000678c       0x24 build/cc26x0-cc13x0/sensortag/cc2650/obj/netstack.o
                0x000000000000678c                netstack_init
 .text.packetbuf_clear
                0x00000000000067b0       0x4c build/cc26x0-cc13x0/sensortag/cc2650/obj/packetbuf.o
                0x00000000000067b0                packetbuf_clear
 .text.packetbuf_copyfrom
                0x00000000000067fc       0x6c build/cc26x0-cc13x0/sensortag/cc2650/obj/packetbuf.o
                0x00000000000067fc                packetbuf_copyfrom
 .text.packetbuf_copyto
                0x0000000000006868       0x4c build/cc26x0-cc13x0/sensortag/cc2650/obj/packetbuf.o
                0x0000000000006868                packetbuf_copyto
 .text.packetbuf_hdralloc
                0x00000000000068b4       0x64 build/cc26x0-cc13x0/sensortag/cc2650/obj/packetbuf.o
                0x00000000000068b4                packetbuf_hdralloc
 .text.packetbuf_hdrreduce
                0x0000000000006918       0x2c build/cc26x0-cc13x0/sensortag/cc2650/obj/packetbuf.o
                0x0000000000006918                packetbuf_hdrreduce
 .text.packetbuf_set_datalen
                0x0000000000006944        0xc build/cc26x0-cc13x0/sensortag/cc2650/obj/packetbuf.o
                0x0000000000006944                packetbuf_set_datalen
 .text.packetbuf_dataptr
                0x0000000000006950       0x20 build/cc26x0-cc13x0/sensortag/cc2650/obj/packetbuf.o
                0x0000000000006950                packetbuf_dataptr
 .text.packetbuf_hdrptr
                0x0000000000006970        0x8 build/cc26x0-cc13x0/sensortag/cc2650/obj/packetbuf.o
                0x0000000000006970                packetbuf_hdrptr
 .text.packetbuf_datalen
                0x0000000000006978        0xc build/cc26x0-cc13x0/sensortag/cc2650/obj/packetbuf.o
                0x0000000000006978                packetbuf_datalen
 .text.packetbuf_totlen
                0x0000000000006984       0x24 build/cc26x0-cc13x0/sensortag/cc2650/obj/packetbuf.o
                0x0000000000006984                packetbuf_totlen
 .text.packetbuf_attr_copyto
                0x00000000000069a8       0x24 build/cc26x0-cc13x0/sensortag/cc2650/obj/packetbuf.o
                0x00000000000069a8                packetbuf_attr_copyto
 .text.packetbuf_attr_copyfrom
                0x00000000000069cc       0x24 build/cc26x0-cc13x0/sensortag/cc2650/obj/packetbuf.o
                0x00000000000069cc                packetbuf_attr_copyfrom
 .text.packetbuf_set_attr
                0x00000000000069f0       0x10 build/cc26x0-cc13x0/sensortag/cc2650/obj/packetbuf.o
                0x00000000000069f0                packetbuf_set_attr
 .text.packetbuf_attr
                0x0000000000006a00        0xc build/cc26x0-cc13x0/sensortag/cc2650/obj/packetbuf.o
                0x0000000000006a00                packetbuf_attr
 .text.packetbuf_set_addr
                0x0000000000006a0c       0x18 build/cc26x0-cc13x0/sensortag/cc2650/obj/packetbuf.o
                0x0000000000006a0c                packetbuf_set_addr
 .text.packetbuf_addr
                0x0000000000006a24       0x10 build/cc26x0-cc13x0/sensortag/cc2650/obj/packetbuf.o
                0x0000000000006a24                packetbuf_addr
 .text.packetbuf_holds_broadcast
                0x0000000000006a34       0x10 build/cc26x0-cc13x0/sensortag/cc2650/obj/packetbuf.o
                0x0000000000006a34                packetbuf_holds_broadcast
 .text.queuebuf_init
                0x0000000000006a44       0x1c build/cc26x0-cc13x0/sensortag/cc2650/obj/queuebuf.o
                0x0000000000006a44                queuebuf_init
 .text.queuebuf_new_from_packetbuf
                0x0000000000006a60       0x48 build/cc26x0-cc13x0/sensortag/cc2650/obj/queuebuf.o
                0x0000000000006a60                queuebuf_new_from_packetbuf
 .text.queuebuf_update_attr_from_packetbuf
                0x0000000000006aa8        0xc build/cc26x0-cc13x0/sensortag/cc2650/obj/queuebuf.o
                0x0000000000006aa8                queuebuf_update_attr_from_packetbuf
 .text.queuebuf_free
                0x0000000000006ab4       0x2c build/cc26x0-cc13x0/sensortag/cc2650/obj/queuebuf.o
                0x0000000000006ab4                queuebuf_free
 .text.queuebuf_to_packetbuf
                0x0000000000006ae0       0x30 build/cc26x0-cc13x0/sensortag/cc2650/obj/queuebuf.o
                0x0000000000006ae0                queuebuf_to_packetbuf
 .text.mac_call_sent_callback
                0x0000000000006b10       0x18 build/cc26x0-cc13x0/sensortag/cc2650/obj/mac.o
                0x0000000000006b10                mac_call_sent_callback
 .text.mac_sequence_is_duplicate
                0x0000000000006b28       0x4c build/cc26x0-cc13x0/sensortag/cc2650/obj/mac-sequence.o
                0x0000000000006b28                mac_sequence_is_duplicate
 .text.mac_sequence_register_seqno
                0x0000000000006b74       0x64 build/cc26x0-cc13x0/sensortag/cc2650/obj/mac-sequence.o
                0x0000000000006b74                mac_sequence_register_seqno
 .text.frame802154_get_pan_id
                0x0000000000006bd8        0xc build/cc26x0-cc13x0/sensortag/cc2650/obj/frame802154.o
                0x0000000000006bd8                frame802154_get_pan_id
 .text.frame802154_has_panid
                0x0000000000006be4       0xdc build/cc26x0-cc13x0/sensortag/cc2650/obj/frame802154.o
                0x0000000000006be4                frame802154_has_panid
 .text.field_len
                0x0000000000006cc0       0x8c build/cc26x0-cc13x0/sensortag/cc2650/obj/frame802154.o
 .text.frame802154_is_broadcast_addr
                0x0000000000006d4c       0x24 build/cc26x0-cc13x0/sensortag/cc2650/obj/frame802154.o
                0x0000000000006d4c                frame802154_is_broadcast_addr
 .text.frame802154_hdrlen
                0x0000000000006d70       0x34 build/cc26x0-cc13x0/sensortag/cc2650/obj/frame802154.o
                0x0000000000006d70                frame802154_hdrlen
 .text.frame802154_create_fcf
                0x0000000000006da4       0x6c build/cc26x0-cc13x0/sensortag/cc2650/obj/frame802154.o
                0x0000000000006da4                frame802154_create_fcf
 .text.frame802154_create
                0x0000000000006e10       0xb0 build/cc26x0-cc13x0/sensortag/cc2650/obj/frame802154.o
                0x0000000000006e10                frame802154_create
 .text.frame802154_parse_fcf
                0x0000000000006ec0       0x6c build/cc26x0-cc13x0/sensortag/cc2650/obj/frame802154.o
                0x0000000000006ec0                frame802154_parse_fcf
 .text.frame802154_parse
                0x0000000000006f2c      0x134 build/cc26x0-cc13x0/sensortag/cc2650/obj/frame802154.o
                0x0000000000006f2c                frame802154_parse
 .text.parse    0x0000000000007060       0xa0 build/cc26x0-cc13x0/sensortag/cc2650/obj/framer-802154.o
 .text.framer_802154_setup_params.part.0
                0x0000000000007100       0x90 build/cc26x0-cc13x0/sensortag/cc2650/obj/framer-802154.o
 .text.create_frame
                0x0000000000007190       0xe4 build/cc26x0-cc13x0/sensortag/cc2650/obj/framer-802154.o
 .text.create   0x0000000000007274        0x8 build/cc26x0-cc13x0/sensortag/cc2650/obj/framer-802154.o
 .text.hdr_length
                0x000000000000727c        0x8 build/cc26x0-cc13x0/sensortag/cc2650/obj/framer-802154.o
 .text.verify_part
                0x0000000000007284       0x70 build/cc26x0-cc13x0/sensortag/cc2650/obj/ext-flash.o
 .text.wait_ready
                0x00000000000072f4       0x64 build/cc26x0-cc13x0/sensortag/cc2650/obj/ext-flash.o
 .text.ext_flash_open
                0x0000000000007358       0x74 build/cc26x0-cc13x0/sensortag/cc2650/obj/ext-flash.o
                0x0000000000007358                ext_flash_open
 .text.ext_flash_close
                0x00000000000073cc       0x64 build/cc26x0-cc13x0/sensortag/cc2650/obj/ext-flash.o
                0x00000000000073cc                ext_flash_close
 .text.ext_flash_init
                0x0000000000007430       0x18 build/cc26x0-cc13x0/sensortag/cc2650/obj/ext-flash.o
                0x0000000000007430                ext_flash_init
 .text.SafeHapiVoid
                0x0000000000007448       0x28 build/cc26x0-cc13x0/sensortag/cc2650/obj/adi.o
                0x0000000000007448                SafeHapiVoid
 .text.NOROM_AONBatMonTemperatureGetDegC
                0x0000000000007470       0x2c build/cc26x0-cc13x0/sensortag/cc2650/obj/aon_batmon.o
                0x0000000000007470                NOROM_AONBatMonTemperatureGetDegC
 .text.NOROM_AONRTCCurrentCompareValueGet
                0x000000000000749c       0x18 build/cc26x0-cc13x0/sensortag/cc2650/obj/aon_rtc.o
                0x000000000000749c                NOROM_AONRTCCurrentCompareValueGet
 .text.NOROM_AONRTCCurrent64BitValueGet
                0x00000000000074b4       0x14 build/cc26x0-cc13x0/sensortag/cc2650/obj/aon_rtc.o
                0x00000000000074b4                NOROM_AONRTCCurrent64BitValueGet
 .text.NOROM_ChipInfo_GetChipType
                0x00000000000074c8       0x94 build/cc26x0-cc13x0/sensortag/cc2650/obj/chipinfo.o
                0x00000000000074c8                NOROM_ChipInfo_GetChipType
 .text.NOROM_ChipInfo_GetHwRevision
                0x000000000000755c       0xa8 build/cc26x0-cc13x0/sensortag/cc2650/obj/chipinfo.o
                0x000000000000755c                NOROM_ChipInfo_GetHwRevision
 .text.NOROM_ThisCodeIsBuiltForCC26xxHwRev22AndLater_HaltIfViolated
                0x0000000000007604       0x30 build/cc26x0-cc13x0/sensortag/cc2650/obj/chipinfo.o
                0x0000000000007604                NOROM_ThisCodeIsBuiltForCC26xxHwRev22AndLater_HaltIfViolated
 .text.NOROM_CPUcpsid
                0x0000000000007634        0x8 build/cc26x0-cc13x0/sensortag/cc2650/obj/cpu.o
                0x0000000000007634                NOROM_CPUcpsid
 .text.NOROM_CPUcpsie
                0x000000000000763c        0x8 build/cc26x0-cc13x0/sensortag/cc2650/obj/cpu.o
                0x000000000000763c                NOROM_CPUcpsie
 .text.NOROM_CPUdelay
                0x0000000000007644        0x8 build/cc26x0-cc13x0/sensortag/cc2650/obj/cpu.o
                0x0000000000007644                NOROM_CPUdelay
 .text.NOROM_DDI32RegWrite
                0x000000000000764c       0x2c build/cc26x0-cc13x0/sensortag/cc2650/obj/ddi.o
                0x000000000000764c                NOROM_DDI32RegWrite
 .text.NOROM_DDI16BitfieldWrite
                0x0000000000007678       0x48 build/cc26x0-cc13x0/sensortag/cc2650/obj/ddi.o
                0x0000000000007678                NOROM_DDI16BitfieldWrite
 .text.NOROM_DDI16BitfieldRead
                0x00000000000076c0       0x48 build/cc26x0-cc13x0/sensortag/cc2650/obj/ddi.o
                0x00000000000076c0                NOROM_DDI16BitfieldRead
 .text.NOROM_OSCClockSourceSet
                0x0000000000007708       0x58 build/cc26x0-cc13x0/sensortag/cc2650/obj/osc.o
                0x0000000000007708                NOROM_OSCClockSourceSet
 .text.NOROM_OSCClockSourceGet
                0x0000000000007760       0x20 build/cc26x0-cc13x0/sensortag/cc2650/obj/osc.o
                0x0000000000007760                NOROM_OSCClockSourceGet
 .text.NOROM_PowerCtrlSourceSet
                0x0000000000007780       0x30 build/cc26x0-cc13x0/sensortag/cc2650/obj/pwr_ctrl.o
                0x0000000000007780                NOROM_PowerCtrlSourceSet
 .text.TrimAfterColdResetWakeupFromShutDown
                0x00000000000077b0       0xe8 build/cc26x0-cc13x0/sensortag/cc2650/obj/setup.o
 .text.NOROM_SetupTrimDevice
                0x0000000000007898       0xac build/cc26x0-cc13x0/sensortag/cc2650/obj/setup.o
                0x0000000000007898                NOROM_SetupTrimDevice
 .text.NOROM_SetupAfterColdResetWakeupFromShutDownCfg1
                0x0000000000007944       0x74 build/cc26x0-cc13x0/sensortag/cc2650/obj/setup_rom.o
                0x0000000000007944                NOROM_SetupAfterColdResetWakeupFromShutDownCfg1
 .text.NOROM_SetupAfterColdResetWakeupFromShutDownCfg3
                0x00000000000079b8      0x194 build/cc26x0-cc13x0/sensortag/cc2650/obj/setup_rom.o
                0x00000000000079b8                NOROM_SetupAfterColdResetWakeupFromShutDownCfg3
 .text.NOROM_SetupGetTrimForAnabypassValue1
                0x0000000000007b4c       0x64 build/cc26x0-cc13x0/sensortag/cc2650/obj/setup_rom.o
                0x0000000000007b4c                NOROM_SetupGetTrimForAnabypassValue1
 .text.NOROM_SetupGetTrimForAmpcompCtrl
                0x0000000000007bb0       0x58 build/cc26x0-cc13x0/sensortag/cc2650/obj/setup_rom.o
                0x0000000000007bb0                NOROM_SetupGetTrimForAmpcompCtrl
 .text.NOROM_SetupAfterColdResetWakeupFromShutDownCfg2
                0x0000000000007c08      0x18c build/cc26x0-cc13x0/sensortag/cc2650/obj/setup_rom.o
                0x0000000000007c08                NOROM_SetupAfterColdResetWakeupFromShutDownCfg2
 .text.NOROM_SetupSetCacheModeAccordingToCcfgSetting
                0x0000000000007d94       0x5c build/cc26x0-cc13x0/sensortag/cc2650/obj/setup_rom.o
                0x0000000000007d94                NOROM_SetupSetCacheModeAccordingToCcfgSetting
 .text.NOROM_SysCtrlSetRechargeBeforePowerDown
                0x0000000000007df0      0x240 build/cc26x0-cc13x0/sensortag/cc2650/obj/sys_ctrl.o
                0x0000000000007df0                NOROM_SysCtrlSetRechargeBeforePowerDown
 .text.NOROM_SysCtrlAdjustRechargeAfterPowerDown
                0x0000000000008030       0x64 build/cc26x0-cc13x0/sensortag/cc2650/obj/sys_ctrl.o
                0x0000000000008030                NOROM_SysCtrlAdjustRechargeAfterPowerDown
 .text.NOROM_SysCtrl_DCDC_VoltageConditionalControl
                0x0000000000008094       0x78 build/cc26x0-cc13x0/sensortag/cc2650/obj/sys_ctrl.o
                0x0000000000008094                NOROM_SysCtrl_DCDC_VoltageConditionalControl
 .text.NOROM_TRNGConfigure
                0x000000000000810c       0x38 build/cc26x0-cc13x0/sensortag/cc2650/obj/trng.o
                0x000000000000810c                NOROM_TRNGConfigure
 .text.write_str
                0x0000000000008144       0x14 build/cc26x0-cc13x0/sensortag/cc2650/obj/printf.o
 .text.printf   0x0000000000008158       0x24 build/cc26x0-cc13x0/sensortag/cc2650/obj/printf.o
                0x0000000000008158                printf
 .text.buffer_str
                0x000000000000817c       0x28 build/cc26x0-cc13x0/sensortag/cc2650/obj/snprintf.o
 .text.snprintf
                0x00000000000081a4       0x38 build/cc26x0-cc13x0/sensortag/cc2650/obj/snprintf.o
                0x00000000000081a4                snprintf
 .text.fill_space
                0x00000000000081dc       0x3c build/cc26x0-cc13x0/sensortag/cc2650/obj/strformat.o
 .text.format_str_v
                0x0000000000008218      0x910 build/cc26x0-cc13x0/sensortag/cc2650/obj/strformat.o
                0x0000000000008218                format_str_v
 .text.on       0x0000000000008b28        0xc build/cc26x0-cc13x0/sensortag/cc2650/obj/csma.o
 .text.off      0x0000000000008b34        0xc build/cc26x0-cc13x0/sensortag/cc2650/obj/csma.o
 .text.max_payload
                0x0000000000008b40       0x40 build/cc26x0-cc13x0/sensortag/cc2650/obj/csma.o
 .text.send_packet
                0x0000000000008b80        0x4 build/cc26x0-cc13x0/sensortag/cc2650/obj/csma.o
 .text.input_packet
                0x0000000000008b84       0x64 build/cc26x0-cc13x0/sensortag/cc2650/obj/csma.o
 .text.init     0x0000000000008be8       0x20 build/cc26x0-cc13x0/sensortag/cc2650/obj/csma.o
 .text.tx_done  0x0000000000008c08       0xb4 build/cc26x0-cc13x0/sensortag/cc2650/obj/csma-output.o
 .text.transmit_from_queue
                0x0000000000008cbc      0x214 build/cc26x0-cc13x0/sensortag/cc2650/obj/csma-output.o
 .text.csma_output_packet
                0x0000000000008ed0      0x184 build/cc26x0-cc13x0/sensortag/cc2650/obj/csma-output.o
                0x0000000000008ed0                csma_output_packet
 .text.csma_output_init
                0x0000000000009054       0x24 build/cc26x0-cc13x0/sensortag/cc2650/obj/csma-output.o
                0x0000000000009054                csma_output_init
 .text.csma_security_create_frame
                0x0000000000009078       0x18 build/cc26x0-cc13x0/sensortag/cc2650/obj/csma-security.o
                0x0000000000009078                csma_security_create_frame
 .text.csma_security_parse_frame
                0x0000000000009090        0xc build/cc26x0-cc13x0/sensortag/cc2650/obj/csma-security.o
                0x0000000000009090                csma_security_parse_frame
 .text.init     0x000000000000909c        0xc build/cc26x0-cc13x0/sensortag/cc2650/obj/nullnet.o
 .text.output   0x00000000000090a8       0x54 build/cc26x0-cc13x0/sensortag/cc2650/obj/nullnet.o
 .text.input    0x00000000000090fc       0x3c build/cc26x0-cc13x0/sensortag/cc2650/obj/nullnet.o
 .text.nullnet_set_input_callback
                0x0000000000009138        0xc build/cc26x0-cc13x0/sensortag/cc2650/obj/nullnet.o
                0x0000000000009138                nullnet_set_input_callback
 .text.init     0x0000000000009144        0x4 build/cc26x0-cc13x0/sensortag/cc2650/obj/nullrouting.o
 .text.root_set_prefix
                0x0000000000009148        0x4 build/cc26x0-cc13x0/sensortag/cc2650/obj/nullrouting.o
 .text.root_start
                0x000000000000914c        0x4 build/cc26x0-cc13x0/sensortag/cc2650/obj/nullrouting.o
 .text.get_root_ipaddr
                0x0000000000009150        0x4 build/cc26x0-cc13x0/sensortag/cc2650/obj/nullrouting.o
 .text.get_sr_node_ipaddr
                0x0000000000009154        0x4 build/cc26x0-cc13x0/sensortag/cc2650/obj/nullrouting.o
 .text.node_has_joined
                0x0000000000009158        0x4 build/cc26x0-cc13x0/sensortag/cc2650/obj/nullrouting.o
 .text.global_repair
                0x000000000000915c        0x4 build/cc26x0-cc13x0/sensortag/cc2650/obj/nullrouting.o
 .text.ext_header_remove
                0x0000000000009160        0x4 build/cc26x0-cc13x0/sensortag/cc2650/obj/nullrouting.o
 .text.ext_header_hbh_update
                0x0000000000009164        0x4 build/cc26x0-cc13x0/sensortag/cc2650/obj/nullrouting.o
 .text.link_callback
                0x0000000000009168        0x4 build/cc26x0-cc13x0/sensortag/cc2650/obj/nullrouting.o
 .text.is_in_leaf_mode
                0x000000000000916c        0x4 build/cc26x0-cc13x0/sensortag/cc2650/obj/nullrouting.o
 .text.local_repair
                0x0000000000009170        0x4 build/cc26x0-cc13x0/sensortag/cc2650/obj/nullrouting.o
 .text.ext_header_srh_get_next_hop
                0x0000000000009174        0x4 build/cc26x0-cc13x0/sensortag/cc2650/obj/nullrouting.o
 .text.neighbor_state_changed
                0x0000000000009178        0x4 build/cc26x0-cc13x0/sensortag/cc2650/obj/nullrouting.o
 .text.drop_route
                0x000000000000917c        0x4 build/cc26x0-cc13x0/sensortag/cc2650/obj/nullrouting.o
 .text.node_is_root
                0x0000000000009180        0x4 build/cc26x0-cc13x0/sensortag/cc2650/obj/nullrouting.o
 .text.node_is_reachable
                0x0000000000009184        0x4 build/cc26x0-cc13x0/sensortag/cc2650/obj/nullrouting.o
 .text.ext_header_update
                0x0000000000009188        0x4 build/cc26x0-cc13x0/sensortag/cc2650/obj/nullrouting.o
 .text.ext_header_srh_update
                0x000000000000918c        0x4 build/cc26x0-cc13x0/sensortag/cc2650/obj/nullrouting.o
 .text.leave_network
                0x0000000000009190        0x4 build/cc26x0-cc13x0/sensortag/cc2650/obj/nullrouting.o
 .text.process_thread_sisp_app
                0x0000000000009194       0x34 sisp_app.o
 .text.exp2     0x00000000000091c8       0x10 /home/irt/IoT/gcc-arm-none-eabi-10.3-2021.10/bin/../lib/gcc/arm-none-eabi/10.3.1/../../../../arm-none-eabi/lib/thumb/v7-m/nofp/libm.a(lib_a-w_exp2.o)
                0x00000000000091c8                exp2
 .text.pow      0x00000000000091d8       0xdc /home/irt/IoT/gcc-arm-none-eabi-10.3-2021.10/bin/../lib/gcc/arm-none-eabi/10.3.1/../../../../arm-none-eabi/lib/thumb/v7-m/nofp/libm.a(lib_a-w_pow.o)
                0x00000000000091d8                pow
 .text.__ieee754_sqrt
                0x00000000000092b4      0x18c /home/irt/IoT/gcc-arm-none-eabi-10.3-2021.10/bin/../lib/gcc/arm-none-eabi/10.3.1/../../../../arm-none-eabi/lib/thumb/v7-m/nofp/libm.a(lib_a-e_sqrt.o)
                0x00000000000092b4                __ieee754_sqrt
 .text.with_errno
                0x0000000000009440       0x18 /home/irt/IoT/gcc-arm-none-eabi-10.3-2021.10/bin/../lib/gcc/arm-none-eabi/10.3.1/../../../../arm-none-eabi/lib/thumb/v7-m/nofp/libm.a(lib_a-math_err.o)
 .text.xflow    0x0000000000009458       0x30 /home/irt/IoT/gcc-arm-none-eabi-10.3-2021.10/bin/../lib/gcc/arm-none-eabi/10.3.1/../../../../arm-none-eabi/lib/thumb/v7-m/nofp/libm.a(lib_a-math_err.o)
 .text.__math_uflow
                0x0000000000009488        0xc /home/irt/IoT/gcc-arm-none-eabi-10.3-2021.10/bin/../lib/gcc/arm-none-eabi/10.3.1/../../../../arm-none-eabi/lib/thumb/v7-m/nofp/libm.a(lib_a-math_err.o)
                0x0000000000009488                __math_uflow
 .text.__math_oflow
                0x0000000000009494        0xc /home/irt/IoT/gcc-arm-none-eabi-10.3-2021.10/bin/../lib/gcc/arm-none-eabi/10.3.1/../../../../arm-none-eabi/lib/thumb/v7-m/nofp/libm.a(lib_a-math_err.o)
                0x0000000000009494                __math_oflow
 .text.fabs     0x00000000000094a0        0x8 /home/irt/IoT/gcc-arm-none-eabi-10.3-2021.10/bin/../lib/gcc/arm-none-eabi/10.3.1/../../../../arm-none-eabi/lib/thumb/v7-m/nofp/libm.a(lib_a-s_fabs.o)
                0x00000000000094a0                fabs
 .text.finite   0x00000000000094a8        0xc /home/irt/IoT/gcc-arm-none-eabi-10.3-2021.10/bin/../lib/gcc/arm-none-eabi/10.3.1/../../../../arm-none-eabi/lib/thumb/v7-m/nofp/libm.a(lib_a-s_finite.o)
                0x00000000000094a8                finite
 .text          0x00000000000094b4      0x168 /home/irt/IoT/gcc-arm-none-eabi-10.3-2021.10/bin/../lib/gcc/arm-none-eabi/10.3.1/thumb/v7-m/nofp/libgcc.a(_arm_mulsf3.o)
                0x00000000000094b4                __mulsf3
                0x00000000000094b4                __aeabi_fmul
 .text          0x000000000000961c      0x378 /home/irt/IoT/gcc-arm-none-eabi-10.3-2021.10/bin/../lib/gcc/arm-none-eabi/10.3.1/thumb/v7-m/nofp/libgcc.a(_arm_addsubdf3.o)
                0x000000000000961c                __aeabi_drsub
                0x0000000000009624                __aeabi_dsub
                0x0000000000009624                __subdf3
                0x0000000000009628                __adddf3
                0x0000000000009628                __aeabi_dadd
                0x00000000000098a0                __aeabi_ui2d
                0x00000000000098a0                __floatunsidf
                0x00000000000098c0                __floatsidf
                0x00000000000098c0                __aeabi_i2d
                0x00000000000098e4                __extendsfdf2
                0x00000000000098e4                __aeabi_f2d
                0x0000000000009928                __aeabi_ul2d
                0x0000000000009928                __floatundidf
                0x0000000000009938                __floatdidf
                0x0000000000009938                __aeabi_l2d
 .text          0x0000000000009994      0x424 /home/irt/IoT/gcc-arm-none-eabi-10.3-2021.10/bin/../lib/gcc/arm-none-eabi/10.3.1/thumb/v7-m/nofp/libgcc.a(_arm_muldivdf3.o)
                0x0000000000009994                __aeabi_dmul
                0x0000000000009994                __muldf3
                0x0000000000009be8                __aeabi_ddiv
                0x0000000000009be8                __divdf3
 .text          0x0000000000009db8      0x110 /home/irt/IoT/gcc-arm-none-eabi-10.3-2021.10/bin/../lib/gcc/arm-none-eabi/10.3.1/thumb/v7-m/nofp/libgcc.a(_arm_cmpdf2.o)
                0x0000000000009db8                __gtdf2
                0x0000000000009db8                __gedf2
                0x0000000000009dc0                __ltdf2
                0x0000000000009dc0                __ledf2
                0x0000000000009dc8                __cmpdf2
                0x0000000000009dc8                __eqdf2
                0x0000000000009dc8                __nedf2
                0x0000000000009e44                __aeabi_cdrcmple
                0x0000000000009e54                __aeabi_cdcmple
                0x0000000000009e54                __aeabi_cdcmpeq
                0x0000000000009e64                __aeabi_dcmpeq
                0x0000000000009e78                __aeabi_dcmplt
                0x0000000000009e8c                __aeabi_dcmple
                0x0000000000009ea0                __aeabi_dcmpge
                0x0000000000009eb4                __aeabi_dcmpgt
 .text          0x0000000000009ec8       0x2c /home/irt/IoT/gcc-arm-none-eabi-10.3-2021.10/bin/../lib/gcc/arm-none-eabi/10.3.1/thumb/v7-m/nofp/libgcc.a(_arm_unorddf2.o)
                0x0000000000009ec8                __aeabi_dcmpun
                0x0000000000009ec8                __unorddf2
 .text          0x0000000000009ef4       0xa0 /home/irt/IoT/gcc-arm-none-eabi-10.3-2021.10/bin/../lib/gcc/arm-none-eabi/10.3.1/thumb/v7-m/nofp/libgcc.a(_arm_truncdfsf2.o)
                0x0000000000009ef4                __aeabi_d2f
                0x0000000000009ef4                __truncdfsf2
 .text          0x0000000000009f94      0x21c /home/irt/IoT/gcc-arm-none-eabi-10.3-2021.10/bin/../lib/gcc/arm-none-eabi/10.3.1/thumb/v7-m/nofp/libgcc.a(_arm_addsubsf3.o)
                0x0000000000009f94                __aeabi_frsub
                0x0000000000009f9c                __subsf3
                0x0000000000009f9c                __aeabi_fsub
                0x0000000000009fa0                __aeabi_fadd
                0x0000000000009fa0                __addsf3
                0x000000000000a100                __aeabi_ui2f
                0x000000000000a100                __floatunsisf
                0x000000000000a108                __aeabi_i2f
                0x000000000000a108                __floatsisf
                0x000000000000a124                __floatundisf
                0x000000000000a124                __aeabi_ul2f
                0x000000000000a134                __floatdisf
                0x000000000000a134                __aeabi_l2f
 .text          0x000000000000a1b0       0x4c /home/irt/IoT/gcc-arm-none-eabi-10.3-2021.10/bin/../lib/gcc/arm-none-eabi/10.3.1/thumb/v7-m/nofp/libgcc.a(_arm_fixsfsi.o)
                0x000000000000a1b0                __fixsfsi
                0x000000000000a1b0                __aeabi_f2iz
 .text          0x000000000000a1fc       0x30 /home/irt/IoT/gcc-arm-none-eabi-10.3-2021.10/bin/../lib/gcc/arm-none-eabi/10.3.1/thumb/v7-m/nofp/libgcc.a(_aeabi_uldivmod.o)
                0x000000000000a1fc                __aeabi_uldivmod
 .text          0x000000000000a22c      0x2d4 /home/irt/IoT/gcc-arm-none-eabi-10.3-2021.10/bin/../lib/gcc/arm-none-eabi/10.3.1/thumb/v7-m/nofp/libgcc.a(_udivmoddi4.o)
                0x000000000000a22c                __udivmoddi4
 .text          0x000000000000a500        0x4 /home/irt/IoT/gcc-arm-none-eabi-10.3-2021.10/bin/../lib/gcc/arm-none-eabi/10.3.1/thumb/v7-m/nofp/libgcc.a(_dvmd_tls.o)
                0x000000000000a500                __aeabi_ldiv0
                0x000000000000a500                __aeabi_idiv0
 .text.abs      0x000000000000a504        0x8 /home/irt/IoT/gcc-arm-none-eabi-10.3-2021.10/bin/../lib/gcc/arm-none-eabi/10.3.1/../../../../arm-none-eabi/lib/thumb/v7-m/nofp/libc.a(lib_a-abs.o)
                0x000000000000a504                abs
 .text.__errno  0x000000000000a50c        0xc /home/irt/IoT/gcc-arm-none-eabi-10.3-2021.10/bin/../lib/gcc/arm-none-eabi/10.3.1/../../../../arm-none-eabi/lib/thumb/v7-m/nofp/libc.a(lib_a-errno.o)
                0x000000000000a50c                __errno
 .text.memcmp   0x000000000000a518       0x68 /home/irt/IoT/gcc-arm-none-eabi-10.3-2021.10/bin/../lib/gcc/arm-none-eabi/10.3.1/../../../../arm-none-eabi/lib/thumb/v7-m/nofp/libc.a(lib_a-memcmp.o)
                0x000000000000a518                memcmp
 .text          0x000000000000a580       0xec /home/irt/IoT/gcc-arm-none-eabi-10.3-2021.10/bin/../lib/gcc/arm-none-eabi/10.3.1/../../../../arm-none-eabi/lib/thumb/v7-m/nofp/libc.a(lib_a-memcpy.o)
                0x000000000000a580                memcpy
 .text.memset   0x000000000000a66c       0xa4 /home/irt/IoT/gcc-arm-none-eabi-10.3-2021.10/bin/../lib/gcc/arm-none-eabi/10.3.1/../../../../arm-none-eabi/lib/thumb/v7-m/nofp/libc.a(lib_a-memset.o)
                0x000000000000a66c                memset
 .text.strchr   0x000000000000a710       0xcc /home/irt/IoT/gcc-arm-none-eabi-10.3-2021.10/bin/../lib/gcc/arm-none-eabi/10.3.1/../../../../arm-none-eabi/lib/thumb/v7-m/nofp/libc.a(lib_a-strchr.o)
                0x000000000000a710                strchr
 .text          0x000000000000a7dc      0x1bc /home/irt/IoT/gcc-arm-none-eabi-10.3-2021.10/bin/../lib/gcc/arm-none-eabi/10.3.1/../../../../arm-none-eabi/lib/thumb/v7-m/nofp/libc.a(lib_a-strcmp.o)
                0x000000000000a7dc                strcmp
 .text._strtol_l.part.0
                0x000000000000a998      0x120 /home/irt/IoT/gcc-arm-none-eabi-10.3-2021.10/bin/../lib/gcc/arm-none-eabi/10.3.1/../../../../arm-none-eabi/lib/thumb/v7-m/nofp/libc.a(lib_a-strtol.o)
 .text.strtol   0x000000000000aab8       0x2c /home/irt/IoT/gcc-arm-none-eabi-10.3-2021.10/bin/../lib/gcc/arm-none-eabi/10.3.1/../../../../arm-none-eabi/lib/thumb/v7-m/nofp/libc.a(lib_a-strtol.o)
                0x000000000000aab8                strtol
 *(SORT_BY_ALIGNMENT(.rodata*))
 .rodata.platform_init_stage_three.str1.4
                0x000000000000aae4       0x5f build/cc26x0-cc13x0/sensortag/cc2650/obj/platform.o
                                         0x62 (size before relaxing)
 *fill*         0x000000000000ab43        0x1 00000000
 .rodata.leds_arch_leds
                0x000000000000ab44        0x4 build/cc26x0-cc13x0/sensortag/cc2650/obj/leds-arch.o
                0x000000000000ab44                leds_arch_leds
 .rodata.str1.4
                0x000000000000ab48       0x23 build/cc26x0-cc13x0/sensortag/cc2650/obj/board-buttons.o
 *fill*         0x000000000000ab6b        0x1 00000000
 .rodata.str1.4
                0x000000000000ab6c        0x7 build/cc26x0-cc13x0/sensortag/cc2650/obj/bmp-280-sensor.o
 *fill*         0x000000000000ab73        0x1 00000000
 .rodata.bmp_280_sensor
                0x000000000000ab74       0x10 build/cc26x0-cc13x0/sensortag/cc2650/obj/bmp-280-sensor.o
                0x000000000000ab74                bmp_280_sensor
 .rodata.str1.4
                0x000000000000ab84        0x7 build/cc26x0-cc13x0/sensortag/cc2650/obj/tmp-007-sensor.o
 *fill*         0x000000000000ab8b        0x1 00000000
 .rodata.tmp_007_sensor
                0x000000000000ab8c       0x10 build/cc26x0-cc13x0/sensortag/cc2650/obj/tmp-007-sensor.o
                0x000000000000ab8c                tmp_007_sensor
 .rodata.str1.4
                0x000000000000ab9c        0x8 build/cc26x0-cc13x0/sensortag/cc2650/obj/opt-3001-sensor.o
 .rodata.opt_3001_sensor
                0x000000000000aba4       0x10 build/cc26x0-cc13x0/sensortag/cc2650/obj/opt-3001-sensor.o
                0x000000000000aba4                opt_3001_sensor
 .rodata.str1.4
                0x000000000000abb4        0x8 build/cc26x0-cc13x0/sensortag/cc2650/obj/hdc-1000-sensor.o
 .rodata.hdc_1000_sensor
                0x000000000000abbc       0x10 build/cc26x0-cc13x0/sensortag/cc2650/obj/hdc-1000-sensor.o
                0x000000000000abbc                hdc_1000_sensor
 .rodata.str1.4
                0x000000000000abcc        0x8 build/cc26x0-cc13x0/sensortag/cc2650/obj/mpu-9250-sensor.o
 .rodata.mpu_9250_sensor
                0x000000000000abd4       0x10 build/cc26x0-cc13x0/sensortag/cc2650/obj/mpu-9250-sensor.o
                0x000000000000abd4                mpu_9250_sensor
 .rodata.str1.4
                0x000000000000abe4       0x1a build/cc26x0-cc13x0/sensortag/cc2650/obj/rf-core.o
 *fill*         0x000000000000abfe        0x2 00000000
 .rodata.ieee_mode_driver
                0x000000000000ac00       0x38 build/cc26x0-cc13x0/sensortag/cc2650/obj/ieee-mode.o
                0x000000000000ac00                ieee_mode_driver
 .rodata.mode_ieee
                0x000000000000ac38       0x10 build/cc26x0-cc13x0/sensortag/cc2650/obj/ieee-mode.o
 .rodata.output_power
                0x000000000000ac48       0x68 build/cc26x0-cc13x0/sensortag/cc2650/obj/ieee-mode.o
 .rodata.str1.4
                0x000000000000acb0       0x1b build/cc26x0-cc13x0/sensortag/cc2650/obj/soc-trng.o
 *fill*         0x000000000000accb        0x1 00000000
 .rodata.spi_controller
                0x000000000000accc       0x20 build/cc26x0-cc13x0/sensortag/cc2650/obj/spi-arch.o
 .rodata.serial_shell_output.str1.4
                0x000000000000acec        0x3 build/cc26x0-cc13x0/sensortag/cc2650/obj/serial-shell.o
 *fill*         0x000000000000acef        0x1 00000000
 .rodata.str1.4
                0x000000000000acf0       0x15 build/cc26x0-cc13x0/sensortag/cc2650/obj/serial-shell.o
 *fill*         0x000000000000ad05        0x3 00000000
 .rodata.shell_output_lladdr.part.0.str1.4
                0x000000000000ad08        0x9 build/cc26x0-cc13x0/sensortag/cc2650/obj/shell.o
 *fill*         0x000000000000ad11        0x3 00000000
 .rodata.shell_output_lladdr.str1.4
                0x000000000000ad14        0xf build/cc26x0-cc13x0/sensortag/cc2650/obj/shell.o
 *fill*         0x000000000000ad23        0x1 00000000
 .rodata.shell_input.str1.4
                0x000000000000ad24       0x3f build/cc26x0-cc13x0/sensortag/cc2650/obj/shell.o
 *fill*         0x000000000000ad63        0x1 00000000
 .rodata.cmd_help.str1.4
                0x000000000000ad64       0x15 build/cc26x0-cc13x0/sensortag/cc2650/obj/shell-commands.o
                                         0x1c (size before relaxing)
 *fill*         0x000000000000ad79        0x3 00000000
 .rodata.cmd_macaddr.str1.4
                0x000000000000ad7c       0x13 build/cc26x0-cc13x0/sensortag/cc2650/obj/shell-commands.o
                                         0x16 (size before relaxing)
 *fill*         0x000000000000ad8f        0x1 00000000
 .rodata.shell_output_log_levels.str1.4
                0x000000000000ad90       0x23 build/cc26x0-cc13x0/sensortag/cc2650/obj/shell-commands.o
 *fill*         0x000000000000adb3        0x1 00000000
 .rodata.cmd_log.str1.4
                0x000000000000adb4       0x3d build/cc26x0-cc13x0/sensortag/cc2650/obj/shell-commands.o
 *fill*         0x000000000000adf1        0x3 00000000
 .rodata.cmd_reboot.str1.4
                0x000000000000adf4        0xb build/cc26x0-cc13x0/sensortag/cc2650/obj/shell-commands.o
 *fill*         0x000000000000adff        0x1 00000000
 .rodata.str1.4
                0x000000000000ae00      0x11f build/cc26x0-cc13x0/sensortag/cc2650/obj/shell-commands.o
 *fill*         0x000000000000af1f        0x1 00000000
 .rodata.builtin_shell_commands
                0x000000000000af20       0x3c build/cc26x0-cc13x0/sensortag/cc2650/obj/shell-commands.o
                0x000000000000af20                builtin_shell_commands
 .rodata.process_thread_sisp_process.str1.4
                0x000000000000af5c       0x41 build/cc26x0-cc13x0/sensortag/cc2650/obj/sisp.o
                                         0x59 (size before relaxing)
 *fill*         0x000000000000af9d        0x3 00000000
 .rodata.input_callback.str1.4
                0x000000000000afa0       0x6c build/cc26x0-cc13x0/sensortag/cc2650/obj/sisp.o
 .rodata.str1.4
                0x000000000000b00c        0xd build/cc26x0-cc13x0/sensortag/cc2650/obj/sisp.o
 *fill*         0x000000000000b019        0x3 00000000
 .rodata.main.str1.4
                0x000000000000b01c       0xc9 build/cc26x0-cc13x0/sensortag/cc2650/obj/contiki-main.o
                                         0xe6 (size before relaxing)
 *fill*         0x000000000000b0e5        0x3 00000000
 .rodata.str1.4
                0x000000000000b0e8        0xf build/cc26x0-cc13x0/sensortag/cc2650/obj/ctimer.o
 *fill*         0x000000000000b0f7        0x1 00000000
 .rodata.str1.4
                0x000000000000b0f8        0xc build/cc26x0-cc13x0/sensortag/cc2650/obj/etimer.o
 .rodata.log_lladdr.str1.4
                0x000000000000b104       0x19 build/cc26x0-cc13x0/sensortag/cc2650/obj/log.o
 .rodata.log_set_level.str1.4
                0x000000000000b104        0x4 build/cc26x0-cc13x0/sensortag/cc2650/obj/log.o
 .rodata.log_level_to_str.str1.4
                0x000000000000b104        0x4 build/cc26x0-cc13x0/sensortag/cc2650/obj/log.o
 .rodata.str1.4
                0x000000000000b108       0x81 build/cc26x0-cc13x0/sensortag/cc2650/obj/log.o
 *fill*         0x000000000000b189        0x3 00000000
 .rodata.CSWTCH.7
                0x000000000000b18c       0x14 build/cc26x0-cc13x0/sensortag/cc2650/obj/log.o
 .rodata.process_thread_stack_check_process.str1.4
                0x000000000000b1a0       0x53 build/cc26x0-cc13x0/sensortag/cc2650/obj/stack-check.o
                                         0x63 (size before relaxing)
 *fill*         0x000000000000b1f3        0x1 00000000
 .rodata.str1.4
                0x000000000000b1f4        0xc build/cc26x0-cc13x0/sensortag/cc2650/obj/stack-check.o
 .rodata.str1.4
                0x000000000000b200        0x8 build/cc26x0-cc13x0/sensortag/cc2650/obj/sensors.o
 .rodata.str1.4
                0x000000000000b208       0x13 build/cc26x0-cc13x0/sensortag/cc2650/obj/button-hal.o
 *fill*         0x000000000000b21b        0x1 00000000
 .rodata.str1.4
                0x000000000000b21c        0xe build/cc26x0-cc13x0/sensortag/cc2650/obj/serial-line.o
 *fill*         0x000000000000b22a        0x2 00000000
 .rodata.linkaddr_null
                0x000000000000b22c        0x8 build/cc26x0-cc13x0/sensortag/cc2650/obj/linkaddr.o
                0x000000000000b22c                linkaddr_null
 .rodata.framer_802154
                0x000000000000b234        0xc build/cc26x0-cc13x0/sensortag/cc2650/obj/framer-802154.o
                0x000000000000b234                framer_802154
 .rodata.flash_spi_configuration_default
                0x000000000000b240        0xc build/cc26x0-cc13x0/sensortag/cc2650/obj/ext-flash.o
 .rodata.format_str_v.str1.4
                0x000000000000b24c       0x46 build/cc26x0-cc13x0/sensortag/cc2650/obj/strformat.o
 *fill*         0x000000000000b292        0x2 00000000
 .rodata.buffer.0
                0x000000000000b294       0x10 build/cc26x0-cc13x0/sensortag/cc2650/obj/strformat.o
 .rodata.buffer.1
                0x000000000000b2a4       0x10 build/cc26x0-cc13x0/sensortag/cc2650/obj/strformat.o
 .rodata.str1.4
                0x000000000000b2b4        0x5 build/cc26x0-cc13x0/sensortag/cc2650/obj/csma.o
 *fill*         0x000000000000b2b9        0x3 00000000
 .rodata.csma_driver
                0x000000000000b2bc       0x1c build/cc26x0-cc13x0/sensortag/cc2650/obj/csma.o
                0x000000000000b2bc                csma_driver
 .rodata.str1.4
                0x000000000000b2d8        0x8 build/cc26x0-cc13x0/sensortag/cc2650/obj/nullnet.o
 .rodata.nullnet_driver
                0x000000000000b2d8       0x10 build/cc26x0-cc13x0/sensortag/cc2650/obj/nullnet.o
                0x000000000000b2d8                nullnet_driver
 .rodata.str1.4
                0x000000000000b2e8        0xc build/cc26x0-cc13x0/sensortag/cc2650/obj/nullrouting.o
 .rodata.nullrouting_driver
                0x000000000000b2f4       0x54 build/cc26x0-cc13x0/sensortag/cc2650/obj/nullrouting.o
                0x000000000000b2f4                nullrouting_driver
 .rodata.process_thread_sisp_app.str1.4
                0x000000000000b348       0x2d sisp_app.o
 *fill*         0x000000000000b375        0x3 00000000
 .rodata.str1.4
                0x000000000000b378        0x9 sisp_app.o
 *fill*         0x000000000000b381        0x3 00000000
 .rodata.autostart_processes
                0x000000000000b384        0x8 sisp_app.o
                0x000000000000b384                autostart_processes
 .rodata._ctype_
                0x000000000000b38c      0x101 /home/irt/IoT/gcc-arm-none-eabi-10.3-2021.10/bin/../lib/gcc/arm-none-eabi/10.3.1/../../../../arm-none-eabi/lib/thumb/v7-m/nofp/libc.a(lib_a-ctype_.o)
                0x000000000000b38c                _ctype_
                0x000000000000b48d                _etext = .

.glue_7         0x000000000000b490        0x0
 .glue_7        0x000000000000b490        0x0 linker stubs
