Archive member included to satisfy reference by file (symbol)

/home/irt/IoT/gcc-arm-none-eabi-10.3-2021.10/bin/../lib/gcc/arm-none-eabi/10.3.1/../../../../arm-none-eabi/lib/thumb/v7-m/nofp/libm.a(lib_a-w_exp2.o)
                              build/cc26x0-cc13x0/sensortag/cc2650/obj/opt-3001-sensor.o (exp2)
/home/irt/IoT/gcc-arm-none-eabi-10.3-2021.10/bin/../lib/gcc/arm-none-eabi/10.3.1/../../../../arm-none-eabi/lib/thumb/v7-m/nofp/libm.a(lib_a-w_pow.o)
                              /home/irt/IoT/gcc-arm-none-eabi-10.3-2021.10/bin/../lib/gcc/arm-none-eabi/10.3.1/../../../../arm-none-eabi/lib/thumb/v7-m/nofp/libm.a(lib_a-w_exp2.o) (pow)
/home/irt/IoT/gcc-arm-none-eabi-10.3-2021.10/bin/../lib/gcc/arm-none-eabi/10.3.1/../../../../arm-none-eabi/lib/thumb/v7-m/nofp/libm.a(lib_a-e_pow.o)
                              /home/irt/IoT/gcc-arm-none-eabi-10.3-2021.10/bin/../lib/gcc/arm-none-eabi/10.3.1/../../../../arm-none-eabi/lib/thumb/v7-m/nofp/libm.a(lib_a-w_pow.o) (__ieee754_pow)
/home/irt/IoT/gcc-arm-none-eabi-10.3-2021.10/bin/../lib/gcc/arm-none-eabi/10.3.1/../../../../arm-none-eabi/lib/thumb/v7-m/nofp/libm.a(lib_a-e_sqrt.o)
                              /home/irt/IoT/gcc-arm-none-eabi-10.3-2021.10/bin/../lib/gcc/arm-none-eabi/10.3.1/../../../../arm-none-eabi/lib/thumb/v7-m/nofp/libm.a(lib_a-e_pow.o) (__ieee754_sqrt)
/home/irt/IoT/gcc-arm-none-eabi-10.3-2021.10/bin/../lib/gcc/arm-none-eabi/10.3.1/../../../../arm-none-eabi/lib/thumb/v7-m/nofp/libm.a(lib_a-math_err.o)
                              /home/irt/IoT/gcc-arm-none-eabi-10.3-2021.10/bin/../lib/gcc/arm-none-eabi/10.3.1/../../../../arm-none-eabi/lib/thumb/v7-m/nofp/libm.a(lib_a-e_pow.o) (__math_uflow)
/home/irt/IoT/gcc-arm-none-eabi-10.3-2021.10/bin/../lib/gcc/arm-none-eabi/10.3.1/../../../../arm-none-eabi/lib/thumb/v7-m/nofp/libm.a(lib_a-s_fabs.o)
                              /home/irt/IoT/gcc-arm-none-eabi-10.3-2021.10/bin/../lib/gcc/arm-none-eabi/10.3.1/../../../../arm-none-eabi/lib/thumb/v7-m/nofp/libm.a(lib_a-e_pow.o) (fabs)
/home/irt/IoT/gcc-arm-none-eabi-10.3-2021.10/bin/../lib/gcc/arm-none-eabi/10.3.1/../../../../arm-none-eabi/lib/thumb/v7-m/nofp/libm.a(lib_a-s_finite.o)
                              /home/irt/IoT/gcc-arm-none-eabi-10.3-2021.10/bin/../lib/gcc/arm-none-eabi/10.3.1/../../../../arm-none-eabi/lib/thumb/v7-m/nofp/libm.a(lib_a-w_pow.o) (finite)
/home/irt/IoT/gcc-arm-none-eabi-10.3-2021.10/bin/../lib/gcc/arm-none-eabi/10.3.1/../../../../arm-none-eabi/lib/thumb/v7-m/nofp/libm.a(lib_a-s_scalbn.o)
                              /home/irt/IoT/gcc-arm-none-eabi-10.3-2021.10/bin/../lib/gcc/arm-none-eabi/10.3.1/../../../../arm-none-eabi/lib/thumb/v7-m/nofp/libm.a(lib_a-e_pow.o) (scalbn)
/home/irt/IoT/gcc-arm-none-eabi-10.3-2021.10/bin/../lib/gcc/arm-none-eabi/10.3.1/thumb/v7-m/nofp/libgcc.a(_arm_muldf3.o)
                              build/cc26x0-cc13x0/sensortag/cc2650/obj/opt-3001-sensor.o (__aeabi_dmul)
/home/irt/IoT/gcc-arm-none-eabi-10.3-2021.10/bin/../lib/gcc/arm-none-eabi/10.3.1/thumb/v7-m/nofp/libgcc.a(_arm_mulsf3.o)
                              build/cc26x0-cc13x0/sensortag/cc2650/obj/tmp-007-sensor.o (__aeabi_fmul)
/home/irt/IoT/gcc-arm-none-eabi-10.3-2021.10/bin/../lib/gcc/arm-none-eabi/10.3.1/thumb/v7-m/nofp/libgcc.a(_arm_addsubdf3.o)
                              build/cc26x0-cc13x0/sensortag/cc2650/obj/hdc-1000-sensor.o (__aeabi_dsub)
/home/irt/IoT/gcc-arm-none-eabi-10.3-2021.10/bin/../lib/gcc/arm-none-eabi/10.3.1/thumb/v7-m/nofp/libgcc.a(_arm_muldivdf3.o)
                              build/cc26x0-cc13x0/sensortag/cc2650/obj/mpu-9250-sensor.o (__aeabi_ddiv)
/home/irt/IoT/gcc-arm-none-eabi-10.3-2021.10/bin/../lib/gcc/arm-none-eabi/10.3.1/thumb/v7-m/nofp/libgcc.a(_arm_cmpdf2.o)
                              /home/irt/IoT/gcc-arm-none-eabi-10.3-2021.10/bin/../lib/gcc/arm-none-eabi/10.3.1/../../../../arm-none-eabi/lib/thumb/v7-m/nofp/libm.a(lib_a-w_pow.o) (__aeabi_dcmpeq)
/home/irt/IoT/gcc-arm-none-eabi-10.3-2021.10/bin/../lib/gcc/arm-none-eabi/10.3.1/thumb/v7-m/nofp/libgcc.a(_arm_unorddf2.o)
                              /home/irt/IoT/gcc-arm-none-eabi-10.3-2021.10/bin/../lib/gcc/arm-none-eabi/10.3.1/../../../../arm-none-eabi/lib/thumb/v7-m/nofp/libm.a(lib_a-w_pow.o) (__aeabi_dcmpun)
/home/irt/IoT/gcc-arm-none-eabi-10.3-2021.10/bin/../lib/gcc/arm-none-eabi/10.3.1/thumb/v7-m/nofp/libgcc.a(_arm_fixunsdfsi.o)
                              build/cc26x0-cc13x0/sensortag/cc2650/obj/ble-hal-cc26xx.o (__aeabi_d2uiz)
/home/irt/IoT/gcc-arm-none-eabi-10.3-2021.10/bin/../lib/gcc/arm-none-eabi/10.3.1/thumb/v7-m/nofp/libgcc.a(_arm_truncdfsf2.o)
                              build/cc26x0-cc13x0/sensortag/cc2650/obj/opt-3001-sensor.o (__aeabi_d2f)
/home/irt/IoT/gcc-arm-none-eabi-10.3-2021.10/bin/../lib/gcc/arm-none-eabi/10.3.1/thumb/v7-m/nofp/libgcc.a(_arm_addsubsf3.o)
                              build/cc26x0-cc13x0/sensortag/cc2650/obj/tmp-007-sensor.o (__aeabi_i2f)
[...]
Memory Configuration

Name             Origin             Length             Attributes
FLASH            0x0000000000000000 0x000000000001ffa8 xr
FLASH_CCFG       0x000000000001ffa8 0x0000000000000058 xr
SRAM             0x0000000020000000 0x0000000000005000 xrw
GPRAM            0x0000000011000000 0x0000000000002000 xrw
*default*        0x0000000000000000 0xffffffffffffffff

Linker script and memory map

LOAD build/cc26x0-cc13x0/sensortag/cc2650/obj/fault-handlers.o
LOAD build/cc26x0-cc13x0/sensortag/cc2650/obj/ccfg.o
LOAD build/cc26x0-cc13x0/sensortag/cc2650/obj/startup_gcc.o
LOAD build/cc26x0-cc13x0/sensortag/cc2650/obj/platform.o
LOAD build/cc26x0-cc13x0/sensortag/cc2650/obj/leds-arch.o
LOAD build/cc26x0-cc13x0/sensortag/cc2650/obj/sensortag-sensors.o
LOAD build/cc26x0-cc13x0/sensortag/cc2650/obj/board-buttons.o
LOAD build/cc26x0-cc13x0/sensortag/cc2650/obj/sensor-common.o
LOAD build/cc26x0-cc13x0/sensortag/cc2650/obj/bmp-280-sensor.o
LOAD build/cc26x0-cc13x0/sensortag/cc2650/obj/tmp-007-sensor.o
LOAD build/cc26x0-cc13x0/sensortag/cc2650/obj/opt-3001-sensor.o
LOAD build/cc26x0-cc13x0/sensortag/cc2650/obj/hdc-1000-sensor.o
LOAD build/cc26x0-cc13x0/sensortag/cc2650/obj/mpu-9250-sensor.o
LOAD build/cc26x0-cc13x0/sensortag/cc2650/obj/xmem.o
LOAD build/cc26x0-cc13x0/sensortag/cc2650/obj/buzzer.o
LOAD build/cc26x0-cc13x0/sensortag/cc2650/obj/board.o
LOAD build/cc26x0-cc13x0/sensortag/cc2650/obj/board-i2c.o
LOAD build/cc26x0-cc13x0/sensortag/cc2650/obj/clock.o
LOAD build/cc26x0-cc13x0/sensortag/cc2650/obj/rtimer-arch.o
LOAD build/cc26x0-cc13x0/sensortag/cc2650/obj/soc-rtc.o
LOAD build/cc26x0-cc13x0/sensortag/cc2650/obj/uart.o
LOAD build/cc26x0-cc13x0/sensortag/cc2650/obj/contiki-watchdog.o
LOAD build/cc26x0-cc13x0/sensortag/cc2650/obj/aux-ctrl.o
LOAD build/cc26x0-cc13x0/sensortag/cc2650/obj/dbg.o
LOAD build/cc26x0-cc13x0/sensortag/cc2650/obj/ieee-addr.o
LOAD build/cc26x0-cc13x0/sensortag/cc2650/obj/batmon-sensor.o
LOAD build/cc26x0-cc13x0/sensortag/cc2650/obj/adc-sensor.o
LOAD build/cc26x0-cc13x0/sensortag/cc2650/obj/slip-arch.o
LOAD build/cc26x0-cc13x0/sensortag/cc2650/obj/slip.o
LOAD build/cc26x0-cc13x0/sensortag/cc2650/obj/cc26xx-uart.o
LOAD build/cc26x0-cc13x0/sensortag/cc2650/obj/lpm.o
LOAD build/cc26x0-cc13x0/sensortag/cc2650/obj/gpio-interrupt.o
LOAD build/cc26x0-cc13x0/sensortag/cc2650/obj/gpio-hal-arch.o
LOAD build/cc26x0-cc13x0/sensortag/cc2650/obj/oscillators.o
LOAD build/cc26x0-cc13x0/sensortag/cc2650/obj/rf-core.o
LOAD build/cc26x0-cc13x0/sensortag/cc2650/obj/rf-ble.o
LOAD build/cc26x0-cc13x0/sensortag/cc2650/obj/ieee-mode.o
LOAD build/cc26x0-cc13x0/sensortag/cc2650/obj/ble-cc2650.o
LOAD build/cc26x0-cc13x0/sensortag/cc2650/obj/ble-hal-cc26xx.o
LOAD build/cc26x0-cc13x0/sensortag/cc2650/obj/ble-addr.o
LOAD build/cc26x0-cc13x0/sensortag/cc2650/obj/rf-ble-cmd.o
LOAD build/cc26x0-cc13x0/sensortag/cc2650/obj/random.o
LOAD build/cc26x0-cc13x0/sensortag/cc2650/obj/soc-trng.o
LOAD build/cc26x0-cc13x0/sensortag/cc2650/obj/int-master.o
LOAD build/cc26x0-cc13x0/sensortag/cc2650/obj/spi-arch.o
LOAD build/cc26x0-cc13x0/sensortag/cc2650/obj/cc26xx-aes.o
LOAD build/cc26x0-cc13x0/sensortag/cc2650/obj/serial-shell.o
LOAD build/cc26x0-cc13x0/sensortag/cc2650/obj/shell.o
LOAD build/cc26x0-cc13x0/sensortag/cc2650/obj/shell-commands.o
LOAD build/cc26x0-cc13x0/sensortag/cc2650/obj/sisp.o
LOAD build/cc26x0-cc13x0/sensortag/cc2650/obj/esmrf.o
LOAD build/cc26x0-cc13x0/sensortag/cc2650/obj/mpl.o
LOAD build/cc26x0-cc13x0/sensortag/cc2650/obj/roll-tm.o
LOAD build/cc26x0-cc13x0/sensortag/cc2650/obj/smrf.o
LOAD build/cc26x0-cc13x0/sensortag/cc2650/obj/uip-mcast6-route.o
LOAD build/cc26x0-cc13x0/sensortag/cc2650/obj/uip-mcast6-stats.o
LOAD build/cc26x0-cc13x0/sensortag/cc2650/obj/contiki-main.o
LOAD build/cc26x0-cc13x0/sensortag/cc2650/obj/atomic.o
LOAD build/cc26x0-cc13x0/sensortag/cc2650/obj/autostart.o
LOAD build/cc26x0-cc13x0/sensortag/cc2650/obj/compower.o
LOAD build/cc26x0-cc13x0/sensortag/cc2650/obj/ctimer.o
LOAD build/cc26x0-cc13x0/sensortag/cc2650/obj/energest.o
LOAD build/cc26x0-cc13x0/sensortag/cc2650/obj/etimer.o
LOAD build/cc26x0-cc13x0/sensortag/cc2650/obj/log.o
LOAD build/cc26x0-cc13x0/sensortag/cc2650/obj/mutex.o
LOAD build/cc26x0-cc13x0/sensortag/cc2650/obj/node-id.o
LOAD build/cc26x0-cc13x0/sensortag/cc2650/obj/process.o
LOAD build/cc26x0-cc13x0/sensortag/cc2650/obj/rtimer.o
LOAD build/cc26x0-cc13x0/sensortag/cc2650/obj/stack-check.o
LOAD build/cc26x0-cc13x0/sensortag/cc2650/obj/stimer.o
LOAD build/cc26x0-cc13x0/sensortag/cc2650/obj/timer.o
LOAD build/cc26x0-cc13x0/sensortag/cc2650/obj/aes-128.o
LOAD build/cc26x0-cc13x0/sensortag/cc2650/obj/assert.o
LOAD build/cc26x0-cc13x0/sensortag/cc2650/obj/ccm-star.o
LOAD build/cc26x0-cc13x0/sensortag/cc2650/obj/circular-list.o
LOAD build/cc26x0-cc13x0/sensortag/cc2650/obj/crc16.o
LOAD build/cc26x0-cc13x0/sensortag/cc2650/obj/dbl-circ-list.o
LOAD build/cc26x0-cc13x0/sensortag/cc2650/obj/dbl-list.o
LOAD build/cc26x0-cc13x0/sensortag/cc2650/obj/heapmem.o
LOAD build/cc26x0-cc13x0/sensortag/cc2650/obj/hexconv.o
LOAD build/cc26x0-cc13x0/sensortag/cc2650/obj/ifft.o
LOAD build/cc26x0-cc13x0/sensortag/cc2650/obj/list.o
LOAD build/cc26x0-cc13x0/sensortag/cc2650/obj/memb.o
LOAD build/cc26x0-cc13x0/sensortag/cc2650/obj/ringbuf.o
LOAD build/cc26x0-cc13x0/sensortag/cc2650/obj/ringbufindex.o
LOAD build/cc26x0-cc13x0/sensortag/cc2650/obj/sensors.o
LOAD build/cc26x0-cc13x0/sensortag/cc2650/obj/trickle-timer.o
LOAD build/cc26x0-cc13x0/sensortag/cc2650/obj/button-hal.o
LOAD build/cc26x0-cc13x0/sensortag/cc2650/obj/gpio-hal.o
LOAD build/cc26x0-cc13x0/sensortag/cc2650/obj/leds.o
LOAD build/cc26x0-cc13x0/sensortag/cc2650/obj/nullradio.o
LOAD build/cc26x0-cc13x0/sensortag/cc2650/obj/serial-line.o
LOAD build/cc26x0-cc13x0/sensortag/cc2650/obj/spi.o
LOAD build/cc26x0-cc13x0/sensortag/cc2650/obj/linkaddr.o
LOAD build/cc26x0-cc13x0/sensortag/cc2650/obj/link-stats.o
LOAD build/cc26x0-cc13x0/sensortag/cc2650/obj/nbr-table.o
LOAD build/cc26x0-cc13x0/sensortag/cc2650/obj/net-debug.o
LOAD build/cc26x0-cc13x0/sensortag/cc2650/obj/netstack.o
LOAD build/cc26x0-cc13x0/sensortag/cc2650/obj/packetbuf.o
LOAD build/cc26x0-cc13x0/sensortag/cc2650/obj/queuebuf.o
LOAD build/cc26x0-cc13x0/sensortag/cc2650/obj/mac.o
LOAD build/cc26x0-cc13x0/sensortag/cc2650/obj/mac-sequence.o
LOAD build/cc26x0-cc13x0/sensortag/cc2650/obj/frame802154.o
LOAD build/cc26x0-cc13x0/sensortag/cc2650/obj/frame802154e-ie.o
LOAD build/cc26x0-cc13x0/sensortag/cc2650/obj/framer-802154.o
LOAD build/cc26x0-cc13x0/sensortag/cc2650/obj/nullframer.o
LOAD build/cc26x0-cc13x0/sensortag/cc2650/obj/ext-flash.o
LOAD build/cc26x0-cc13x0/sensortag/cc2650/obj/adi.o
LOAD build/cc26x0-cc13x0/sensortag/cc2650/obj/aon_batmon.o
LOAD build/cc26x0-cc13x0/sensortag/cc2650/obj/aon_event.o
LOAD build/cc26x0-cc13x0/sensortag/cc2650/obj/aon_ioc.o
LOAD build/cc26x0-cc13x0/sensortag/cc2650/obj/aon_rtc.o
LOAD build/cc26x0-cc13x0/sensortag/cc2650/obj/aon_wuc.o
LOAD build/cc26x0-cc13x0/sensortag/cc2650/obj/aux_adc.o
LOAD build/cc26x0-cc13x0/sensortag/cc2650/obj/aux_smph.o
LOAD build/cc26x0-cc13x0/sensortag/cc2650/obj/aux_tdc.o
LOAD build/cc26x0-cc13x0/sensortag/cc2650/obj/aux_timer.o
LOAD build/cc26x0-cc13x0/sensortag/cc2650/obj/aux_wuc.o
LOAD build/cc26x0-cc13x0/sensortag/cc2650/obj/ccfgread.o
LOAD build/cc26x0-cc13x0/sensortag/cc2650/obj/chipinfo.o
LOAD build/cc26x0-cc13x0/sensortag/cc2650/obj/cpu.o
LOAD build/cc26x0-cc13x0/sensortag/cc2650/obj/crypto.o
LOAD build/cc26x0-cc13x0/sensortag/cc2650/obj/ddi.o
LOAD build/cc26x0-cc13x0/sensortag/cc2650/obj/driverlib_release.o
LOAD build/cc26x0-cc13x0/sensortag/cc2650/obj/event.o
LOAD build/cc26x0-cc13x0/sensortag/cc2650/obj/flash.o
LOAD build/cc26x0-cc13x0/sensortag/cc2650/obj/gpio.o
LOAD build/cc26x0-cc13x0/sensortag/cc2650/obj/i2c.o
LOAD build/cc26x0-cc13x0/sensortag/cc2650/obj/i2s.o
LOAD build/cc26x0-cc13x0/sensortag/cc2650/obj/interrupt.o
LOAD build/cc26x0-cc13x0/sensortag/cc2650/obj/ioc.o
LOAD build/cc26x0-cc13x0/sensortag/cc2650/obj/osc.o
LOAD build/cc26x0-cc13x0/sensortag/cc2650/obj/prcm.o
LOAD build/cc26x0-cc13x0/sensortag/cc2650/obj/pwr_ctrl.o
LOAD build/cc26x0-cc13x0/sensortag/cc2650/obj/rfc.o
LOAD build/cc26x0-cc13x0/sensortag/cc2650/obj/rom_crypto.o
LOAD build/cc26x0-cc13x0/sensortag/cc2650/obj/setup.o
LOAD build/cc26x0-cc13x0/sensortag/cc2650/obj/setup_rom.o
LOAD build/cc26x0-cc13x0/sensortag/cc2650/obj/smph.o
LOAD build/cc26x0-cc13x0/sensortag/cc2650/obj/ssi.o
LOAD build/cc26x0-cc13x0/sensortag/cc2650/obj/sys_ctrl.o
LOAD build/cc26x0-cc13x0/sensortag/cc2650/obj/systick.o
LOAD build/cc26x0-cc13x0/sensortag/cc2650/obj/trng.o
LOAD build/cc26x0-cc13x0/sensortag/cc2650/obj/udma.o
LOAD build/cc26x0-cc13x0/sensortag/cc2650/obj/vims.o
LOAD build/cc26x0-cc13x0/sensortag/cc2650/obj/watchdog.o
LOAD build/cc26x0-cc13x0/sensortag/cc2650/obj/syscalls.o
LOAD build/cc26x0-cc13x0/sensortag/cc2650/obj/printf.o
LOAD build/cc26x0-cc13x0/sensortag/cc2650/obj/putchar.o
LOAD build/cc26x0-cc13x0/sensortag/cc2650/obj/puts.o
LOAD build/cc26x0-cc13x0/sensortag/cc2650/obj/snprintf.o
LOAD build/cc26x0-cc13x0/sensortag/cc2650/obj/sprintf.o
LOAD build/cc26x0-cc13x0/sensortag/cc2650/obj/strformat.o
LOAD build/cc26x0-cc13x0/sensortag/cc2650/obj/anti-replay.o
LOAD build/cc26x0-cc13x0/sensortag/cc2650/obj/ccm-star-packetbuf.o
LOAD build/cc26x0-cc13x0/sensortag/cc2650/obj/csma.o
LOAD build/cc26x0-cc13x0/sensortag/cc2650/obj/csma-output.o
LOAD build/cc26x0-cc13x0/sensortag/cc2650/obj/csma-security.o
LOAD build/cc26x0-cc13x0/sensortag/cc2650/obj/ip64-addr.o
LOAD build/cc26x0-cc13x0/sensortag/cc2650/obj/psock.o
LOAD build/cc26x0-cc13x0/sensortag/cc2650/obj/sicslowpan.o
LOAD build/cc26x0-cc13x0/sensortag/cc2650/obj/simple-udp.o
LOAD build/cc26x0-cc13x0/sensortag/cc2650/obj/tcpip.o
LOAD build/cc26x0-cc13x0/sensortag/cc2650/obj/tcp-socket.o
LOAD build/cc26x0-cc13x0/sensortag/cc2650/obj/udp-socket.o
LOAD build/cc26x0-cc13x0/sensortag/cc2650/obj/uip6.o
LOAD build/cc26x0-cc13x0/sensortag/cc2650/obj/uipbuf.o
LOAD build/cc26x0-cc13x0/sensortag/cc2650/obj/uip-ds6.o
LOAD build/cc26x0-cc13x0/sensortag/cc2650/obj/uip-ds6-nbr.o
LOAD build/cc26x0-cc13x0/sensortag/cc2650/obj/uip-ds6-route.o
LOAD build/cc26x0-cc13x0/sensortag/cc2650/obj/uip-icmp6.o
LOAD build/cc26x0-cc13x0/sensortag/cc2650/obj/uiplib.o
LOAD build/cc26x0-cc13x0/sensortag/cc2650/obj/uip-nameserver.o
LOAD build/cc26x0-cc13x0/sensortag/cc2650/obj/uip-nd6.o
LOAD build/cc26x0-cc13x0/sensortag/cc2650/obj/uip-packetqueue.o
LOAD build/cc26x0-cc13x0/sensortag/cc2650/obj/uip-sr.o
LOAD build/cc26x0-cc13x0/sensortag/cc2650/obj/uip-udp-packet.o
LOAD build/cc26x0-cc13x0/sensortag/cc2650/obj/rpl.o
LOAD build/cc26x0-cc13x0/sensortag/cc2650/obj/rpl-dag.o
LOAD build/cc26x0-cc13x0/sensortag/cc2650/obj/rpl-dag-root.o
LOAD build/cc26x0-cc13x0/sensortag/cc2650/obj/rpl-ext-header.o
LOAD build/cc26x0-cc13x0/sensortag/cc2650/obj/rpl-icmp6.o
LOAD build/cc26x0-cc13x0/sensortag/cc2650/obj/rpl-mrhof.o
LOAD build/cc26x0-cc13x0/sensortag/cc2650/obj/rpl-nbr-policy.o
LOAD build/cc26x0-cc13x0/sensortag/cc2650/obj/rpl-neighbor.o
LOAD build/cc26x0-cc13x0/sensortag/cc2650/obj/rpl-of0.o
LOAD build/cc26x0-cc13x0/sensortag/cc2650/obj/rpl-timers.o
LOAD sisp_udp_mcast_all.o
START GROUP
LOAD /home/irt/IoT/gcc-arm-none-eabi-10.3-2021.10/bin/../lib/gcc/arm-none-eabi/10.3.1/../../../../arm-none-eabi/lib/thumb/v7-m/nofp/libm.a
END GROUP
START GROUP
LOAD /home/irt/IoT/gcc-arm-none-eabi-10.3-2021.10/bin/../lib/gcc/arm-none-eabi/10.3.1/thumb/v7-m/nofp/libgcc.a
LOAD /home/irt/IoT/gcc-arm-none-eabi-10.3-2021.10/bin/../lib/gcc/arm-none-eabi/10.3.1/../../../../arm-none-eabi/lib/thumb/v7-m/nofp/libc.a
END GROUP
                0x0000000020005000                _estack = (ORIGIN (SRAM) + LENGTH (SRAM))
                0x0000000000000000                _Min_Heap_Size = 0x0
                0x0000000000000400                _Min_Stack_Size = 0x400

.text           0x0000000000000000    0x14b25
                0x0000000000000000                _text = .
 *(SORT_BY_ALIGNMENT(.vectors))
 .vectors       0x0000000000000000       0xc8 build/cc26x0-cc13x0/sensortag/cc2650/obj/startup_gcc.o
                0x0000000000000000                g_pfnVectors
 *(SORT_BY_ALIGNMENT(.text*))
 .text.value    0x00000000000000c8       0xb0 build/cc26x0-cc13x0/sensortag/cc2650/obj/opt-3001-sensor.o
 .text.value    0x0000000000000178       0x9c build/cc26x0-cc13x0/sensortag/cc2650/obj/hdc-1000-sensor.o
 *fill*         0x0000000000000214        0x4 00000000
 .text.value    0x0000000000000218      0x1dc build/cc26x0-cc13x0/sensortag/cc2650/obj/mpu-9250-sensor.o
 *fill*         0x00000000000003f4        0x4 00000000
 .text.__ieee754_pow
                0x00000000000003f8      0xb08 /home/irt/IoT/gcc-arm-none-eabi-10.3-2021.10/bin/../lib/gcc/arm-none-eabi/10.3.1/../../../../arm-none-eabi/lib/thumb/v7-m/nofp/libm.a(lib_a-e_pow.o)
                0x00000000000003f8                __ieee754_pow
 .text.scalbn   0x0000000000000f00       0xfc /home/irt/IoT/gcc-arm-none-eabi-10.3-2021.10/bin/../lib/gcc/arm-none-eabi/10.3.1/../../../../arm-none-eabi/lib/thumb/v7-m/nofp/libm.a(lib_a-s_scalbn.o)
                0x0000000000000f00                scalbn
 .text.FaultISR
                0x0000000000000ffc       0x1c build/cc26x0-cc13x0/sensortag/cc2650/obj/fault-handlers.o
                0x0000000000000ffc                FaultISR
 .text.NmiSRHandler
                0x0000000000001018        0x4 build/cc26x0-cc13x0/sensortag/cc2650/obj/startup_gcc.o
                0x0000000000001018                NmiSR
 .text.IntDefaultHandler
                0x000000000000101c        0x4 build/cc26x0-cc13x0/sensortag/cc2650/obj/startup_gcc.o
                0x000000000000101c                SSI0IntHandler
                0x000000000000101c                SWEvent0IntHandler
                0x000000000000101c                uDMAIntHandler
                0x000000000000101c                WatchdogIntHandler
                0x000000000000101c                RFCHardwareIntHandler
                0x000000000000101c                Timer1BIntHandler
                0x000000000000101c                I2SIntHandler
                0x000000000000101c                Timer2BIntHandler
                0x000000000000101c                Timer2AIntHandler
                0x000000000000101c                Timer1AIntHandler
                0x000000000000101c                AONIntHandler
                0x000000000000101c                AUXSWEvent0IntHandler
                0x000000000000101c                AUXADCIntHandler
                0x000000000000101c                PendSVIntHandler
                0x000000000000101c                AUXSWEvent1IntHandler
                0x000000000000101c                SVCallIntHandler
                0x000000000000101c                MPUFaultIntHandler
                0x000000000000101c                SysTickIntHandler
                0x000000000000101c                BusFaultIntHandler
                0x000000000000101c                AONProgIntHandler
                0x000000000000101c                AUXCompAIntHandler
                0x000000000000101c                SSI1IntHandler
                0x000000000000101c                FlashIntHandler
                0x000000000000101c                uDMAErrIntHandler
                0x000000000000101c                UsageFaultIntHandler
                0x000000000000101c                RFCCmdAckIntHandler
                0x000000000000101c                CryptoIntHandler
                0x000000000000101c                Timer0AIntHandler
                0x000000000000101c                I2CIntHandler
                0x000000000000101c                DebugMonIntHandler
                0x000000000000101c                Timer0BIntHandler
                0x000000000000101c                AUXCombEventIntHandler
                0x000000000000101c                Timer3AIntHandler
                0x000000000000101c                DynProgIntHandler
                0x000000000000101c                Timer3BIntHandler
 .text.ResetISR
                0x0000000000001020       0x5c build/cc26x0-cc13x0/sensortag/cc2650/obj/startup_gcc.o
                0x0000000000001020                ResetISR
 .text.fade     0x000000000000107c       0x64 build/cc26x0-cc13x0/sensortag/cc2650/obj/platform.o
 .text.platform_init_stage_one
                0x00000000000010e0       0x78 build/cc26x0-cc13x0/sensortag/cc2650/obj/platform.o
                0x00000000000010e0                platform_init_stage_one
 .text.platform_init_stage_two
                0x0000000000001158       0x38 build/cc26x0-cc13x0/sensortag/cc2650/obj/platform.o
                0x0000000000001158                platform_init_stage_two
 .text.platform_init_stage_three
                0x0000000000001190       0xd8 build/cc26x0-cc13x0/sensortag/cc2650/obj/platform.o
                0x0000000000001190                platform_init_stage_three
 .text.platform_idle
                0x0000000000001268        0x4 build/cc26x0-cc13x0/sensortag/cc2650/obj/platform.o
                0x0000000000001268                platform_idle
 .text.sensor_common_read_reg
                0x000000000000126c       0x20 build/cc26x0-cc13x0/sensortag/cc2650/obj/sensor-common.o
                0x000000000000126c                sensor_common_read_reg
 .text.sensor_common_write_reg
                0x000000000000128c       0x24 build/cc26x0-cc13x0/sensortag/cc2650/obj/sensor-common.o
                0x000000000000128c                sensor_common_write_reg
 .text.sensor_common_set_error_data
                0x00000000000012b0       0x10 build/cc26x0-cc13x0/sensortag/cc2650/obj/sensor-common.o
                0x00000000000012b0                sensor_common_set_error_data
 .text.status   0x00000000000012c0       0x14 build/cc26x0-cc13x0/sensortag/cc2650/obj/bmp-280-sensor.o
 .text.notify_ready
                0x00000000000012d4       0x14 build/cc26x0-cc13x0/sensortag/cc2650/obj/bmp-280-sensor.o
 .text.value    0x00000000000012e8      0x178 build/cc26x0-cc13x0/sensortag/cc2650/obj/bmp-280-sensor.o
 .text.configure
                0x0000000000001460       0xd4 build/cc26x0-cc13x0/sensortag/cc2650/obj/bmp-280-sensor.o
 .text.status   0x0000000000001534       0x14 build/cc26x0-cc13x0/sensortag/cc2650/obj/tmp-007-sensor.o
 .text.notify_ready
                0x0000000000001548       0x14 build/cc26x0-cc13x0/sensortag/cc2650/obj/tmp-007-sensor.o
 .text.value    0x000000000000155c       0xe0 build/cc26x0-cc13x0/sensortag/cc2650/obj/tmp-007-sensor.o
 .text.configure
                0x000000000000163c       0xc4 build/cc26x0-cc13x0/sensortag/cc2650/obj/tmp-007-sensor.o
 .text.status   0x0000000000001700        0xc build/cc26x0-cc13x0/sensortag/cc2650/obj/opt-3001-sensor.o
 .text.notify_ready
                0x000000000000170c       0x54 build/cc26x0-cc13x0/sensortag/cc2650/obj/opt-3001-sensor.o
 .text.configure
                0x0000000000001760       0xb0 build/cc26x0-cc13x0/sensortag/cc2650/obj/opt-3001-sensor.o
 .text.status   0x0000000000001810       0x14 build/cc26x0-cc13x0/sensortag/cc2650/obj/hdc-1000-sensor.o
 .text.notify_ready
                0x0000000000001824       0x64 build/cc26x0-cc13x0/sensortag/cc2650/obj/hdc-1000-sensor.o
 .text.configure
                0x0000000000001888       0xc8 build/cc26x0-cc13x0/sensortag/cc2650/obj/hdc-1000-sensor.o
 .text.acc_convert
                0x0000000000001950       0x70 build/cc26x0-cc13x0/sensortag/cc2650/obj/mpu-9250-sensor.o
 .text.status   0x00000000000019c0       0x14 build/cc26x0-cc13x0/sensortag/cc2650/obj/mpu-9250-sensor.o
 .text.notify_ready
                0x00000000000019d4       0x14 build/cc26x0-cc13x0/sensortag/cc2650/obj/mpu-9250-sensor.o
 .text.sensor_sleep
                0x00000000000019e8       0x38 build/cc26x0-cc13x0/sensortag/cc2650/obj/mpu-9250-sensor.o
 .text.configure
                0x0000000000001a20       0xe8 build/cc26x0-cc13x0/sensortag/cc2650/obj/mpu-9250-sensor.o
 .text.initialise
                0x0000000000001b08      0x100 build/cc26x0-cc13x0/sensortag/cc2650/obj/mpu-9250-sensor.o
 .text.buzzer_init
                0x0000000000001c08        0xc build/cc26x0-cc13x0/sensortag/cc2650/obj/buzzer.o
                0x0000000000001c08                buzzer_init
 .text.buzzer_stop
                0x0000000000001c14       0x7c build/cc26x0-cc13x0/sensortag/cc2650/obj/buzzer.o
                0x0000000000001c14                buzzer_stop
 .text.power_domains_on
                0x0000000000001c90       0x20 build/cc26x0-cc13x0/sensortag/cc2650/obj/board.o
 .text.lpm_wakeup_handler
                0x0000000000001cb0        0x4 build/cc26x0-cc13x0/sensortag/cc2650/obj/board.o
 .text.shutdown_handler
                0x0000000000001cb4       0x6c build/cc26x0-cc13x0/sensortag/cc2650/obj/board.o
 .text.board_init
                0x0000000000001d20      0x134 build/cc26x0-cc13x0/sensortag/cc2650/obj/board.o
                0x0000000000001d20                board_init
 .text.board_i2c_wakeup
                0x0000000000001e54       0x60 build/cc26x0-cc13x0/sensortag/cc2650/obj/board-i2c.o
                0x0000000000001e54                board_i2c_wakeup
 .text.board_i2c_shutdown
                0x0000000000001eb4       0xcc build/cc26x0-cc13x0/sensortag/cc2650/obj/board-i2c.o
                0x0000000000001eb4                board_i2c_shutdown
 .text.board_i2c_write
                0x0000000000001f80      0x1a8 build/cc26x0-cc13x0/sensortag/cc2650/obj/board-i2c.o
                0x0000000000001f80                board_i2c_write
 .text.board_i2c_write_single
                0x0000000000002128       0x94 build/cc26x0-cc13x0/sensortag/cc2650/obj/board-i2c.o
                0x0000000000002128                board_i2c_write_single
 .text.board_i2c_read
                0x00000000000021bc      0x14c build/cc26x0-cc13x0/sensortag/cc2650/obj/board-i2c.o
                0x00000000000021bc                board_i2c_read
 .text.board_i2c_write_read
                0x0000000000002308      0x220 build/cc26x0-cc13x0/sensortag/cc2650/obj/board-i2c.o
                0x0000000000002308                board_i2c_write_read
 .text.board_i2c_select
                0x0000000000002528      0x108 build/cc26x0-cc13x0/sensortag/cc2650/obj/board-i2c.o
                0x0000000000002528                board_i2c_select
 .text.power_domain_on
                0x0000000000002630       0x20 build/cc26x0-cc13x0/sensortag/cc2650/obj/clock.o
 .text.clock_init
                0x0000000000002650       0x8c build/cc26x0-cc13x0/sensortag/cc2650/obj/clock.o
                0x0000000000002650                clock_init
 .text.clock_time
                0x00000000000026dc       0x20 build/cc26x0-cc13x0/sensortag/cc2650/obj/clock.o
                0x00000000000026dc                clock_time
 .text.clock_update
                0x00000000000026fc       0x28 build/cc26x0-cc13x0/sensortag/cc2650/obj/clock.o
                0x00000000000026fc                clock_update
 .text.clock_seconds
                0x0000000000002724        0xc build/cc26x0-cc13x0/sensortag/cc2650/obj/clock.o
                0x0000000000002724                clock_seconds
 .text.rtimer_arch_init
                0x0000000000002730        0x4 build/cc26x0-cc13x0/sensortag/cc2650/obj/rtimer-arch.o
                0x0000000000002730                rtimer_arch_init
 .text.rtimer_arch_schedule
                0x0000000000002734        0x8 build/cc26x0-cc13x0/sensortag/cc2650/obj/rtimer-arch.o
                0x0000000000002734                rtimer_arch_schedule
 .text.rtimer_arch_now
                0x000000000000273c        0x4 build/cc26x0-cc13x0/sensortag/cc2650/obj/rtimer-arch.o
                0x000000000000273c                rtimer_arch_now
 .text.soc_rtc_init
                0x0000000000002740       0x90 build/cc26x0-cc13x0/sensortag/cc2650/obj/soc-rtc.o
                0x0000000000002740                soc_rtc_init
 .text.soc_rtc_schedule_one_shot
                0x00000000000027d0       0x68 build/cc26x0-cc13x0/sensortag/cc2650/obj/soc-rtc.o
                0x00000000000027d0                soc_rtc_schedule_one_shot
 .text.soc_rtc_last_isr_time
                0x0000000000002838        0xc build/cc26x0-cc13x0/sensortag/cc2650/obj/soc-rtc.o
                0x0000000000002838                soc_rtc_last_isr_time
 .text.AONRTCIntHandler
                0x0000000000002844       0x78 build/cc26x0-cc13x0/sensortag/cc2650/obj/soc-rtc.o
                0x0000000000002844                AONRTCIntHandler
 .text.watchdog_init
                0x00000000000028bc       0x10 build/cc26x0-cc13x0/sensortag/cc2650/obj/contiki-watchdog.o
                0x00000000000028bc                watchdog_init
 .text.watchdog_start
                0x00000000000028cc       0x58 build/cc26x0-cc13x0/sensortag/cc2650/obj/contiki-watchdog.o
                0x00000000000028cc                watchdog_start
 .text.watchdog_periodic
                0x0000000000002924        0xc build/cc26x0-cc13x0/sensortag/cc2650/obj/contiki-watchdog.o
                0x0000000000002924                watchdog_periodic
 .text.watchdog_reboot
                0x0000000000002930        0x8 build/cc26x0-cc13x0/sensortag/cc2650/obj/contiki-watchdog.o
                0x0000000000002930                watchdog_reboot
 .text.aux_ctrl_register_consumer
                0x0000000000002938       0x60 build/cc26x0-cc13x0/sensortag/cc2650/obj/aux-ctrl.o
                0x0000000000002938                aux_ctrl_register_consumer
 .text.aux_ctrl_power_up
                0x0000000000002998       0x28 build/cc26x0-cc13x0/sensortag/cc2650/obj/aux-ctrl.o
                0x0000000000002998                aux_ctrl_power_up
 .text.aux_ctrl_power_down
                0x00000000000029c0       0x64 build/cc26x0-cc13x0/sensortag/cc2650/obj/aux-ctrl.o
                0x00000000000029c0                aux_ctrl_power_down
 .text.aux_ctrl_unregister_consumer
                0x0000000000002a24       0x28 build/cc26x0-cc13x0/sensortag/cc2650/obj/aux-ctrl.o
                0x0000000000002a24                aux_ctrl_unregister_consumer
 .text.dbg_send_bytes
                0x0000000000002a4c       0x30 build/cc26x0-cc13x0/sensortag/cc2650/obj/dbg.o
                0x0000000000002a4c                dbg_send_bytes
 .text.ieee_addr_cpy_to
                0x0000000000002a7c       0x40 build/cc26x0-cc13x0/sensortag/cc2650/obj/ieee-addr.o
                0x0000000000002a7c                ieee_addr_cpy_to
 .text.power_and_clock
                0x0000000000002abc       0x44 build/cc26x0-cc13x0/sensortag/cc2650/obj/cc26xx-uart.o
 .text.enable   0x0000000000002b00       0xc0 build/cc26x0-cc13x0/sensortag/cc2650/obj/cc26xx-uart.o
 .text.lpm_drop_handler
                0x0000000000002bc0      0x114 build/cc26x0-cc13x0/sensortag/cc2650/obj/cc26xx-uart.o
 .text.cc26xx_uart_init
                0x0000000000002cd4       0x28 build/cc26x0-cc13x0/sensortag/cc2650/obj/cc26xx-uart.o
                0x0000000000002cd4                cc26xx_uart_init
 .text.cc26xx_uart_write_byte
                0x0000000000002cfc       0x40 build/cc26x0-cc13x0/sensortag/cc2650/obj/cc26xx-uart.o
                0x0000000000002cfc                cc26xx_uart_write_byte
 .text.cc26xx_uart_set_input
                0x0000000000002d3c       0x74 build/cc26x0-cc13x0/sensortag/cc2650/obj/cc26xx-uart.o
                0x0000000000002d3c                cc26xx_uart_set_input
 .text.cc26xx_uart_busy
                0x0000000000002db0       0x34 build/cc26x0-cc13x0/sensortag/cc2650/obj/cc26xx-uart.o
                0x0000000000002db0                cc26xx_uart_busy
 .text.UART0IntHandler
                0x0000000000002de4       0x44 build/cc26x0-cc13x0/sensortag/cc2650/obj/cc26xx-uart.o
                0x0000000000002de4                UART0IntHandler
 .text.lpm_sleep
                0x0000000000002e28       0x18 build/cc26x0-cc13x0/sensortag/cc2650/obj/lpm.o
                0x0000000000002e28                lpm_sleep
 .text.lpm_drop
                0x0000000000002e40      0x25c build/cc26x0-cc13x0/sensortag/cc2650/obj/lpm.o
                0x0000000000002e40                lpm_drop
 .text.lpm_register_module
                0x000000000000309c        0xc build/cc26x0-cc13x0/sensortag/cc2650/obj/lpm.o
                0x000000000000309c                lpm_register_module
 .text.lpm_unregister_module
                0x00000000000030a8        0xc build/cc26x0-cc13x0/sensortag/cc2650/obj/lpm.o
                0x00000000000030a8                lpm_unregister_module
 .text.lpm_init
                0x00000000000030b4       0x20 build/cc26x0-cc13x0/sensortag/cc2650/obj/lpm.o
                0x00000000000030b4                lpm_init
 .text.lpm_pin_set_default_state
                0x00000000000030d4       0x2c build/cc26x0-cc13x0/sensortag/cc2650/obj/lpm.o
                0x00000000000030d4                lpm_pin_set_default_state
 .text.GPIOIntHandler
                0x0000000000003100       0x14 build/cc26x0-cc13x0/sensortag/cc2650/obj/gpio-interrupt.o
                0x0000000000003100                GPIOIntHandler
 .text.gpio_hal_arch_no_port_pin_cfg_set
                0x0000000000003114       0x78 build/cc26x0-cc13x0/sensortag/cc2650/obj/gpio-hal-arch.o
                0x0000000000003114                gpio_hal_arch_no_port_pin_cfg_set
 .text.gpio_hal_arch_no_port_read_pin
                0x000000000000318c       0x24 build/cc26x0-cc13x0/sensortag/cc2650/obj/gpio-hal-arch.o
                0x000000000000318c                gpio_hal_arch_no_port_read_pin
 .text.oscillators_select_lf_xosc
                0x00000000000031b0       0x5c build/cc26x0-cc13x0/sensortag/cc2650/obj/oscillators.o
                0x00000000000031b0                oscillators_select_lf_xosc
 .text.oscillators_request_hf_xosc
                0x000000000000320c       0x30 build/cc26x0-cc13x0/sensortag/cc2650/obj/oscillators.o
                0x000000000000320c                oscillators_request_hf_xosc
 .text.oscillators_switch_to_hf_xosc
                0x000000000000323c       0x34 build/cc26x0-cc13x0/sensortag/cc2650/obj/oscillators.o
                0x000000000000323c                oscillators_switch_to_hf_xosc
 .text.oscillators_switch_to_hf_rc
                0x0000000000003270       0x44 build/cc26x0-cc13x0/sensortag/cc2650/obj/oscillators.o
                0x0000000000003270                oscillators_switch_to_hf_rc
 .text.process_thread_rf_core_process
                0x00000000000032b4       0x58 build/cc26x0-cc13x0/sensortag/cc2650/obj/rf-core.o
 .text.rf_core_is_accessible
                0x000000000000330c       0x10 build/cc26x0-cc13x0/sensortag/cc2650/obj/rf-core.o
                0x000000000000330c                rf_core_is_accessible
 .text.rf_core_send_cmd
                0x000000000000331c       0xd4 build/cc26x0-cc13x0/sensortag/cc2650/obj/rf-core.o
                0x000000000000331c                rf_core_send_cmd
 .text.rf_core_wait_cmd_done
                0x00000000000033f0       0x38 build/cc26x0-cc13x0/sensortag/cc2650/obj/rf-core.o
                0x00000000000033f0                rf_core_wait_cmd_done
 .text.rf_core_power_up
                0x0000000000003428       0xc8 build/cc26x0-cc13x0/sensortag/cc2650/obj/rf-core.o
                0x0000000000003428                rf_core_power_up
 .text.rf_core_start_rat
                0x00000000000034f0       0x84 build/cc26x0-cc13x0/sensortag/cc2650/obj/rf-core.o
                0x00000000000034f0                rf_core_start_rat
 .text.rf_core_stop_rat
                0x0000000000003574       0x98 build/cc26x0-cc13x0/sensortag/cc2650/obj/rf-core.o
                0x0000000000003574                rf_core_stop_rat
 .text.rf_core_power_down
                0x000000000000360c      0x104 build/cc26x0-cc13x0/sensortag/cc2650/obj/rf-core.o
                0x000000000000360c                rf_core_power_down
 .text.rf_core_set_modesel
                0x0000000000003710       0x4c build/cc26x0-cc13x0/sensortag/cc2650/obj/rf-core.o
                0x0000000000003710                rf_core_set_modesel
 .text.rf_core_boot
                0x000000000000375c       0x1c build/cc26x0-cc13x0/sensortag/cc2650/obj/rf-core.o
                0x000000000000375c                rf_core_boot
 .text.rf_core_restart_rat
                0x0000000000003778       0x18 build/cc26x0-cc13x0/sensortag/cc2650/obj/rf-core.o
                0x0000000000003778                rf_core_restart_rat
 .text.rf_core_setup_interrupts
                0x0000000000003790       0x7c build/cc26x0-cc13x0/sensortag/cc2650/obj/rf-core.o
                0x0000000000003790                rf_core_setup_interrupts
 .text.rf_core_cmd_done_en
                0x000000000000380c       0x3c build/cc26x0-cc13x0/sensortag/cc2650/obj/rf-core.o
                0x000000000000380c                rf_core_cmd_done_en
 .text.rf_core_cmd_done_dis
                0x0000000000003848       0x20 build/cc26x0-cc13x0/sensortag/cc2650/obj/rf-core.o
                0x0000000000003848                rf_core_cmd_done_dis
 .text.rf_core_get_last_radio_op
                0x0000000000003868        0xc build/cc26x0-cc13x0/sensortag/cc2650/obj/rf-core.o
                0x0000000000003868                rf_core_get_last_radio_op
 .text.rf_core_init_radio_op
                0x0000000000003874       0x20 build/cc26x0-cc13x0/sensortag/cc2650/obj/rf-core.o
                0x0000000000003874                rf_core_init_radio_op
 .text.rf_core_primary_mode_register
                0x0000000000003894        0xc build/cc26x0-cc13x0/sensortag/cc2650/obj/rf-core.o
                0x0000000000003894                rf_core_primary_mode_register
 .text.rf_core_rat_init
                0x00000000000038a0       0x2c build/cc26x0-cc13x0/sensortag/cc2650/obj/rf-core.o
                0x00000000000038a0                rf_core_rat_init
 .text.rf_core_check_rat_overflow
                0x00000000000038cc       0x70 build/cc26x0-cc13x0/sensortag/cc2650/obj/rf-core.o
                0x00000000000038cc                rf_core_check_rat_overflow
 .text.rat_overflow_check_timer_cb
                0x000000000000393c       0x60 build/cc26x0-cc13x0/sensortag/cc2650/obj/rf-core.o
 .text.rf_core_convert_rat_to_rtimer
                0x000000000000399c       0x98 build/cc26x0-cc13x0/sensortag/cc2650/obj/rf-core.o
                0x000000000000399c                rf_core_convert_rat_to_rtimer
 .text.RFCCPE1IntHandler
                0x0000000000003a34       0x54 build/cc26x0-cc13x0/sensortag/cc2650/obj/rf-core.o
                0x0000000000003a34                RFCCPE1IntHandler
 .text.RFCCPE0IntHandler
                0x0000000000003a88       0x54 build/cc26x0-cc13x0/sensortag/cc2650/obj/rf-core.o
                0x0000000000003a88                RFCCPE0IntHandler
 .text.rf_ble_is_active
                0x0000000000003adc        0xc build/cc26x0-cc13x0/sensortag/cc2650/obj/rf-ble.o
                0x0000000000003adc                rf_ble_is_active
 .text.rf_is_on
                0x0000000000003ae8       0x1c build/cc26x0-cc13x0/sensortag/cc2650/obj/ieee-mode.o
 .text.prepare  0x0000000000003b04       0x1c build/cc26x0-cc13x0/sensortag/cc2650/obj/ieee-mode.o
 .text.rf_radio_setup
                0x0000000000003b20       0x60 build/cc26x0-cc13x0/sensortag/cc2650/obj/ieee-mode.o
 .text.pending_packet
                0x0000000000003b80       0x48 build/cc26x0-cc13x0/sensortag/cc2650/obj/ieee-mode.o
 .text.soft_off
                0x0000000000003bc8       0x44 build/cc26x0-cc13x0/sensortag/cc2650/obj/ieee-mode.o
 .text.get_object
                0x0000000000003c0c       0x44 build/cc26x0-cc13x0/sensortag/cc2650/obj/ieee-mode.o
 .text.transmitting.part.0
                0x0000000000003c50       0x4c build/cc26x0-cc13x0/sensortag/cc2650/obj/ieee-mode.o
 .text.get_cca_info.part.0
                0x0000000000003c9c       0x54 build/cc26x0-cc13x0/sensortag/cc2650/obj/ieee-mode.o
 .text.read_frame
                0x0000000000003cf0       0xec build/cc26x0-cc13x0/sensortag/cc2650/obj/ieee-mode.o
 .text.rx_off.part.0
                0x0000000000003ddc       0x7c build/cc26x0-cc13x0/sensortag/cc2650/obj/ieee-mode.o
 .text.request  0x0000000000003e58       0x20 build/cc26x0-cc13x0/sensortag/cc2650/obj/ieee-mode.o
 .text.rx_on    0x0000000000003e78       0x5c build/cc26x0-cc13x0/sensortag/cc2650/obj/ieee-mode.o
 .text.soft_on  0x0000000000003ed4       0x18 build/cc26x0-cc13x0/sensortag/cc2650/obj/ieee-mode.o
 .text.off.part.0
                0x0000000000003eec       0x88 build/cc26x0-cc13x0/sensortag/cc2650/obj/ieee-mode.o
 .text.off      0x0000000000003f74       0x14 build/cc26x0-cc13x0/sensortag/cc2650/obj/ieee-mode.o
 .text.on       0x0000000000003f88       0xa0 build/cc26x0-cc13x0/sensortag/cc2650/obj/ieee-mode.o
 .text.init     0x0000000000004028      0x118 build/cc26x0-cc13x0/sensortag/cc2650/obj/ieee-mode.o
 .text.channel_clear
                0x0000000000004140       0xa4 build/cc26x0-cc13x0/sensortag/cc2650/obj/ieee-mode.o
 .text.transmit.part.0
                0x00000000000041e4      0x104 build/cc26x0-cc13x0/sensortag/cc2650/obj/ieee-mode.o
 .text.transmit
                0x00000000000042e8        0xc build/cc26x0-cc13x0/sensortag/cc2650/obj/ieee-mode.o
 .text.send     0x00000000000042f4       0x24 build/cc26x0-cc13x0/sensortag/cc2650/obj/ieee-mode.o
 .text.receiving_packet
                0x0000000000004318       0x48 build/cc26x0-cc13x0/sensortag/cc2650/obj/ieee-mode.o
 .text.set_object
                0x0000000000004360       0x70 build/cc26x0-cc13x0/sensortag/cc2650/obj/ieee-mode.o
 .text.set_value
                0x00000000000043d0      0x19c build/cc26x0-cc13x0/sensortag/cc2650/obj/ieee-mode.o
 .text.get_value
                0x000000000000456c      0x1c8 build/cc26x0-cc13x0/sensortag/cc2650/obj/ieee-mode.o
 .text.random_rand
                0x0000000000004734        0xc build/cc26x0-cc13x0/sensortag/cc2650/obj/random.o
                0x0000000000004734                random_rand
 .text.random_init
                0x0000000000004740        0x4 build/cc26x0-cc13x0/sensortag/cc2650/obj/random.o
                0x0000000000004740                random_init
 .text.power_up
                0x0000000000004744       0x44 build/cc26x0-cc13x0/sensortag/cc2650/obj/soc-trng.o
 .text.request  0x0000000000004788       0x14 build/cc26x0-cc13x0/sensortag/cc2650/obj/soc-trng.o
 .text.process_thread_soc_trng_process
                0x000000000000479c       0x8c build/cc26x0-cc13x0/sensortag/cc2650/obj/soc-trng.o
 .text.soc_trng_rand_synchronous
                0x0000000000004828       0xd0 build/cc26x0-cc13x0/sensortag/cc2650/obj/soc-trng.o
                0x0000000000004828                soc_trng_rand_synchronous
 .text.TRNGIntHandler
                0x00000000000048f8       0x54 build/cc26x0-cc13x0/sensortag/cc2650/obj/soc-trng.o
                0x00000000000048f8                TRNGIntHandler
 .text.soc_trng_init
                0x000000000000494c       0x28 build/cc26x0-cc13x0/sensortag/cc2650/obj/soc-trng.o
                0x000000000000494c                soc_trng_init
 .text.int_master_read_and_disable
                0x0000000000004974       0x10 build/cc26x0-cc13x0/sensortag/cc2650/obj/int-master.o
                0x0000000000004974                int_master_read_and_disable
 .text.int_master_status_set
                0x0000000000004984        0x8 build/cc26x0-cc13x0/sensortag/cc2650/obj/int-master.o
                0x0000000000004984                int_master_status_set
 .text.spi_arch_has_lock
                0x000000000000498c       0x18 build/cc26x0-cc13x0/sensortag/cc2650/obj/spi-arch.o
                0x000000000000498c                spi_arch_has_lock
 .text.spi_arch_lock_and_open
                0x00000000000049a4      0x154 build/cc26x0-cc13x0/sensortag/cc2650/obj/spi-arch.o
                0x00000000000049a4                spi_arch_lock_and_open
 .text.spi_arch_close_and_unlock
                0x0000000000004af8       0xac build/cc26x0-cc13x0/sensortag/cc2650/obj/spi-arch.o
                0x0000000000004af8                spi_arch_close_and_unlock
 .text.spi_arch_transfer
                0x0000000000004ba4       0xe0 build/cc26x0-cc13x0/sensortag/cc2650/obj/spi-arch.o
                0x0000000000004ba4                spi_arch_transfer
 .text.process_thread_serial_shell_process
                0x0000000000004c84       0x5c build/cc26x0-cc13x0/sensortag/cc2650/obj/serial-shell.o
 .text.serial_shell_output
                0x0000000000004ce0        0xc build/cc26x0-cc13x0/sensortag/cc2650/obj/serial-shell.o
 .text.serial_shell_init
                0x0000000000004cec        0xc build/cc26x0-cc13x0/sensortag/cc2650/obj/serial-shell.o
                0x0000000000004cec                serial_shell_init
 .text.shell_output_lladdr.part.0
                0x0000000000004cf8       0x6c build/cc26x0-cc13x0/sensortag/cc2650/obj/shell.o
 .text.shell_output_6addr
                0x0000000000004d64       0x28 build/cc26x0-cc13x0/sensortag/cc2650/obj/shell.o
                0x0000000000004d64                shell_output_6addr
 .text.shell_output_lladdr
                0x0000000000004d8c       0x24 build/cc26x0-cc13x0/sensortag/cc2650/obj/shell.o
                0x0000000000004d8c                shell_output_lladdr
 .text.shell_input
                0x0000000000004db0       0xcc build/cc26x0-cc13x0/sensortag/cc2650/obj/shell.o
                0x0000000000004db0                shell_input
 .text.shell_init
                0x0000000000004e7c        0x4 build/cc26x0-cc13x0/sensortag/cc2650/obj/shell.o
                0x0000000000004e7c                shell_init
 .text.cmd_rpl_global_repair
                0x0000000000004e80       0x3c build/cc26x0-cc13x0/sensortag/cc2650/obj/shell-commands.o
 .text.cmd_rpl_local_repair
                0x0000000000004ebc       0x3c build/cc26x0-cc13x0/sensortag/cc2650/obj/shell-commands.o
 .text.cmd_help
                0x0000000000004ef8       0x70 build/cc26x0-cc13x0/sensortag/cc2650/obj/shell-commands.o
 .text.cmd_rpl_nbr
                0x0000000000004f68       0x94 build/cc26x0-cc13x0/sensortag/cc2650/obj/shell-commands.o
 .text.cmd_ipaddr
                0x0000000000004ffc       0x80 build/cc26x0-cc13x0/sensortag/cc2650/obj/shell-commands.o
 .text.cmd_rpl_status
                0x000000000000507c      0x278 build/cc26x0-cc13x0/sensortag/cc2650/obj/shell-commands.o
 .text.cmd_rpl_refresh_routes
                0x00000000000052f4       0x34 build/cc26x0-cc13x0/sensortag/cc2650/obj/shell-commands.o
 .text.cmd_rpl_set_root
                0x0000000000005328      0x188 build/cc26x0-cc13x0/sensortag/cc2650/obj/shell-commands.o
 .text.cmd_routes
                0x00000000000054b0      0x104 build/cc26x0-cc13x0/sensortag/cc2650/obj/shell-commands.o
 .text.cmd_ping
                0x00000000000055b4      0x168 build/cc26x0-cc13x0/sensortag/cc2650/obj/shell-commands.o
 .text.cmd_macaddr
                0x000000000000571c       0x48 build/cc26x0-cc13x0/sensortag/cc2650/obj/shell-commands.o
 .text.cmd_ip_neighbors
                0x0000000000005764       0xe4 build/cc26x0-cc13x0/sensortag/cc2650/obj/shell-commands.o
 .text.shell_output_log_levels
                0x0000000000005848       0x5c build/cc26x0-cc13x0/sensortag/cc2650/obj/shell-commands.o
 .text.cmd_log  0x00000000000058a4      0x128 build/cc26x0-cc13x0/sensortag/cc2650/obj/shell-commands.o
 .text.cmd_reboot
                0x00000000000059cc       0x30 build/cc26x0-cc13x0/sensortag/cc2650/obj/shell-commands.o
 .text.echo_reply_handler
                0x00000000000059fc       0x30 build/cc26x0-cc13x0/sensortag/cc2650/obj/shell-commands.o
 .text.shell_commands_init
                0x0000000000005a2c       0x30 build/cc26x0-cc13x0/sensortag/cc2650/obj/shell-commands.o
                0x0000000000005a2c                shell_commands_init
 .text.shell_command_lookup
                0x0000000000005a5c       0x44 build/cc26x0-cc13x0/sensortag/cc2650/obj/shell-commands.o
                0x0000000000005a5c                shell_command_lookup
 .text.process_thread_sisp_process
                0x0000000000005aa0      0x40c build/cc26x0-cc13x0/sensortag/cc2650/obj/sisp.o
 .text.sisp_init
                0x0000000000005eac       0x34 build/cc26x0-cc13x0/sensortag/cc2650/obj/sisp.o
                0x0000000000005eac                sisp_init
 .text.seed_id_net_to_host
                0x0000000000005ee0       0xa4 build/cc26x0-cc13x0/sensortag/cc2650/obj/mpl.o
 .text.seed_id_host_to_net
                0x0000000000005f84       0x54 build/cc26x0-cc13x0/sensortag/cc2650/obj/mpl.o
 .text.domain_set_lookup
                0x0000000000005fd8       0x48 build/cc26x0-cc13x0/sensortag/cc2650/obj/mpl.o
 .text.seed_set_lookup
                0x0000000000006020       0x50 build/cc26x0-cc13x0/sensortag/cc2650/obj/mpl.o
 .text.domain_set_allocate
                0x0000000000006070       0xe4 build/cc26x0-cc13x0/sensortag/cc2650/obj/mpl.o
 .text.data_message_expiration
                0x0000000000006154      0x1b8 build/cc26x0-cc13x0/sensortag/cc2650/obj/mpl.o
 .text.domain_set_free
                0x000000000000630c       0xb0 build/cc26x0-cc13x0/sensortag/cc2650/obj/mpl.o
 .text.mpl_maddr_check
                0x00000000000063bc       0x7c build/cc26x0-cc13x0/sensortag/cc2650/obj/mpl.o
 .text.lifetime_timer_expiration
                0x0000000000006438       0x9c build/cc26x0-cc13x0/sensortag/cc2650/obj/mpl.o
 .text.init     0x00000000000064d4       0xac build/cc26x0-cc13x0/sensortag/cc2650/obj/mpl.o
 .text.accept   0x0000000000006580      0x4f0 build/cc26x0-cc13x0/sensortag/cc2650/obj/mpl.o
 .text.in       0x0000000000006a70       0x1c build/cc26x0-cc13x0/sensortag/cc2650/obj/mpl.o
 .text.out      0x0000000000006a8c       0xec build/cc26x0-cc13x0/sensortag/cc2650/obj/mpl.o
 .text.icmp_in  0x0000000000006b78      0x608 build/cc26x0-cc13x0/sensortag/cc2650/obj/mpl.o
 .text.icmp_out
                0x0000000000007180      0x27c build/cc26x0-cc13x0/sensortag/cc2650/obj/mpl.o
                0x0000000000007180                icmp_out
 .text.control_message_expiration
                0x00000000000073fc       0x3c build/cc26x0-cc13x0/sensortag/cc2650/obj/mpl.o
 .text.startup.main
                0x0000000000007438      0x1f8 build/cc26x0-cc13x0/sensortag/cc2650/obj/contiki-main.o
                0x0000000000007438                main
 .text.autostart_start
                0x0000000000007630       0x18 build/cc26x0-cc13x0/sensortag/cc2650/obj/autostart.o
                0x0000000000007630                autostart_start
 .text.process_thread_ctimer_process
                0x0000000000007648       0x94 build/cc26x0-cc13x0/sensortag/cc2650/obj/ctimer.o
 .text.ctimer_init
                0x00000000000076dc       0x28 build/cc26x0-cc13x0/sensortag/cc2650/obj/ctimer.o
                0x00000000000076dc                ctimer_init
 .text.ctimer_set
                0x0000000000007704       0x4c build/cc26x0-cc13x0/sensortag/cc2650/obj/ctimer.o
                0x0000000000007704                ctimer_set
 .text.ctimer_reset
                0x0000000000007750       0x44 build/cc26x0-cc13x0/sensortag/cc2650/obj/ctimer.o
                0x0000000000007750                ctimer_reset
 .text.ctimer_stop
                0x0000000000007794       0x34 build/cc26x0-cc13x0/sensortag/cc2650/obj/ctimer.o
                0x0000000000007794                ctimer_stop
 .text.ctimer_expired
                0x00000000000077c8       0x3c build/cc26x0-cc13x0/sensortag/cc2650/obj/ctimer.o
                0x00000000000077c8                ctimer_expired
 .text.energest_init
                0x0000000000007804        0x4 build/cc26x0-cc13x0/sensortag/cc2650/obj/energest.o
                0x0000000000007804                energest_init
 .text.update_time.part.0
                0x0000000000007808       0x3c build/cc26x0-cc13x0/sensortag/cc2650/obj/etimer.o
 .text.process_thread_etimer_process
                0x0000000000007844       0xd4 build/cc26x0-cc13x0/sensortag/cc2650/obj/etimer.o
 .text.add_timer
                0x0000000000007918       0x54 build/cc26x0-cc13x0/sensortag/cc2650/obj/etimer.o
 .text.etimer_request_poll
                0x000000000000796c        0xc build/cc26x0-cc13x0/sensortag/cc2650/obj/etimer.o
                0x000000000000796c                etimer_request_poll
 .text.etimer_set
                0x0000000000007978       0x14 build/cc26x0-cc13x0/sensortag/cc2650/obj/etimer.o
                0x0000000000007978                etimer_set
 .text.etimer_reset
                0x000000000000798c       0x14 build/cc26x0-cc13x0/sensortag/cc2650/obj/etimer.o
                0x000000000000798c                etimer_reset
 .text.etimer_expired
                0x00000000000079a0        0xc build/cc26x0-cc13x0/sensortag/cc2650/obj/etimer.o
                0x00000000000079a0                etimer_expired
 .text.etimer_pending
                0x00000000000079ac       0x10 build/cc26x0-cc13x0/sensortag/cc2650/obj/etimer.o
                0x00000000000079ac                etimer_pending
 .text.etimer_next_expiration_time
                0x00000000000079bc       0x14 build/cc26x0-cc13x0/sensortag/cc2650/obj/etimer.o
                0x00000000000079bc                etimer_next_expiration_time
 .text.etimer_stop
                0x00000000000079d0       0x54 build/cc26x0-cc13x0/sensortag/cc2650/obj/etimer.o
                0x00000000000079d0                etimer_stop
 .text.log_6addr
                0x0000000000007a24       0x20 build/cc26x0-cc13x0/sensortag/cc2650/obj/log.o
                0x0000000000007a24                log_6addr
 .text.log_lladdr
                0x0000000000007a44       0x60 build/cc26x0-cc13x0/sensortag/cc2650/obj/log.o
                0x0000000000007a44                log_lladdr
 .text.log_set_level
                0x0000000000007aa4       0x48 build/cc26x0-cc13x0/sensortag/cc2650/obj/log.o
                0x0000000000007aa4                log_set_level
 .text.log_get_level
                0x0000000000007aec       0x44 build/cc26x0-cc13x0/sensortag/cc2650/obj/log.o
                0x0000000000007aec                log_get_level
 .text.log_level_to_str
                0x0000000000007b30       0x18 build/cc26x0-cc13x0/sensortag/cc2650/obj/log.o
                0x0000000000007b30                log_level_to_str
 .text.node_id_init
                0x0000000000007b48       0x18 build/cc26x0-cc13x0/sensortag/cc2650/obj/node-id.o
                0x0000000000007b48                node_id_init
 .text.exit_process
                0x0000000000007b60       0xd8 build/cc26x0-cc13x0/sensortag/cc2650/obj/process.o
 .text.call_process.part.0
                0x0000000000007c38       0x38 build/cc26x0-cc13x0/sensortag/cc2650/obj/process.o
 .text.do_poll  0x0000000000007c70       0x5c build/cc26x0-cc13x0/sensortag/cc2650/obj/process.o
 .text.process_alloc_event
                0x0000000000007ccc       0x10 build/cc26x0-cc13x0/sensortag/cc2650/obj/process.o
                0x0000000000007ccc                process_alloc_event
 .text.process_start
                0x0000000000007cdc       0x64 build/cc26x0-cc13x0/sensortag/cc2650/obj/process.o
                0x0000000000007cdc                process_start
 .text.process_init
                0x0000000000007d40       0x38 build/cc26x0-cc13x0/sensortag/cc2650/obj/process.o
                0x0000000000007d40                process_init
 .text.process_run
                0x0000000000007d78       0xd8 build/cc26x0-cc13x0/sensortag/cc2650/obj/process.o
                0x0000000000007d78                process_run
 .text.process_nevents
                0x0000000000007e50       0x14 build/cc26x0-cc13x0/sensortag/cc2650/obj/process.o
                0x0000000000007e50                process_nevents
 .text.process_post
                0x0000000000007e64       0x4c build/cc26x0-cc13x0/sensortag/cc2650/obj/process.o
                0x0000000000007e64                process_post
 .text.process_post_synch
                0x0000000000007eb0       0x18 build/cc26x0-cc13x0/sensortag/cc2650/obj/process.o
                0x0000000000007eb0                process_post_synch
 .text.process_poll
                0x0000000000007ec8       0x1c build/cc26x0-cc13x0/sensortag/cc2650/obj/process.o
                0x0000000000007ec8                process_poll
 .text.rtimer_init
                0x0000000000007ee4        0x4 build/cc26x0-cc13x0/sensortag/cc2650/obj/rtimer.o
                0x0000000000007ee4                rtimer_init
 .text.rtimer_run_next
                0x0000000000007ee8       0x2c build/cc26x0-cc13x0/sensortag/cc2650/obj/rtimer.o
                0x0000000000007ee8                rtimer_run_next
 .text.stack_check_init
                0x0000000000007f14       0x28 build/cc26x0-cc13x0/sensortag/cc2650/obj/stack-check.o
                0x0000000000007f14                stack_check_init
 .text.stack_check_get_usage
                0x0000000000007f3c       0x54 build/cc26x0-cc13x0/sensortag/cc2650/obj/stack-check.o
                0x0000000000007f3c                stack_check_get_usage
 .text.process_thread_stack_check_process
                0x0000000000007f90       0xb0 build/cc26x0-cc13x0/sensortag/cc2650/obj/stack-check.o
 .text.stimer_set
                0x0000000000008040       0x10 build/cc26x0-cc13x0/sensortag/cc2650/obj/stimer.o
                0x0000000000008040                stimer_set
 .text.stimer_expired
                0x0000000000008050       0x20 build/cc26x0-cc13x0/sensortag/cc2650/obj/stimer.o
                0x0000000000008050                stimer_expired
 .text.timer_set
                0x0000000000008070       0x10 build/cc26x0-cc13x0/sensortag/cc2650/obj/timer.o
                0x0000000000008070                timer_set
 .text.timer_reset
                0x0000000000008080       0x1c build/cc26x0-cc13x0/sensortag/cc2650/obj/timer.o
                0x0000000000008080                timer_reset
 .text.timer_expired
                0x000000000000809c       0x1c build/cc26x0-cc13x0/sensortag/cc2650/obj/timer.o
                0x000000000000809c                timer_expired
 .text.list_init
                0x00000000000080b8        0x8 build/cc26x0-cc13x0/sensortag/cc2650/obj/list.o
                0x00000000000080b8                list_init
 .text.list_head
                0x00000000000080c0        0x4 build/cc26x0-cc13x0/sensortag/cc2650/obj/list.o
                0x00000000000080c0                list_head
 .text.list_add
                0x00000000000080c4       0x5c build/cc26x0-cc13x0/sensortag/cc2650/obj/list.o
                0x00000000000080c4                list_add
 .text.list_push
                0x0000000000008120       0x3c build/cc26x0-cc13x0/sensortag/cc2650/obj/list.o
                0x0000000000008120                list_push
 .text.list_pop
                0x000000000000815c        0xc build/cc26x0-cc13x0/sensortag/cc2650/obj/list.o
                0x000000000000815c                list_pop
 .text.list_remove
                0x0000000000008168       0x30 build/cc26x0-cc13x0/sensortag/cc2650/obj/list.o
                0x0000000000008168                list_remove
 .text.list_length
                0x0000000000008198       0x14 build/cc26x0-cc13x0/sensortag/cc2650/obj/list.o
                0x0000000000008198                list_length
 .text.list_insert
                0x00000000000081ac       0x6c build/cc26x0-cc13x0/sensortag/cc2650/obj/list.o
                0x00000000000081ac                list_insert
 .text.list_item_next
                0x0000000000008218        0x8 build/cc26x0-cc13x0/sensortag/cc2650/obj/list.o
                0x0000000000008218                list_item_next
 .text.memb_init
                0x0000000000008220       0x24 build/cc26x0-cc13x0/sensortag/cc2650/obj/memb.o
                0x0000000000008220                memb_init
 .text.memb_alloc
                0x0000000000008244       0x38 build/cc26x0-cc13x0/sensortag/cc2650/obj/memb.o
                0x0000000000008244                memb_alloc
 .text.memb_free
                0x000000000000827c       0x3c build/cc26x0-cc13x0/sensortag/cc2650/obj/memb.o
                0x000000000000827c                memb_free
 .text.memb_inmemb
                0x00000000000082b8       0x1c build/cc26x0-cc13x0/sensortag/cc2650/obj/memb.o
                0x00000000000082b8                memb_inmemb
 .text.memb_numfree
                0x00000000000082d4       0x20 build/cc26x0-cc13x0/sensortag/cc2650/obj/memb.o
                0x00000000000082d4                memb_numfree
 .text.ringbuf_init
                0x00000000000082f4       0x10 build/cc26x0-cc13x0/sensortag/cc2650/obj/ringbuf.o
                0x00000000000082f4                ringbuf_init
 .text.ringbuf_put
                0x0000000000008304       0x2c build/cc26x0-cc13x0/sensortag/cc2650/obj/ringbuf.o
                0x0000000000008304                ringbuf_put
 .text.ringbuf_get
                0x0000000000008330       0x28 build/cc26x0-cc13x0/sensortag/cc2650/obj/ringbuf.o
                0x0000000000008330                ringbuf_get
 .text.process_thread_sensors_process
                0x0000000000008358       0xf4 build/cc26x0-cc13x0/sensortag/cc2650/obj/sensors.o
 .text.sensors_changed
                0x000000000000844c       0x40 build/cc26x0-cc13x0/sensortag/cc2650/obj/sensors.o
                0x000000000000844c                sensors_changed
 .text.fire     0x000000000000848c       0x68 build/cc26x0-cc13x0/sensortag/cc2650/obj/trickle-timer.o
 .text.new_interval
                0x00000000000084f4       0x48 build/cc26x0-cc13x0/sensortag/cc2650/obj/trickle-timer.o
 .text.double_interval
                0x000000000000853c       0x7c build/cc26x0-cc13x0/sensortag/cc2650/obj/trickle-timer.o
 .text.trickle_timer_consistency
                0x00000000000085b8       0x14 build/cc26x0-cc13x0/sensortag/cc2650/obj/trickle-timer.o
                0x00000000000085b8                trickle_timer_consistency
 .text.trickle_timer_inconsistency
                0x00000000000085cc       0x14 build/cc26x0-cc13x0/sensortag/cc2650/obj/trickle-timer.o
                0x00000000000085cc                trickle_timer_inconsistency
 .text.trickle_timer_config
                0x00000000000085e0       0x78 build/cc26x0-cc13x0/sensortag/cc2650/obj/trickle-timer.o
                0x00000000000085e0                trickle_timer_config
 .text.trickle_timer_set
                0x0000000000008658       0x40 build/cc26x0-cc13x0/sensortag/cc2650/obj/trickle-timer.o
                0x0000000000008658                trickle_timer_set
 .text.duration_exceeded_callback
                0x0000000000008698       0x34 build/cc26x0-cc13x0/sensortag/cc2650/obj/button-hal.o
 .text.process_thread_button_hal_process
                0x00000000000086cc       0x84 build/cc26x0-cc13x0/sensortag/cc2650/obj/button-hal.o
 .text.press_release_handler
                0x0000000000008750       0x18 build/cc26x0-cc13x0/sensortag/cc2650/obj/button-hal.o
 .text.debounce_handler
                0x0000000000008768       0x74 build/cc26x0-cc13x0/sensortag/cc2650/obj/button-hal.o
 .text.button_hal_init
                0x00000000000087dc       0xb4 build/cc26x0-cc13x0/sensortag/cc2650/obj/button-hal.o
                0x00000000000087dc                button_hal_init
 .text.gpio_hal_register_handler
                0x0000000000008890        0xc build/cc26x0-cc13x0/sensortag/cc2650/obj/gpio-hal.o
                0x0000000000008890                gpio_hal_register_handler
 .text.gpio_hal_event_handler
                0x000000000000889c       0x28 build/cc26x0-cc13x0/sensortag/cc2650/obj/gpio-hal.o
                0x000000000000889c                gpio_hal_event_handler
 .text.gpio_hal_init
                0x00000000000088c4        0xc build/cc26x0-cc13x0/sensortag/cc2650/obj/gpio-hal.o
                0x00000000000088c4                gpio_hal_init
 .text.leds_on  0x00000000000088d0       0x5c build/cc26x0-cc13x0/sensortag/cc2650/obj/leds.o
                0x00000000000088d0                leds_on
 .text.leds_off
                0x000000000000892c       0x5c build/cc26x0-cc13x0/sensortag/cc2650/obj/leds.o
                0x000000000000892c                leds_off
 .text.leds_init
                0x0000000000008988       0x2c build/cc26x0-cc13x0/sensortag/cc2650/obj/leds.o
                0x0000000000008988                leds_init
 .text.process_thread_serial_line_process
                0x00000000000089b4       0xa8 build/cc26x0-cc13x0/sensortag/cc2650/obj/serial-line.o
 .text.serial_line_input_byte
                0x0000000000008a5c       0x58 build/cc26x0-cc13x0/sensortag/cc2650/obj/serial-line.o
                0x0000000000008a5c                serial_line_input_byte
 .text.serial_line_init
                0x0000000000008ab4       0x24 build/cc26x0-cc13x0/sensortag/cc2650/obj/serial-line.o
                0x0000000000008ab4                serial_line_init
 .text.spi_acquire
                0x0000000000008ad8       0x10 build/cc26x0-cc13x0/sensortag/cc2650/obj/spi.o
                0x0000000000008ad8                spi_acquire
 .text.spi_release
                0x0000000000008ae8       0x10 build/cc26x0-cc13x0/sensortag/cc2650/obj/spi.o
                0x0000000000008ae8                spi_release
 .text.spi_select
                0x0000000000008af8       0x24 build/cc26x0-cc13x0/sensortag/cc2650/obj/spi.o
                0x0000000000008af8                spi_select
 .text.spi_deselect
                0x0000000000008b1c       0x18 build/cc26x0-cc13x0/sensortag/cc2650/obj/spi.o
                0x0000000000008b1c                spi_deselect
 .text.spi_write_byte
                0x0000000000008b34       0x3c build/cc26x0-cc13x0/sensortag/cc2650/obj/spi.o
                0x0000000000008b34                spi_write_byte
 .text.spi_write
                0x0000000000008b70       0x3c build/cc26x0-cc13x0/sensortag/cc2650/obj/spi.o
                0x0000000000008b70                spi_write
 .text.spi_read
                0x0000000000008bac       0x3c build/cc26x0-cc13x0/sensortag/cc2650/obj/spi.o
                0x0000000000008bac                spi_read
 .text.linkaddr_copy
                0x0000000000008be8        0x8 build/cc26x0-cc13x0/sensortag/cc2650/obj/linkaddr.o
                0x0000000000008be8                linkaddr_copy
 .text.linkaddr_cmp
                0x0000000000008bf0       0x10 build/cc26x0-cc13x0/sensortag/cc2650/obj/linkaddr.o
                0x0000000000008bf0                linkaddr_cmp
 .text.periodic
                0x0000000000008c00       0x30 build/cc26x0-cc13x0/sensortag/cc2650/obj/link-stats.o
 .text.link_stats_from_lladdr
                0x0000000000008c30        0xc build/cc26x0-cc13x0/sensortag/cc2650/obj/link-stats.o
                0x0000000000008c30                link_stats_from_lladdr
 .text.link_stats_is_fresh
                0x0000000000008c3c       0x28 build/cc26x0-cc13x0/sensortag/cc2650/obj/link-stats.o
                0x0000000000008c3c                link_stats_is_fresh
 .text.link_stats_packet_sent
                0x0000000000008c64       0xf4 build/cc26x0-cc13x0/sensortag/cc2650/obj/link-stats.o
                0x0000000000008c64                link_stats_packet_sent
 .text.link_stats_input_callback
                0x0000000000008d58       0x88 build/cc26x0-cc13x0/sensortag/cc2650/obj/link-stats.o
                0x0000000000008d58                link_stats_input_callback
 .text.link_stats_reset
                0x0000000000008de0       0x2c build/cc26x0-cc13x0/sensortag/cc2650/obj/link-stats.o
                0x0000000000008de0                link_stats_reset
 .text.link_stats_init
                0x0000000000008e0c       0x28 build/cc26x0-cc13x0/sensortag/cc2650/obj/link-stats.o
                0x0000000000008e0c                link_stats_init
 .text.index_from_lladdr
                0x0000000000008e34       0x54 build/cc26x0-cc13x0/sensortag/cc2650/obj/nbr-table.o
 .text.select_for_removal.constprop.0
                0x0000000000008e88       0x70 build/cc26x0-cc13x0/sensortag/cc2650/obj/nbr-table.o
 .text.remove_key
                0x0000000000008ef8       0xa8 build/cc26x0-cc13x0/sensortag/cc2650/obj/nbr-table.o
 .text.nbr_table_register
                0x0000000000008fa0       0x44 build/cc26x0-cc13x0/sensortag/cc2650/obj/nbr-table.o
                0x0000000000008fa0                nbr_table_register
 .text.nbr_table_next
                0x0000000000008fe4       0x70 build/cc26x0-cc13x0/sensortag/cc2650/obj/nbr-table.o
                0x0000000000008fe4                nbr_table_next
 .text.nbr_table_head
                0x0000000000009054       0x58 build/cc26x0-cc13x0/sensortag/cc2650/obj/nbr-table.o
                0x0000000000009054                nbr_table_head
 .text.nbr_table_add_lladdr
                0x00000000000090ac      0x128 build/cc26x0-cc13x0/sensortag/cc2650/obj/nbr-table.o
                0x00000000000090ac                nbr_table_add_lladdr
 .text.nbr_table_get_from_lladdr
                0x00000000000091d4       0x38 build/cc26x0-cc13x0/sensortag/cc2650/obj/nbr-table.o
                0x00000000000091d4                nbr_table_get_from_lladdr
 .text.nbr_table_remove
                0x000000000000920c       0x60 build/cc26x0-cc13x0/sensortag/cc2650/obj/nbr-table.o
                0x000000000000920c                nbr_table_remove
 .text.nbr_table_lock
                0x000000000000926c       0x34 build/cc26x0-cc13x0/sensortag/cc2650/obj/nbr-table.o
                0x000000000000926c                nbr_table_lock
 .text.nbr_table_unlock
                0x00000000000092a0       0x38 build/cc26x0-cc13x0/sensortag/cc2650/obj/nbr-table.o
                0x00000000000092a0                nbr_table_unlock
 .text.nbr_table_get_lladdr
                0x00000000000092d8       0x2c build/cc26x0-cc13x0/sensortag/cc2650/obj/nbr-table.o
                0x00000000000092d8                nbr_table_get_lladdr
 .text.netstack_process_ip_callback
                0x0000000000009304       0x40 build/cc26x0-cc13x0/sensortag/cc2650/obj/netstack.o
                0x0000000000009304                netstack_process_ip_callback
 .text.netstack_init
                0x0000000000009344       0x24 build/cc26x0-cc13x0/sensortag/cc2650/obj/netstack.o
                0x0000000000009344                netstack_init
 .text.packetbuf_clear
                0x0000000000009368       0x4c build/cc26x0-cc13x0/sensortag/cc2650/obj/packetbuf.o
                0x0000000000009368                packetbuf_clear
 .text.packetbuf_copyfrom
                0x00000000000093b4       0x6c build/cc26x0-cc13x0/sensortag/cc2650/obj/packetbuf.o
                0x00000000000093b4                packetbuf_copyfrom
 .text.packetbuf_copyto
                0x0000000000009420       0x4c build/cc26x0-cc13x0/sensortag/cc2650/obj/packetbuf.o
                0x0000000000009420                packetbuf_copyto
 .text.packetbuf_hdralloc
                0x000000000000946c       0x64 build/cc26x0-cc13x0/sensortag/cc2650/obj/packetbuf.o
                0x000000000000946c                packetbuf_hdralloc
 .text.packetbuf_hdrreduce
                0x00000000000094d0       0x2c build/cc26x0-cc13x0/sensortag/cc2650/obj/packetbuf.o
                0x00000000000094d0                packetbuf_hdrreduce
 .text.packetbuf_set_datalen
                0x00000000000094fc        0xc build/cc26x0-cc13x0/sensortag/cc2650/obj/packetbuf.o
                0x00000000000094fc                packetbuf_set_datalen
 .text.packetbuf_dataptr
                0x0000000000009508       0x20 build/cc26x0-cc13x0/sensortag/cc2650/obj/packetbuf.o
                0x0000000000009508                packetbuf_dataptr
 .text.packetbuf_hdrptr
                0x0000000000009528        0x8 build/cc26x0-cc13x0/sensortag/cc2650/obj/packetbuf.o
                0x0000000000009528                packetbuf_hdrptr
 .text.packetbuf_datalen
                0x0000000000009530        0xc build/cc26x0-cc13x0/sensortag/cc2650/obj/packetbuf.o
                0x0000000000009530                packetbuf_datalen
 .text.packetbuf_totlen
                0x000000000000953c       0x24 build/cc26x0-cc13x0/sensortag/cc2650/obj/packetbuf.o
                0x000000000000953c                packetbuf_totlen
 .text.packetbuf_attr_copyto
                0x0000000000009560       0x24 build/cc26x0-cc13x0/sensortag/cc2650/obj/packetbuf.o
                0x0000000000009560                packetbuf_attr_copyto
 .text.packetbuf_attr_copyfrom
                0x0000000000009584       0x24 build/cc26x0-cc13x0/sensortag/cc2650/obj/packetbuf.o
                0x0000000000009584                packetbuf_attr_copyfrom
 .text.packetbuf_set_attr
                0x00000000000095a8       0x10 build/cc26x0-cc13x0/sensortag/cc2650/obj/packetbuf.o
                0x00000000000095a8                packetbuf_set_attr
 .text.packetbuf_attr
                0x00000000000095b8        0xc build/cc26x0-cc13x0/sensortag/cc2650/obj/packetbuf.o
                0x00000000000095b8                packetbuf_attr
 .text.packetbuf_set_addr
                0x00000000000095c4       0x18 build/cc26x0-cc13x0/sensortag/cc2650/obj/packetbuf.o
                0x00000000000095c4                packetbuf_set_addr
 .text.packetbuf_addr
                0x00000000000095dc       0x10 build/cc26x0-cc13x0/sensortag/cc2650/obj/packetbuf.o
                0x00000000000095dc                packetbuf_addr
 .text.packetbuf_holds_broadcast
                0x00000000000095ec       0x10 build/cc26x0-cc13x0/sensortag/cc2650/obj/packetbuf.o
                0x00000000000095ec                packetbuf_holds_broadcast
 .text.queuebuf_init
                0x00000000000095fc       0x1c build/cc26x0-cc13x0/sensortag/cc2650/obj/queuebuf.o
                0x00000000000095fc                queuebuf_init
 .text.queuebuf_numfree
                0x0000000000009618        0xc build/cc26x0-cc13x0/sensortag/cc2650/obj/queuebuf.o
                0x0000000000009618                queuebuf_numfree
 .text.queuebuf_new_from_packetbuf
                0x0000000000009624       0x48 build/cc26x0-cc13x0/sensortag/cc2650/obj/queuebuf.o
                0x0000000000009624                queuebuf_new_from_packetbuf
 .text.queuebuf_update_attr_from_packetbuf
                0x000000000000966c        0xc build/cc26x0-cc13x0/sensortag/cc2650/obj/queuebuf.o
                0x000000000000966c                queuebuf_update_attr_from_packetbuf
 .text.queuebuf_free
                0x0000000000009678       0x2c build/cc26x0-cc13x0/sensortag/cc2650/obj/queuebuf.o
                0x0000000000009678                queuebuf_free
 .text.queuebuf_to_packetbuf
                0x00000000000096a4       0x30 build/cc26x0-cc13x0/sensortag/cc2650/obj/queuebuf.o
                0x00000000000096a4                queuebuf_to_packetbuf
 .text.mac_call_sent_callback
                0x00000000000096d4       0x18 build/cc26x0-cc13x0/sensortag/cc2650/obj/mac.o
                0x00000000000096d4                mac_call_sent_callback
 .text.mac_sequence_is_duplicate
                0x00000000000096ec       0x4c build/cc26x0-cc13x0/sensortag/cc2650/obj/mac-sequence.o
                0x00000000000096ec                mac_sequence_is_duplicate
 .text.mac_sequence_register_seqno
                0x0000000000009738       0x64 build/cc26x0-cc13x0/sensortag/cc2650/obj/mac-sequence.o
                0x0000000000009738                mac_sequence_register_seqno
 .text.frame802154_get_pan_id
                0x000000000000979c        0xc build/cc26x0-cc13x0/sensortag/cc2650/obj/frame802154.o
                0x000000000000979c                frame802154_get_pan_id
 .text.frame802154_has_panid
                0x00000000000097a8       0xdc build/cc26x0-cc13x0/sensortag/cc2650/obj/frame802154.o
                0x00000000000097a8                frame802154_has_panid
 .text.field_len
                0x0000000000009884       0x8c build/cc26x0-cc13x0/sensortag/cc2650/obj/frame802154.o
 .text.frame802154_is_broadcast_addr
                0x0000000000009910       0x24 build/cc26x0-cc13x0/sensortag/cc2650/obj/frame802154.o
                0x0000000000009910                frame802154_is_broadcast_addr
 .text.frame802154_hdrlen
                0x0000000000009934       0x34 build/cc26x0-cc13x0/sensortag/cc2650/obj/frame802154.o
                0x0000000000009934                frame802154_hdrlen
 .text.frame802154_create_fcf
                0x0000000000009968       0x6c build/cc26x0-cc13x0/sensortag/cc2650/obj/frame802154.o
                0x0000000000009968                frame802154_create_fcf
 .text.frame802154_create
                0x00000000000099d4       0xb0 build/cc26x0-cc13x0/sensortag/cc2650/obj/frame802154.o
                0x00000000000099d4                frame802154_create
 .text.frame802154_parse_fcf
                0x0000000000009a84       0x6c build/cc26x0-cc13x0/sensortag/cc2650/obj/frame802154.o
                0x0000000000009a84                frame802154_parse_fcf
 .text.frame802154_parse
                0x0000000000009af0      0x134 build/cc26x0-cc13x0/sensortag/cc2650/obj/frame802154.o
                0x0000000000009af0                frame802154_parse
 .text.parse    0x0000000000009c24       0xa0 build/cc26x0-cc13x0/sensortag/cc2650/obj/framer-802154.o
 .text.framer_802154_setup_params.part.0
                0x0000000000009cc4       0x90 build/cc26x0-cc13x0/sensortag/cc2650/obj/framer-802154.o
 .text.create_frame
                0x0000000000009d54       0xe4 build/cc26x0-cc13x0/sensortag/cc2650/obj/framer-802154.o
 .text.create   0x0000000000009e38        0x8 build/cc26x0-cc13x0/sensortag/cc2650/obj/framer-802154.o
 .text.hdr_length
                0x0000000000009e40        0x8 build/cc26x0-cc13x0/sensortag/cc2650/obj/framer-802154.o
 .text.verify_part
                0x0000000000009e48       0x70 build/cc26x0-cc13x0/sensortag/cc2650/obj/ext-flash.o
 .text.wait_ready
                0x0000000000009eb8       0x64 build/cc26x0-cc13x0/sensortag/cc2650/obj/ext-flash.o
 .text.ext_flash_open
                0x0000000000009f1c       0x74 build/cc26x0-cc13x0/sensortag/cc2650/obj/ext-flash.o
                0x0000000000009f1c                ext_flash_open
 .text.ext_flash_close
                0x0000000000009f90       0x64 build/cc26x0-cc13x0/sensortag/cc2650/obj/ext-flash.o
                0x0000000000009f90                ext_flash_close
 .text.ext_flash_init
                0x0000000000009ff4       0x18 build/cc26x0-cc13x0/sensortag/cc2650/obj/ext-flash.o
                0x0000000000009ff4                ext_flash_init
 .text.SafeHapiVoid
                0x000000000000a00c       0x28 build/cc26x0-cc13x0/sensortag/cc2650/obj/adi.o
                0x000000000000a00c                SafeHapiVoid
 .text.NOROM_AONBatMonTemperatureGetDegC
                0x000000000000a034       0x2c build/cc26x0-cc13x0/sensortag/cc2650/obj/aon_batmon.o
                0x000000000000a034                NOROM_AONBatMonTemperatureGetDegC
 .text.NOROM_AONRTCCurrentCompareValueGet
                0x000000000000a060       0x18 build/cc26x0-cc13x0/sensortag/cc2650/obj/aon_rtc.o
                0x000000000000a060                NOROM_AONRTCCurrentCompareValueGet
 .text.NOROM_AONRTCCurrent64BitValueGet
                0x000000000000a078       0x14 build/cc26x0-cc13x0/sensortag/cc2650/obj/aon_rtc.o
                0x000000000000a078                NOROM_AONRTCCurrent64BitValueGet
 .text.NOROM_ChipInfo_GetChipType
                0x000000000000a08c       0x94 build/cc26x0-cc13x0/sensortag/cc2650/obj/chipinfo.o
                0x000000000000a08c                NOROM_ChipInfo_GetChipType
 .text.NOROM_ChipInfo_GetHwRevision
                0x000000000000a120       0xa8 build/cc26x0-cc13x0/sensortag/cc2650/obj/chipinfo.o
                0x000000000000a120                NOROM_ChipInfo_GetHwRevision
 .text.NOROM_ThisCodeIsBuiltForCC26xxHwRev22AndLater_HaltIfViolated
                0x000000000000a1c8       0x30 build/cc26x0-cc13x0/sensortag/cc2650/obj/chipinfo.o
                0x000000000000a1c8                NOROM_ThisCodeIsBuiltForCC26xxHwRev22AndLater_HaltIfViolated
 .text.NOROM_CPUcpsid
                0x000000000000a1f8        0x8 build/cc26x0-cc13x0/sensortag/cc2650/obj/cpu.o
                0x000000000000a1f8                NOROM_CPUcpsid
 .text.NOROM_CPUcpsie
                0x000000000000a200        0x8 build/cc26x0-cc13x0/sensortag/cc2650/obj/cpu.o
                0x000000000000a200                NOROM_CPUcpsie
 .text.NOROM_CPUdelay
                0x000000000000a208        0x8 build/cc26x0-cc13x0/sensortag/cc2650/obj/cpu.o
                0x000000000000a208                NOROM_CPUdelay
 .text.NOROM_DDI32RegWrite
                0x000000000000a210       0x2c build/cc26x0-cc13x0/sensortag/cc2650/obj/ddi.o
                0x000000000000a210                NOROM_DDI32RegWrite
 .text.NOROM_DDI16BitfieldWrite
                0x000000000000a23c       0x48 build/cc26x0-cc13x0/sensortag/cc2650/obj/ddi.o
                0x000000000000a23c                NOROM_DDI16BitfieldWrite
 .text.NOROM_DDI16BitfieldRead
                0x000000000000a284       0x48 build/cc26x0-cc13x0/sensortag/cc2650/obj/ddi.o
                0x000000000000a284                NOROM_DDI16BitfieldRead
 .text.NOROM_OSCClockSourceSet
                0x000000000000a2cc       0x58 build/cc26x0-cc13x0/sensortag/cc2650/obj/osc.o
                0x000000000000a2cc                NOROM_OSCClockSourceSet
 .text.NOROM_OSCClockSourceGet
                0x000000000000a324       0x20 build/cc26x0-cc13x0/sensortag/cc2650/obj/osc.o
                0x000000000000a324                NOROM_OSCClockSourceGet
 .text.NOROM_PowerCtrlSourceSet
                0x000000000000a344       0x30 build/cc26x0-cc13x0/sensortag/cc2650/obj/pwr_ctrl.o
                0x000000000000a344                NOROM_PowerCtrlSourceSet
 .text.TrimAfterColdResetWakeupFromShutDown
                0x000000000000a374       0xe8 build/cc26x0-cc13x0/sensortag/cc2650/obj/setup.o
 .text.NOROM_SetupTrimDevice
                0x000000000000a45c       0xac build/cc26x0-cc13x0/sensortag/cc2650/obj/setup.o
                0x000000000000a45c                NOROM_SetupTrimDevice
 .text.NOROM_SetupAfterColdResetWakeupFromShutDownCfg1
                0x000000000000a508       0x74 build/cc26x0-cc13x0/sensortag/cc2650/obj/setup_rom.o
                0x000000000000a508                NOROM_SetupAfterColdResetWakeupFromShutDownCfg1
 .text.NOROM_SetupAfterColdResetWakeupFromShutDownCfg3
                0x000000000000a57c      0x194 build/cc26x0-cc13x0/sensortag/cc2650/obj/setup_rom.o
                0x000000000000a57c                NOROM_SetupAfterColdResetWakeupFromShutDownCfg3
 .text.NOROM_SetupGetTrimForAnabypassValue1
                0x000000000000a710       0x64 build/cc26x0-cc13x0/sensortag/cc2650/obj/setup_rom.o
                0x000000000000a710                NOROM_SetupGetTrimForAnabypassValue1
 .text.NOROM_SetupGetTrimForAmpcompCtrl
                0x000000000000a774       0x58 build/cc26x0-cc13x0/sensortag/cc2650/obj/setup_rom.o
                0x000000000000a774                NOROM_SetupGetTrimForAmpcompCtrl
 .text.NOROM_SetupAfterColdResetWakeupFromShutDownCfg2
                0x000000000000a7cc      0x18c build/cc26x0-cc13x0/sensortag/cc2650/obj/setup_rom.o
                0x000000000000a7cc                NOROM_SetupAfterColdResetWakeupFromShutDownCfg2
 .text.NOROM_SetupSetCacheModeAccordingToCcfgSetting
                0x000000000000a958       0x5c build/cc26x0-cc13x0/sensortag/cc2650/obj/setup_rom.o
                0x000000000000a958                NOROM_SetupSetCacheModeAccordingToCcfgSetting
 .text.NOROM_SysCtrlSetRechargeBeforePowerDown
                0x000000000000a9b4      0x240 build/cc26x0-cc13x0/sensortag/cc2650/obj/sys_ctrl.o
                0x000000000000a9b4                NOROM_SysCtrlSetRechargeBeforePowerDown
 .text.NOROM_SysCtrlAdjustRechargeAfterPowerDown
                0x000000000000abf4       0x64 build/cc26x0-cc13x0/sensortag/cc2650/obj/sys_ctrl.o
                0x000000000000abf4                NOROM_SysCtrlAdjustRechargeAfterPowerDown
 .text.NOROM_SysCtrl_DCDC_VoltageConditionalControl
                0x000000000000ac58       0x78 build/cc26x0-cc13x0/sensortag/cc2650/obj/sys_ctrl.o
                0x000000000000ac58                NOROM_SysCtrl_DCDC_VoltageConditionalControl
 .text.NOROM_TRNGConfigure
                0x000000000000acd0       0x38 build/cc26x0-cc13x0/sensortag/cc2650/obj/trng.o
                0x000000000000acd0                NOROM_TRNGConfigure
 .text.write_str
                0x000000000000ad08       0x14 build/cc26x0-cc13x0/sensortag/cc2650/obj/printf.o
 .text.printf   0x000000000000ad1c       0x24 build/cc26x0-cc13x0/sensortag/cc2650/obj/printf.o
                0x000000000000ad1c                printf
 .text.buffer_str
                0x000000000000ad40       0x28 build/cc26x0-cc13x0/sensortag/cc2650/obj/snprintf.o
 .text.snprintf
                0x000000000000ad68       0x38 build/cc26x0-cc13x0/sensortag/cc2650/obj/snprintf.o
                0x000000000000ad68                snprintf
 .text.fill_space
                0x000000000000ada0       0x3c build/cc26x0-cc13x0/sensortag/cc2650/obj/strformat.o
 .text.format_str_v
                0x000000000000addc      0x910 build/cc26x0-cc13x0/sensortag/cc2650/obj/strformat.o
                0x000000000000addc                format_str_v
 .text.on       0x000000000000b6ec        0xc build/cc26x0-cc13x0/sensortag/cc2650/obj/csma.o
 .text.off      0x000000000000b6f8        0xc build/cc26x0-cc13x0/sensortag/cc2650/obj/csma.o
 .text.max_payload
                0x000000000000b704       0x40 build/cc26x0-cc13x0/sensortag/cc2650/obj/csma.o
 .text.send_packet
                0x000000000000b744        0x4 build/cc26x0-cc13x0/sensortag/cc2650/obj/csma.o
 .text.input_packet
                0x000000000000b748       0x64 build/cc26x0-cc13x0/sensortag/cc2650/obj/csma.o
 .text.init     0x000000000000b7ac       0x20 build/cc26x0-cc13x0/sensortag/cc2650/obj/csma.o
 .text.tx_done  0x000000000000b7cc       0xb4 build/cc26x0-cc13x0/sensortag/cc2650/obj/csma-output.o
 .text.transmit_from_queue
                0x000000000000b880      0x214 build/cc26x0-cc13x0/sensortag/cc2650/obj/csma-output.o
 .text.csma_output_packet
                0x000000000000ba94      0x184 build/cc26x0-cc13x0/sensortag/cc2650/obj/csma-output.o
                0x000000000000ba94                csma_output_packet
 .text.csma_output_init
                0x000000000000bc18       0x24 build/cc26x0-cc13x0/sensortag/cc2650/obj/csma-output.o
                0x000000000000bc18                csma_output_init
 .text.csma_security_create_frame
                0x000000000000bc3c       0x18 build/cc26x0-cc13x0/sensortag/cc2650/obj/csma-security.o
                0x000000000000bc3c                csma_security_create_frame
 .text.csma_security_parse_frame
                0x000000000000bc54        0xc build/cc26x0-cc13x0/sensortag/cc2650/obj/csma-security.o
                0x000000000000bc54                csma_security_parse_frame
 .text.sicslowpan_init
                0x000000000000bc60       0x10 build/cc26x0-cc13x0/sensortag/cc2650/obj/sicslowpan.o
                0x000000000000bc60                sicslowpan_init
 .text.set_packet_attrs
                0x000000000000bc70       0x74 build/cc26x0-cc13x0/sensortag/cc2650/obj/sicslowpan.o
 .text.compress_addr_64
                0x000000000000bce4       0xa0 build/cc26x0-cc13x0/sensortag/cc2650/obj/sicslowpan.o
 .text.packet_sent
                0x000000000000bd84       0x5c build/cc26x0-cc13x0/sensortag/cc2650/obj/sicslowpan.o
 .text.store_fragment
                0x000000000000bde0       0x64 build/cc26x0-cc13x0/sensortag/cc2650/obj/sicslowpan.o
 .text.uncompress_addr
                0x000000000000be44       0x9c build/cc26x0-cc13x0/sensortag/cc2650/obj/sicslowpan.o
 .text.fragment_copy_payload_and_send
                0x000000000000bee0       0x84 build/cc26x0-cc13x0/sensortag/cc2650/obj/sicslowpan.o
 .text.output   0x000000000000bf64      0x810 build/cc26x0-cc13x0/sensortag/cc2650/obj/sicslowpan.o
 .text.add_fragment
                0x000000000000c774      0x198 build/cc26x0-cc13x0/sensortag/cc2650/obj/sicslowpan.o
 .text.input    0x000000000000c90c      0x984 build/cc26x0-cc13x0/sensortag/cc2650/obj/sicslowpan.o
 .text.tcpip_output
                0x000000000000d290       0x30 build/cc26x0-cc13x0/sensortag/cc2650/obj/tcpip.o
                0x000000000000d290                tcpip_output
 .text.udp_new  0x000000000000d2c0       0x18 build/cc26x0-cc13x0/sensortag/cc2650/obj/tcpip.o
                0x000000000000d2c0                udp_new
 .text.tcpip_input
                0x000000000000d2d8       0x2c build/cc26x0-cc13x0/sensortag/cc2650/obj/tcpip.o
                0x000000000000d2d8                tcpip_input
 .text.tcpip_ipv6_output
                0x000000000000d304      0x120 build/cc26x0-cc13x0/sensortag/cc2650/obj/tcpip.o
                0x000000000000d304                tcpip_ipv6_output
 .text.process_thread_tcpip_process
                0x000000000000d424       0xe8 build/cc26x0-cc13x0/sensortag/cc2650/obj/tcpip.o
 .text.tcpip_uipcall
                0x000000000000d50c       0x2c build/cc26x0-cc13x0/sensortag/cc2650/obj/tcpip.o
                0x000000000000d50c                tcpip_uipcall
 .text.chksum   0x000000000000d538       0x64 build/cc26x0-cc13x0/sensortag/cc2650/obj/uip6.o
 .text.ext_hdr_options_process
                0x000000000000d59c       0xb0 build/cc26x0-cc13x0/sensortag/cc2650/obj/uip6.o
 .text.uip_update_ttl.isra.0
                0x000000000000d64c       0x1c build/cc26x0-cc13x0/sensortag/cc2650/obj/uip6.o
 .text.upper_layer_chksum
                0x000000000000d668       0x78 build/cc26x0-cc13x0/sensortag/cc2650/obj/uip6.o
 .text.uip_icmp6chksum
                0x000000000000d6e0        0x8 build/cc26x0-cc13x0/sensortag/cc2650/obj/uip6.o
                0x000000000000d6e0                uip_icmp6chksum
 .text.uip_init
                0x000000000000d6e8       0x54 build/cc26x0-cc13x0/sensortag/cc2650/obj/uip6.o
                0x000000000000d6e8                uip_init
 .text.uip_remove_ext_hdr
                0x000000000000d73c       0x6c build/cc26x0-cc13x0/sensortag/cc2650/obj/uip6.o
                0x000000000000d73c                uip_remove_ext_hdr
 .text.uip_udp_new
                0x000000000000d7a8       0xa4 build/cc26x0-cc13x0/sensortag/cc2650/obj/uip6.o
                0x000000000000d7a8                uip_udp_new
 .text.uip_process
                0x000000000000d84c      0x4d0 build/cc26x0-cc13x0/sensortag/cc2650/obj/uip6.o
                0x000000000000d84c                uip_process
 .text.uip_htons
                0x000000000000dd1c        0x8 build/cc26x0-cc13x0/sensortag/cc2650/obj/uip6.o
                0x000000000000dd1c                uip_htons
 .text.uip_htonl
                0x000000000000dd24        0x4 build/cc26x0-cc13x0/sensortag/cc2650/obj/uip6.o
                0x000000000000dd24                uip_htonl
 .text.uipbuf_clear
                0x000000000000dd28       0x30 build/cc26x0-cc13x0/sensortag/cc2650/obj/uipbuf.o
                0x000000000000dd28                uipbuf_clear
 .text.uipbuf_add_ext_hdr
                0x000000000000dd58       0x38 build/cc26x0-cc13x0/sensortag/cc2650/obj/uipbuf.o
                0x000000000000dd58                uipbuf_add_ext_hdr
 .text.uipbuf_set_len
                0x000000000000dd90       0x18 build/cc26x0-cc13x0/sensortag/cc2650/obj/uipbuf.o
                0x000000000000dd90                uipbuf_set_len
 .text.uipbuf_set_len_field
                0x000000000000dda8        0x8 build/cc26x0-cc13x0/sensortag/cc2650/obj/uipbuf.o
                0x000000000000dda8                uipbuf_set_len_field
 .text.uipbuf_get_len_field
                0x000000000000ddb0        0xc build/cc26x0-cc13x0/sensortag/cc2650/obj/uipbuf.o
                0x000000000000ddb0                uipbuf_get_len_field
 .text.uipbuf_get_next_header
                0x000000000000ddbc       0x6c build/cc26x0-cc13x0/sensortag/cc2650/obj/uipbuf.o
                0x000000000000ddbc                uipbuf_get_next_header
 .text.uipbuf_get_last_header
                0x000000000000de28       0x70 build/cc26x0-cc13x0/sensortag/cc2650/obj/uipbuf.o
                0x000000000000de28                uipbuf_get_last_header
 .text.uipbuf_search_header
                0x000000000000de98       0x88 build/cc26x0-cc13x0/sensortag/cc2650/obj/uipbuf.o
                0x000000000000de98                uipbuf_search_header
 .text.uipbuf_get_attr
                0x000000000000df20       0x14 build/cc26x0-cc13x0/sensortag/cc2650/obj/uipbuf.o
                0x000000000000df20                uipbuf_get_attr
 .text.uipbuf_set_attr
                0x000000000000df34       0x18 build/cc26x0-cc13x0/sensortag/cc2650/obj/uipbuf.o
                0x000000000000df34                uipbuf_set_attr
 .text.uipbuf_init
                0x000000000000df4c       0x20 build/cc26x0-cc13x0/sensortag/cc2650/obj/uipbuf.o
                0x000000000000df4c                uipbuf_init
 .text.uip_ds6_addr_rm.part.0
                0x000000000000df6c       0x88 build/cc26x0-cc13x0/sensortag/cc2650/obj/uip-ds6.o
 .text.uip_ds6_default_prefix
                0x000000000000dff4        0x8 build/cc26x0-cc13x0/sensortag/cc2650/obj/uip-ds6.o
                0x000000000000dff4                uip_ds6_default_prefix
 .text.uip_ds6_periodic
                0x000000000000dffc       0x58 build/cc26x0-cc13x0/sensortag/cc2650/obj/uip-ds6.o
                0x000000000000dffc                uip_ds6_periodic
 .text.uip_ds6_prefix_add
                0x000000000000e054       0xb0 build/cc26x0-cc13x0/sensortag/cc2650/obj/uip-ds6.o
                0x000000000000e054                uip_ds6_prefix_add
 .text.uip_ds6_is_addr_onlink
                0x000000000000e104       0x44 build/cc26x0-cc13x0/sensortag/cc2650/obj/uip-ds6.o
                0x000000000000e104                uip_ds6_is_addr_onlink
 .text.uip_ds6_addr_rm
                0x000000000000e148        0x8 build/cc26x0-cc13x0/sensortag/cc2650/obj/uip-ds6.o
                0x000000000000e148                uip_ds6_addr_rm
 .text.uip_ds6_addr_lookup
                0x000000000000e150       0x50 build/cc26x0-cc13x0/sensortag/cc2650/obj/uip-ds6.o
                0x000000000000e150                uip_ds6_addr_lookup
 .text.uip_ds6_get_link_local
                0x000000000000e1a0       0x54 build/cc26x0-cc13x0/sensortag/cc2650/obj/uip-ds6.o
                0x000000000000e1a0                uip_ds6_get_link_local
 .text.uip_ds6_get_global
                0x000000000000e1f4       0x54 build/cc26x0-cc13x0/sensortag/cc2650/obj/uip-ds6.o
                0x000000000000e1f4                uip_ds6_get_global
 .text.uip_ds6_maddr_add
                0x000000000000e248       0x80 build/cc26x0-cc13x0/sensortag/cc2650/obj/uip-ds6.o
                0x000000000000e248                uip_ds6_maddr_add
 .text.uip_ds6_addr_add
                0x000000000000e2c8       0xd4 build/cc26x0-cc13x0/sensortag/cc2650/obj/uip-ds6.o
                0x000000000000e2c8                uip_ds6_addr_add
 .text.uip_ds6_init
                0x000000000000e39c      0x13c build/cc26x0-cc13x0/sensortag/cc2650/obj/uip-ds6.o
                0x000000000000e39c                uip_ds6_init
 .text.uip_ds6_maddr_rm
                0x000000000000e4d8        0x8 build/cc26x0-cc13x0/sensortag/cc2650/obj/uip-ds6.o
                0x000000000000e4d8                uip_ds6_maddr_rm
 .text.uip_ds6_maddr_lookup
                0x000000000000e4e0       0x50 build/cc26x0-cc13x0/sensortag/cc2650/obj/uip-ds6.o
                0x000000000000e4e0                uip_ds6_maddr_lookup
 .text.uip_ds6_select_src
                0x000000000000e530      0x160 build/cc26x0-cc13x0/sensortag/cc2650/obj/uip-ds6.o
                0x000000000000e530                uip_ds6_select_src
 .text.uip_ds6_set_addr_iid
                0x000000000000e690       0x18 build/cc26x0-cc13x0/sensortag/cc2650/obj/uip-ds6.o
                0x000000000000e690                uip_ds6_set_addr_iid
 .text.uip_ds6_set_lladdr_from_iid
                0x000000000000e6a8       0x18 build/cc26x0-cc13x0/sensortag/cc2650/obj/uip-ds6.o
                0x000000000000e6a8                uip_ds6_set_lladdr_from_iid
 .text.uip_ds6_nbr_rm
                0x000000000000e6c0       0x24 build/cc26x0-cc13x0/sensortag/cc2650/obj/uip-ds6-nbr.o
                0x000000000000e6c0                uip_ds6_nbr_rm
 .text.uip_ds6_neighbors_init
                0x000000000000e6e4       0x1c build/cc26x0-cc13x0/sensortag/cc2650/obj/uip-ds6-nbr.o
                0x000000000000e6e4                uip_ds6_neighbors_init
 .text.uip_ds6_nbr_add
                0x000000000000e700       0x40 build/cc26x0-cc13x0/sensortag/cc2650/obj/uip-ds6-nbr.o
                0x000000000000e700                uip_ds6_nbr_add
 .text.uip_ds6_nbr_update_ll
                0x000000000000e740       0x78 build/cc26x0-cc13x0/sensortag/cc2650/obj/uip-ds6-nbr.o
                0x000000000000e740                uip_ds6_nbr_update_ll
 .text.uip_ds6_nbr_get_ipaddr
                0x000000000000e7b8        0x4 build/cc26x0-cc13x0/sensortag/cc2650/obj/uip-ds6-nbr.o
                0x000000000000e7b8                uip_ds6_nbr_get_ipaddr
 .text.uip_ds6_nbr_get_ll
                0x000000000000e7bc        0xc build/cc26x0-cc13x0/sensortag/cc2650/obj/uip-ds6-nbr.o
                0x000000000000e7bc                uip_ds6_nbr_get_ll
 .text.uip_ds6_nbr_head
                0x000000000000e7c8        0xc build/cc26x0-cc13x0/sensortag/cc2650/obj/uip-ds6-nbr.o
                0x000000000000e7c8                uip_ds6_nbr_head
 .text.uip_ds6_nbr_next
                0x000000000000e7d4        0xc build/cc26x0-cc13x0/sensortag/cc2650/obj/uip-ds6-nbr.o
                0x000000000000e7d4                uip_ds6_nbr_next
 .text.uip_ds6_nbr_lookup
                0x000000000000e7e0       0x3c build/cc26x0-cc13x0/sensortag/cc2650/obj/uip-ds6-nbr.o
                0x000000000000e7e0                uip_ds6_nbr_lookup
 .text.uip_ds6_nbr_ipaddr_from_lladdr
                0x000000000000e81c        0xc build/cc26x0-cc13x0/sensortag/cc2650/obj/uip-ds6-nbr.o
                0x000000000000e81c                uip_ds6_nbr_ipaddr_from_lladdr
 .text.uip_ds6_nbr_lladdr_from_ipaddr
                0x000000000000e828       0x1c build/cc26x0-cc13x0/sensortag/cc2650/obj/uip-ds6-nbr.o
                0x000000000000e828                uip_ds6_nbr_lladdr_from_ipaddr
 .text.uip_ds6_link_callback
                0x000000000000e844        0x4 build/cc26x0-cc13x0/sensortag/cc2650/obj/uip-ds6-nbr.o
                0x000000000000e844                uip_ds6_link_callback
 .text.uip_ds6_route_init
                0x000000000000e848       0x1c build/cc26x0-cc13x0/sensortag/cc2650/obj/uip-ds6-route.o
                0x000000000000e848                uip_ds6_route_init
 .text.uip_ds6_route_nexthop
                0x000000000000e864        0x4 build/cc26x0-cc13x0/sensortag/cc2650/obj/uip-ds6-route.o
                0x000000000000e864                uip_ds6_route_nexthop
 .text.uip_ds6_route_lookup