Archive member included to satisfy reference by file (symbol)

/home/irt/IoT/gcc-arm-none-eabi-10.3-2021.10/bin/../lib/gcc/arm-none-eabi/10.3.1/../../../../arm-none-eabi/lib/thumb/v7-m/nofp/libm.a(lib_a-w_exp2.o)
                              build/cc26x0-cc13x0/sensortag/cc2650/obj/opt-3001-sensor.o (exp2)
/home/irt/IoT/gcc-arm-none-eabi-10.3-2021.10/bin/../lib/gcc/arm-none-eabi/10.3.1/../../../../arm-none-eabi/lib/thumb/v7-m/nofp/libm.a(lib_a-w_pow.o)
                              /home/irt/IoT/gcc-arm-none-eabi-10.3-2021.10/bin/../lib/gcc/arm-none-eabi/10.3.1/../../../../arm-none-eabi/lib/thumb/v7-m/nofp/libm.a(lib_a-w_exp2.o) (pow)
/home/irt/IoT/gcc-arm-none-eabi-10.3-2021.10/bin/../lib/gcc/arm-none-eabi/10.3.1/../../../../arm-none-eabi/lib/thumb/v7-m/nofp/libm.a(lib_a-e_pow.o)
                              /home/irt/IoT/gcc-arm-none-eabi-10.3-2021.10/bin/../lib/gcc/arm-none-eabi/10.3.1/../../../../arm-none-eabi/lib/thumb/v7-m/nofp/libm.a(lib_a-w_pow.o) (__ieee754_pow)
/home/irt/IoT/gcc-arm-none-eabi-10.3-2021.10/bin/../lib/gcc/arm-none-eabi/10.3.1/../../../../arm-none-eabi/lib/thumb/v7-m/nofp/libm.a(lib_a-e_sqrt.o)
                              /home/irt/IoT/gcc-arm-none-eabi-10.3-2021.10/bin/../lib/gcc/arm-none-eabi/10.3.1/../../../../arm-none-eabi/lib/thumb/v7-m/nofp/libm.a(lib_a-e_pow.o) (__ieee754_sqrt)
/home/irt/IoT/gcc-arm-none-eabi-10.3-2021.10/bin/../lib/gcc/arm-none-eabi/10.3.1/../../../../arm-none-eabi/lib/thumb/v7-m/nofp/libm.a(lib_a-math_err.o)
                              /home/irt/IoT/gcc-arm-none-eabi-10.3-2021.10/bin/../lib/gcc/arm-none-eabi/10.3.1/../../../../arm-none-eabi/lib/thumb/v7-m/nofp/libm.a(lib_a-e_pow.o) (__math_uflow)
/home/irt/IoT/gcc-arm-none-eabi-10.3-2021.10/bin/../lib/gcc/arm-none-eabi/10.3.1/../../../../arm-none-eabi/lib/thumb/v7-m/nofp/libm.a(lib_a-s_fabs.o)
                              /home/irt/IoT/gcc-arm-none-eabi-10.3-2021.10/bin/../lib/gcc/arm-none-eabi/10.3.1/../../../../arm-none-eabi/lib/thumb/v7-m/nofp/libm.a(lib_a-e_pow.o) (fabs)
/home/irt/IoT/gcc-arm-none-eabi-10.3-2021.10/bin/../lib/gcc/arm-none-eabi/10.3.1/../../../../arm-none-eabi/lib/thumb/v7-m/nofp/libm.a(lib_a-s_finite.o)
                              /home/irt/IoT/gcc-arm-none-eabi-10.3-2021.10/bin/../lib/gcc/arm-none-eabi/10.3.1/../../../../arm-none-eabi/lib/thumb/v7-m/nofp/libm.a(lib_a-w_pow.o) (finite)
/home/irt/IoT/gcc-arm-none-eabi-10.3-2021.10/bin/../lib/gcc/arm-none-eabi/10.3.1/../../../../arm-none-eabi/lib/thumb/v7-m/nofp/libm.a(lib_a-s_scalbn.o)
                              /home/irt/IoT/gcc-arm-none-eabi-10.3-2021.10/bin/../lib/gcc/arm-none-eabi/10.3.1/../../../../arm-none-eabi/lib/thumb/v7-m/nofp/libm.a(lib_a-e_pow.o) (scalbn)
/home/irt/IoT/gcc-arm-none-eabi-10.3-2021.10/bin/../lib/gcc/arm-none-eabi/10.3.1/thumb/v7-m/nofp/libgcc.a(_arm_muldf3.o)
                              build/cc26x0-cc13x0/sensortag/cc2650/obj/opt-3001-sensor.o (__aeabi_dmul)
/home/irt/IoT/gcc-arm-none-eabi-10.3-2021.10/bin/../lib/gcc/arm-none-eabi/10.3.1/thumb/v7-m/nofp/libgcc.a(_arm_mulsf3.o)
                              build/cc26x0-cc13x0/sensortag/cc2650/obj/tmp-007-sensor.o (__aeabi_fmul)
/home/irt/IoT/gcc-arm-none-eabi-10.3-2021.10/bin/../lib/gcc/arm-none-eabi/10.3.1/thumb/v7-m/nofp/libgcc.a(_arm_addsubdf3.o)
                              build/cc26x0-cc13x0/sensortag/cc2650/obj/hdc-1000-sensor.o (__aeabi_dsub)
/home/irt/IoT/gcc-arm-none-eabi-10.3-2021.10/bin/../lib/gcc/arm-none-eabi/10.3.1/thumb/v7-m/nofp/libgcc.a(_arm_muldivdf3.o)
                              build/cc26x0-cc13x0/sensortag/cc2650/obj/mpu-9250-sensor.o (__aeabi_ddiv)
/home/irt/IoT/gcc-arm-none-eabi-10.3-2021.10/bin/../lib/gcc/arm-none-eabi/10.3.1/thumb/v7-m/nofp/libgcc.a(_arm_cmpdf2.o)
                              /home/irt/IoT/gcc-arm-none-eabi-10.3-2021.10/bin/../lib/gcc/arm-none-eabi/10.3.1/../../../../arm-none-eabi/lib/thumb/v7-m/nofp/libm.a(lib_a-w_pow.o) (__aeabi_dcmpeq)
/home/irt/IoT/gcc-arm-none-eabi-10.3-2021.10/bin/../lib/gcc/arm-none-eabi/10.3.1/thumb/v7-m/nofp/libgcc.a(_arm_unorddf2.o)
                              /home/irt/IoT/gcc-arm-none-eabi-10.3-2021.10/bin/../lib/gcc/arm-none-eabi/10.3.1/../../../../arm-none-eabi/lib/thumb/v7-m/nofp/libm.a(lib_a-w_pow.o) (__aeabi_dcmpun)
/home/irt/IoT/gcc-arm-none-eabi-10.3-2021.10/bin/../lib/gcc/arm-none-eabi/10.3.1/thumb/v7-m/nofp/libgcc.a(_arm_fixunsdfsi.o)
                              build/cc26x0-cc13x0/sensortag/cc2650/obj/ble-hal-cc26xx.o (__aeabi_d2uiz)
/home/irt/IoT/gcc-arm-none-eabi-10.3-2021.10/bin/../lib/gcc/arm-none-eabi/10.3.1/thumb/v7-m/nofp/libgcc.a(_arm_truncdfsf2.o)
                              build/cc26x0-cc13x0/sensortag/cc2650/obj/opt-3001-sensor.o (__aeabi_d2f)
/home/irt/IoT/gcc-arm-none-eabi-10.3-2021.10/bin/../lib/gcc/arm-none-eabi/10.3.1/thumb/v7-m/nofp/libgcc.a(_arm_addsubsf3.o)
                              build/cc26x0-cc13x0/sensortag/cc2650/obj/tmp-007-sensor.o (__aeabi_i2f)
[...]
Memory Configuration

Name             Origin             Length             Attributes
FLASH            0x0000000000000000 0x000000000001ffa8 xr
FLASH_CCFG       0x000000000001ffa8 0x0000000000000058 xr
SRAM             0x0000000020000000 0x0000000000005000 xrw
GPRAM            0x0000000011000000 0x0000000000002000 xrw
*default*        0x0000000000000000 0xffffffffffffffff

Linker script and memory map

LOAD build/cc26x0-cc13x0/sensortag/cc2650/obj/fault-handlers.o
LOAD build/cc26x0-cc13x0/sensortag/cc2650/obj/ccfg.o
LOAD build/cc26x0-cc13x0/sensortag/cc2650/obj/startup_gcc.o
LOAD build/cc26x0-cc13x0/sensortag/cc2650/obj/platform.o
LOAD build/cc26x0-cc13x0/sensortag/cc2650/obj/leds-arch.o
LOAD build/cc26x0-cc13x0/sensortag/cc2650/obj/sensortag-sensors.o
LOAD build/cc26x0-cc13x0/sensortag/cc2650/obj/board-buttons.o
LOAD build/cc26x0-cc13x0/sensortag/cc2650/obj/sensor-common.o
LOAD build/cc26x0-cc13x0/sensortag/cc2650/obj/bmp-280-sensor.o
LOAD build/cc26x0-cc13x0/sensortag/cc2650/obj/tmp-007-sensor.o
LOAD build/cc26x0-cc13x0/sensortag/cc2650/obj/opt-3001-sensor.o
LOAD build/cc26x0-cc13x0/sensortag/cc2650/obj/hdc-1000-sensor.o
LOAD build/cc26x0-cc13x0/sensortag/cc2650/obj/mpu-9250-sensor.o
LOAD build/cc26x0-cc13x0/sensortag/cc2650/obj/xmem.o
LOAD build/cc26x0-cc13x0/sensortag/cc2650/obj/buzzer.o
LOAD build/cc26x0-cc13x0/sensortag/cc2650/obj/board.o
LOAD build/cc26x0-cc13x0/sensortag/cc2650/obj/board-i2c.o
LOAD build/cc26x0-cc13x0/sensortag/cc2650/obj/clock.o
LOAD build/cc26x0-cc13x0/sensortag/cc2650/obj/rtimer-arch.o
LOAD build/cc26x0-cc13x0/sensortag/cc2650/obj/soc-rtc.o
LOAD build/cc26x0-cc13x0/sensortag/cc2650/obj/uart.o
LOAD build/cc26x0-cc13x0/sensortag/cc2650/obj/contiki-watchdog.o
LOAD build/cc26x0-cc13x0/sensortag/cc2650/obj/aux-ctrl.o
LOAD build/cc26x0-cc13x0/sensortag/cc2650/obj/dbg.o
LOAD build/cc26x0-cc13x0/sensortag/cc2650/obj/ieee-addr.o
LOAD build/cc26x0-cc13x0/sensortag/cc2650/obj/batmon-sensor.o
LOAD build/cc26x0-cc13x0/sensortag/cc2650/obj/adc-sensor.o
LOAD build/cc26x0-cc13x0/sensortag/cc2650/obj/slip-arch.o
LOAD build/cc26x0-cc13x0/sensortag/cc2650/obj/slip.o
LOAD build/cc26x0-cc13x0/sensortag/cc2650/obj/cc26xx-uart.o
LOAD build/cc26x0-cc13x0/sensortag/cc2650/obj/lpm.o
LOAD build/cc26x0-cc13x0/sensortag/cc2650/obj/gpio-interrupt.o
LOAD build/cc26x0-cc13x0/sensortag/cc2650/obj/gpio-hal-arch.o
LOAD build/cc26x0-cc13x0/sensortag/cc2650/obj/oscillators.o
LOAD build/cc26x0-cc13x0/sensortag/cc2650/obj/rf-core.o
LOAD build/cc26x0-cc13x0/sensortag/cc2650/obj/rf-ble.o
LOAD build/cc26x0-cc13x0/sensortag/cc2650/obj/ieee-mode.o
LOAD build/cc26x0-cc13x0/sensortag/cc2650/obj/ble-cc2650.o
LOAD build/cc26x0-cc13x0/sensortag/cc2650/obj/ble-hal-cc26xx.o
LOAD build/cc26x0-cc13x0/sensortag/cc2650/obj/ble-addr.o
LOAD build/cc26x0-cc13x0/sensortag/cc2650/obj/rf-ble-cmd.o
LOAD build/cc26x0-cc13x0/sensortag/cc2650/obj/random.o
LOAD build/cc26x0-cc13x0/sensortag/cc2650/obj/soc-trng.o
LOAD build/cc26x0-cc13x0/sensortag/cc2650/obj/int-master.o
LOAD build/cc26x0-cc13x0/sensortag/cc2650/obj/spi-arch.o
LOAD build/cc26x0-cc13x0/sensortag/cc2650/obj/cc26xx-aes.o
LOAD build/cc26x0-cc13x0/sensortag/cc2650/obj/httpd-simple.o
LOAD build/cc26x0-cc13x0/sensortag/cc2650/obj/webserver.o
LOAD build/cc26x0-cc13x0/sensortag/cc2650/obj/rpl-border-router.o
LOAD build/cc26x0-cc13x0/sensortag/cc2650/obj/serial-shell.o
LOAD build/cc26x0-cc13x0/sensortag/cc2650/obj/shell.o
LOAD build/cc26x0-cc13x0/sensortag/cc2650/obj/shell-commands.o
LOAD build/cc26x0-cc13x0/sensortag/cc2650/obj/contiki-main.o
LOAD build/cc26x0-cc13x0/sensortag/cc2650/obj/atomic.o
LOAD build/cc26x0-cc13x0/sensortag/cc2650/obj/autostart.o
LOAD build/cc26x0-cc13x0/sensortag/cc2650/obj/compower.o
LOAD build/cc26x0-cc13x0/sensortag/cc2650/obj/ctimer.o
LOAD build/cc26x0-cc13x0/sensortag/cc2650/obj/energest.o
LOAD build/cc26x0-cc13x0/sensortag/cc2650/obj/etimer.o
LOAD build/cc26x0-cc13x0/sensortag/cc2650/obj/log.o
LOAD build/cc26x0-cc13x0/sensortag/cc2650/obj/mutex.o
LOAD build/cc26x0-cc13x0/sensortag/cc2650/obj/node-id.o
LOAD build/cc26x0-cc13x0/sensortag/cc2650/obj/process.o
LOAD build/cc26x0-cc13x0/sensortag/cc2650/obj/rtimer.o
LOAD build/cc26x0-cc13x0/sensortag/cc2650/obj/stack-check.o
LOAD build/cc26x0-cc13x0/sensortag/cc2650/obj/stimer.o
LOAD build/cc26x0-cc13x0/sensortag/cc2650/obj/timer.o
LOAD build/cc26x0-cc13x0/sensortag/cc2650/obj/aes-128.o
LOAD build/cc26x0-cc13x0/sensortag/cc2650/obj/assert.o
LOAD build/cc26x0-cc13x0/sensortag/cc2650/obj/ccm-star.o
LOAD build/cc26x0-cc13x0/sensortag/cc2650/obj/circular-list.o
LOAD build/cc26x0-cc13x0/sensortag/cc2650/obj/crc16.o
LOAD build/cc26x0-cc13x0/sensortag/cc2650/obj/dbl-circ-list.o
LOAD build/cc26x0-cc13x0/sensortag/cc2650/obj/dbl-list.o
LOAD build/cc26x0-cc13x0/sensortag/cc2650/obj/heapmem.o
LOAD build/cc26x0-cc13x0/sensortag/cc2650/obj/hexconv.o
LOAD build/cc26x0-cc13x0/sensortag/cc2650/obj/ifft.o
LOAD build/cc26x0-cc13x0/sensortag/cc2650/obj/list.o
LOAD build/cc26x0-cc13x0/sensortag/cc2650/obj/memb.o
LOAD build/cc26x0-cc13x0/sensortag/cc2650/obj/ringbuf.o
LOAD build/cc26x0-cc13x0/sensortag/cc2650/obj/ringbufindex.o
LOAD build/cc26x0-cc13x0/sensortag/cc2650/obj/sensors.o
LOAD build/cc26x0-cc13x0/sensortag/cc2650/obj/trickle-timer.o
LOAD build/cc26x0-cc13x0/sensortag/cc2650/obj/button-hal.o
LOAD build/cc26x0-cc13x0/sensortag/cc2650/obj/gpio-hal.o
LOAD build/cc26x0-cc13x0/sensortag/cc2650/obj/leds.o
LOAD build/cc26x0-cc13x0/sensortag/cc2650/obj/nullradio.o
LOAD build/cc26x0-cc13x0/sensortag/cc2650/obj/serial-line.o
LOAD build/cc26x0-cc13x0/sensortag/cc2650/obj/spi.o
LOAD build/cc26x0-cc13x0/sensortag/cc2650/obj/linkaddr.o
LOAD build/cc26x0-cc13x0/sensortag/cc2650/obj/link-stats.o
LOAD build/cc26x0-cc13x0/sensortag/cc2650/obj/nbr-table.o
LOAD build/cc26x0-cc13x0/sensortag/cc2650/obj/net-debug.o
LOAD build/cc26x0-cc13x0/sensortag/cc2650/obj/netstack.o
LOAD build/cc26x0-cc13x0/sensortag/cc2650/obj/packetbuf.o
LOAD build/cc26x0-cc13x0/sensortag/cc2650/obj/queuebuf.o
LOAD build/cc26x0-cc13x0/sensortag/cc2650/obj/mac.o
LOAD build/cc26x0-cc13x0/sensortag/cc2650/obj/mac-sequence.o
LOAD build/cc26x0-cc13x0/sensortag/cc2650/obj/frame802154.o
LOAD build/cc26x0-cc13x0/sensortag/cc2650/obj/frame802154e-ie.o
LOAD build/cc26x0-cc13x0/sensortag/cc2650/obj/framer-802154.o
LOAD build/cc26x0-cc13x0/sensortag/cc2650/obj/nullframer.o
LOAD build/cc26x0-cc13x0/sensortag/cc2650/obj/ext-flash.o
LOAD build/cc26x0-cc13x0/sensortag/cc2650/obj/adi.o
LOAD build/cc26x0-cc13x0/sensortag/cc2650/obj/aon_batmon.o
LOAD build/cc26x0-cc13x0/sensortag/cc2650/obj/aon_event.o
LOAD build/cc26x0-cc13x0/sensortag/cc2650/obj/aon_ioc.o
LOAD build/cc26x0-cc13x0/sensortag/cc2650/obj/aon_rtc.o
LOAD build/cc26x0-cc13x0/sensortag/cc2650/obj/aon_wuc.o
LOAD build/cc26x0-cc13x0/sensortag/cc2650/obj/aux_adc.o
LOAD build/cc26x0-cc13x0/sensortag/cc2650/obj/aux_smph.o
LOAD build/cc26x0-cc13x0/sensortag/cc2650/obj/aux_tdc.o
LOAD build/cc26x0-cc13x0/sensortag/cc2650/obj/aux_timer.o
LOAD build/cc26x0-cc13x0/sensortag/cc2650/obj/aux_wuc.o
LOAD build/cc26x0-cc13x0/sensortag/cc2650/obj/ccfgread.o
LOAD build/cc26x0-cc13x0/sensortag/cc2650/obj/chipinfo.o
LOAD build/cc26x0-cc13x0/sensortag/cc2650/obj/cpu.o
LOAD build/cc26x0-cc13x0/sensortag/cc2650/obj/crypto.o
LOAD build/cc26x0-cc13x0/sensortag/cc2650/obj/ddi.o
LOAD build/cc26x0-cc13x0/sensortag/cc2650/obj/driverlib_release.o
LOAD build/cc26x0-cc13x0/sensortag/cc2650/obj/event.o
LOAD build/cc26x0-cc13x0/sensortag/cc2650/obj/flash.o
LOAD build/cc26x0-cc13x0/sensortag/cc2650/obj/gpio.o
LOAD build/cc26x0-cc13x0/sensortag/cc2650/obj/i2c.o
LOAD build/cc26x0-cc13x0/sensortag/cc2650/obj/i2s.o
LOAD build/cc26x0-cc13x0/sensortag/cc2650/obj/interrupt.o
LOAD build/cc26x0-cc13x0/sensortag/cc2650/obj/ioc.o
LOAD build/cc26x0-cc13x0/sensortag/cc2650/obj/osc.o
LOAD build/cc26x0-cc13x0/sensortag/cc2650/obj/prcm.o
LOAD build/cc26x0-cc13x0/sensortag/cc2650/obj/pwr_ctrl.o
LOAD build/cc26x0-cc13x0/sensortag/cc2650/obj/rfc.o
LOAD build/cc26x0-cc13x0/sensortag/cc2650/obj/rom_crypto.o
LOAD build/cc26x0-cc13x0/sensortag/cc2650/obj/setup.o
LOAD build/cc26x0-cc13x0/sensortag/cc2650/obj/setup_rom.o
LOAD build/cc26x0-cc13x0/sensortag/cc2650/obj/smph.o
LOAD build/cc26x0-cc13x0/sensortag/cc2650/obj/ssi.o
LOAD build/cc26x0-cc13x0/sensortag/cc2650/obj/sys_ctrl.o
LOAD build/cc26x0-cc13x0/sensortag/cc2650/obj/systick.o
LOAD build/cc26x0-cc13x0/sensortag/cc2650/obj/trng.o
LOAD build/cc26x0-cc13x0/sensortag/cc2650/obj/udma.o
LOAD build/cc26x0-cc13x0/sensortag/cc2650/obj/vims.o
LOAD build/cc26x0-cc13x0/sensortag/cc2650/obj/watchdog.o
LOAD build/cc26x0-cc13x0/sensortag/cc2650/obj/syscalls.o
LOAD build/cc26x0-cc13x0/sensortag/cc2650/obj/printf.o
LOAD build/cc26x0-cc13x0/sensortag/cc2650/obj/putchar.o
LOAD build/cc26x0-cc13x0/sensortag/cc2650/obj/puts.o
LOAD build/cc26x0-cc13x0/sensortag/cc2650/obj/snprintf.o
LOAD build/cc26x0-cc13x0/sensortag/cc2650/obj/sprintf.o
LOAD build/cc26x0-cc13x0/sensortag/cc2650/obj/strformat.o
LOAD build/cc26x0-cc13x0/sensortag/cc2650/obj/anti-replay.o
LOAD build/cc26x0-cc13x0/sensortag/cc2650/obj/ccm-star-packetbuf.o
LOAD build/cc26x0-cc13x0/sensortag/cc2650/obj/csma.o
LOAD build/cc26x0-cc13x0/sensortag/cc2650/obj/csma-output.o
LOAD build/cc26x0-cc13x0/sensortag/cc2650/obj/csma-security.o
LOAD build/cc26x0-cc13x0/sensortag/cc2650/obj/ip64-addr.o
LOAD build/cc26x0-cc13x0/sensortag/cc2650/obj/psock.o
LOAD build/cc26x0-cc13x0/sensortag/cc2650/obj/sicslowpan.o
LOAD build/cc26x0-cc13x0/sensortag/cc2650/obj/simple-udp.o
LOAD build/cc26x0-cc13x0/sensortag/cc2650/obj/tcpip.o
LOAD build/cc26x0-cc13x0/sensortag/cc2650/obj/tcp-socket.o
LOAD build/cc26x0-cc13x0/sensortag/cc2650/obj/udp-socket.o
LOAD build/cc26x0-cc13x0/sensortag/cc2650/obj/uip6.o
LOAD build/cc26x0-cc13x0/sensortag/cc2650/obj/uipbuf.o
LOAD build/cc26x0-cc13x0/sensortag/cc2650/obj/uip-ds6.o
LOAD build/cc26x0-cc13x0/sensortag/cc2650/obj/uip-ds6-nbr.o
LOAD build/cc26x0-cc13x0/sensortag/cc2650/obj/uip-ds6-route.o
LOAD build/cc26x0-cc13x0/sensortag/cc2650/obj/uip-icmp6.o
LOAD build/cc26x0-cc13x0/sensortag/cc2650/obj/uiplib.o
LOAD build/cc26x0-cc13x0/sensortag/cc2650/obj/uip-nameserver.o
LOAD build/cc26x0-cc13x0/sensortag/cc2650/obj/uip-nd6.o
LOAD build/cc26x0-cc13x0/sensortag/cc2650/obj/uip-packetqueue.o
LOAD build/cc26x0-cc13x0/sensortag/cc2650/obj/uip-sr.o
LOAD build/cc26x0-cc13x0/sensortag/cc2650/obj/uip-udp-packet.o
LOAD build/cc26x0-cc13x0/sensortag/cc2650/obj/rpl.o
LOAD build/cc26x0-cc13x0/sensortag/cc2650/obj/rpl-dag.o
LOAD build/cc26x0-cc13x0/sensortag/cc2650/obj/rpl-dag-root.o
LOAD build/cc26x0-cc13x0/sensortag/cc2650/obj/rpl-ext-header.o
LOAD build/cc26x0-cc13x0/sensortag/cc2650/obj/rpl-icmp6.o
LOAD build/cc26x0-cc13x0/sensortag/cc2650/obj/rpl-mrhof.o
LOAD build/cc26x0-cc13x0/sensortag/cc2650/obj/rpl-nbr-policy.o
LOAD build/cc26x0-cc13x0/sensortag/cc2650/obj/rpl-neighbor.o
LOAD build/cc26x0-cc13x0/sensortag/cc2650/obj/rpl-of0.o
LOAD build/cc26x0-cc13x0/sensortag/cc2650/obj/rpl-timers.o
LOAD build/cc26x0-cc13x0/sensortag/cc2650/obj/border-router-embedded.o
LOAD build/cc26x0-cc13x0/sensortag/cc2650/obj/slip-bridge.o
LOAD border-router.o
START GROUP
LOAD /home/irt/IoT/gcc-arm-none-eabi-10.3-2021.10/bin/../lib/gcc/arm-none-eabi/10.3.1/../../../../arm-none-eabi/lib/thumb/v7-m/nofp/libm.a
END GROUP
START GROUP
LOAD /home/irt/IoT/gcc-arm-none-eabi-10.3-2021.10/bin/../lib/gcc/arm-none-eabi/10.3.1/thumb/v7-m/nofp/libgcc.a
LOAD /home/irt/IoT/gcc-arm-none-eabi-10.3-2021.10/bin/../lib/gcc/arm-none-eabi/10.3.1/../../../../arm-none-eabi/lib/thumb/v7-m/nofp/libc.a
END GROUP
                0x0000000020005000                _estack = (ORIGIN (SRAM) + LENGTH (SRAM))
                0x0000000000000000                _Min_Heap_Size = 0x0
                0x0000000000000400                _Min_Stack_Size = 0x400

.text           0x0000000000000000    0x14d55
                0x0000000000000000                _text = .
 *(SORT_BY_ALIGNMENT(.vectors))
 .vectors       0x0000000000000000       0xc8 build/cc26x0-cc13x0/sensortag/cc2650/obj/startup_gcc.o
                0x0000000000000000                g_pfnVectors
 *(SORT_BY_ALIGNMENT(.text*))
 .text.value    0x00000000000000c8       0xb0 build/cc26x0-cc13x0/sensortag/cc2650/obj/opt-3001-sensor.o
 .text.value    0x0000000000000178       0x9c build/cc26x0-cc13x0/sensortag/cc2650/obj/hdc-1000-sensor.o
 *fill*         0x0000000000000214        0x4 00000000
 .text.value    0x0000000000000218      0x1dc build/cc26x0-cc13x0/sensortag/cc2650/obj/mpu-9250-sensor.o
 *fill*         0x00000000000003f4        0x4 00000000
 .text.__ieee754_pow
                0x00000000000003f8      0xb08 /home/irt/IoT/gcc-arm-none-eabi-10.3-2021.10/bin/../lib/gcc/arm-none-eabi/10.3.1/../../../../arm-none-eabi/lib/thumb/v7-m/nofp/libm.a(lib_a-e_pow.o)
                0x00000000000003f8                __ieee754_pow
 .text.scalbn   0x0000000000000f00       0xfc /home/irt/IoT/gcc-arm-none-eabi-10.3-2021.10/bin/../lib/gcc/arm-none-eabi/10.3.1/../../../../arm-none-eabi/lib/thumb/v7-m/nofp/libm.a(lib_a-s_scalbn.o)
                0x0000000000000f00                scalbn
 .text.FaultISR
                0x0000000000000ffc       0x1c build/cc26x0-cc13x0/sensortag/cc2650/obj/fault-handlers.o
                0x0000000000000ffc                FaultISR
 .text.NmiSRHandler
                0x0000000000001018        0x4 build/cc26x0-cc13x0/sensortag/cc2650/obj/startup_gcc.o
                0x0000000000001018                NmiSR
 .text.IntDefaultHandler
                0x000000000000101c        0x4 build/cc26x0-cc13x0/sensortag/cc2650/obj/startup_gcc.o
                0x000000000000101c                SSI0IntHandler
                0x000000000000101c                SWEvent0IntHandler
                0x000000000000101c                uDMAIntHandler
                0x000000000000101c                WatchdogIntHandler
                0x000000000000101c                RFCHardwareIntHandler
                0x000000000000101c                Timer1BIntHandler
                0x000000000000101c                I2SIntHandler
                0x000000000000101c                Timer2BIntHandler
                0x000000000000101c                Timer2AIntHandler
                0x000000000000101c                Timer1AIntHandler
                0x000000000000101c                AONIntHandler
                0x000000000000101c                AUXSWEvent0IntHandler
                0x000000000000101c                AUXADCIntHandler
                0x000000000000101c                PendSVIntHandler
                0x000000000000101c                AUXSWEvent1IntHandler
                0x000000000000101c                SVCallIntHandler
                0x000000000000101c                MPUFaultIntHandler
                0x000000000000101c                SysTickIntHandler
                0x000000000000101c                BusFaultIntHandler
                0x000000000000101c                AONProgIntHandler
                0x000000000000101c                AUXCompAIntHandler
                0x000000000000101c                SSI1IntHandler
                0x000000000000101c                FlashIntHandler
                0x000000000000101c                uDMAErrIntHandler
                0x000000000000101c                UsageFaultIntHandler
                0x000000000000101c                RFCCmdAckIntHandler
                0x000000000000101c                CryptoIntHandler
                0x000000000000101c                Timer0AIntHandler
                0x000000000000101c                I2CIntHandler
                0x000000000000101c                DebugMonIntHandler
                0x000000000000101c                Timer0BIntHandler
                0x000000000000101c                AUXCombEventIntHandler
                0x000000000000101c                Timer3AIntHandler
                0x000000000000101c                DynProgIntHandler
                0x000000000000101c                Timer3BIntHandler
 .text.ResetISR
                0x0000000000001020       0x5c build/cc26x0-cc13x0/sensortag/cc2650/obj/startup_gcc.o
                0x0000000000001020                ResetISR
 .text.fade     0x000000000000107c       0x64 build/cc26x0-cc13x0/sensortag/cc2650/obj/platform.o
 .text.platform_init_stage_one
                0x00000000000010e0       0x78 build/cc26x0-cc13x0/sensortag/cc2650/obj/platform.o
                0x00000000000010e0                platform_init_stage_one
 .text.platform_init_stage_two
                0x0000000000001158       0x38 build/cc26x0-cc13x0/sensortag/cc2650/obj/platform.o
                0x0000000000001158                platform_init_stage_two
 .text.platform_init_stage_three
                0x0000000000001190       0xd8 build/cc26x0-cc13x0/sensortag/cc2650/obj/platform.o
                0x0000000000001190                platform_init_stage_three
 .text.platform_idle
                0x0000000000001268        0x4 build/cc26x0-cc13x0/sensortag/cc2650/obj/platform.o
                0x0000000000001268                platform_idle
 .text.sensor_common_read_reg
                0x000000000000126c       0x20 build/cc26x0-cc13x0/sensortag/cc2650/obj/sensor-common.o
                0x000000000000126c                sensor_common_read_reg
 .text.sensor_common_write_reg
                0x000000000000128c       0x24 build/cc26x0-cc13x0/sensortag/cc2650/obj/sensor-common.o
                0x000000000000128c                sensor_common_write_reg
 .text.sensor_common_set_error_data
                0x00000000000012b0       0x10 build/cc26x0-cc13x0/sensortag/cc2650/obj/sensor-common.o
                0x00000000000012b0                sensor_common_set_error_data
 .text.status   0x00000000000012c0       0x14 build/cc26x0-cc13x0/sensortag/cc2650/obj/bmp-280-sensor.o
 .text.notify_ready
                0x00000000000012d4       0x14 build/cc26x0-cc13x0/sensortag/cc2650/obj/bmp-280-sensor.o
 .text.value    0x00000000000012e8      0x178 build/cc26x0-cc13x0/sensortag/cc2650/obj/bmp-280-sensor.o
 .text.configure
                0x0000000000001460       0xd4 build/cc26x0-cc13x0/sensortag/cc2650/obj/bmp-280-sensor.o
 .text.status   0x0000000000001534       0x14 build/cc26x0-cc13x0/sensortag/cc2650/obj/tmp-007-sensor.o
 .text.notify_ready
                0x0000000000001548       0x14 build/cc26x0-cc13x0/sensortag/cc2650/obj/tmp-007-sensor.o
 .text.value    0x000000000000155c       0xe0 build/cc26x0-cc13x0/sensortag/cc2650/obj/tmp-007-sensor.o
 .text.configure
                0x000000000000163c       0xc4 build/cc26x0-cc13x0/sensortag/cc2650/obj/tmp-007-sensor.o
 .text.status   0x0000000000001700        0xc build/cc26x0-cc13x0/sensortag/cc2650/obj/opt-3001-sensor.o
 .text.notify_ready
                0x000000000000170c       0x54 build/cc26x0-cc13x0/sensortag/cc2650/obj/opt-3001-sensor.o
 .text.configure
                0x0000000000001760       0xb0 build/cc26x0-cc13x0/sensortag/cc2650/obj/opt-3001-sensor.o
 .text.status   0x0000000000001810       0x14 build/cc26x0-cc13x0/sensortag/cc2650/obj/hdc-1000-sensor.o
 .text.notify_ready
                0x0000000000001824       0x64 build/cc26x0-cc13x0/sensortag/cc2650/obj/hdc-1000-sensor.o
 .text.configure
                0x0000000000001888       0xc8 build/cc26x0-cc13x0/sensortag/cc2650/obj/hdc-1000-sensor.o
 .text.acc_convert
                0x0000000000001950       0x70 build/cc26x0-cc13x0/sensortag/cc2650/obj/mpu-9250-sensor.o
 .text.status   0x00000000000019c0       0x14 build/cc26x0-cc13x0/sensortag/cc2650/obj/mpu-9250-sensor.o
 .text.notify_ready
                0x00000000000019d4       0x14 build/cc26x0-cc13x0/sensortag/cc2650/obj/mpu-9250-sensor.o
 .text.sensor_sleep
                0x00000000000019e8       0x38 build/cc26x0-cc13x0/sensortag/cc2650/obj/mpu-9250-sensor.o
 .text.configure
                0x0000000000001a20       0xe8 build/cc26x0-cc13x0/sensortag/cc2650/obj/mpu-9250-sensor.o
 .text.initialise
                0x0000000000001b08      0x100 build/cc26x0-cc13x0/sensortag/cc2650/obj/mpu-9250-sensor.o
 .text.buzzer_init
                0x0000000000001c08        0xc build/cc26x0-cc13x0/sensortag/cc2650/obj/buzzer.o
                0x0000000000001c08                buzzer_init
 .text.buzzer_stop
                0x0000000000001c14       0x7c build/cc26x0-cc13x0/sensortag/cc2650/obj/buzzer.o
                0x0000000000001c14                buzzer_stop
 .text.power_domains_on
                0x0000000000001c90       0x20 build/cc26x0-cc13x0/sensortag/cc2650/obj/board.o
 .text.lpm_wakeup_handler
                0x0000000000001cb0        0x4 build/cc26x0-cc13x0/sensortag/cc2650/obj/board.o
 .text.shutdown_handler
                0x0000000000001cb4       0x6c build/cc26x0-cc13x0/sensortag/cc2650/obj/board.o
 .text.board_init
                0x0000000000001d20      0x134 build/cc26x0-cc13x0/sensortag/cc2650/obj/board.o
                0x0000000000001d20                board_init
 .text.board_i2c_wakeup
                0x0000000000001e54       0x60 build/cc26x0-cc13x0/sensortag/cc2650/obj/board-i2c.o
                0x0000000000001e54                board_i2c_wakeup
 .text.board_i2c_shutdown
                0x0000000000001eb4       0xcc build/cc26x0-cc13x0/sensortag/cc2650/obj/board-i2c.o
                0x0000000000001eb4                board_i2c_shutdown
 .text.board_i2c_write
                0x0000000000001f80      0x1a8 build/cc26x0-cc13x0/sensortag/cc2650/obj/board-i2c.o
                0x0000000000001f80                board_i2c_write
 .text.board_i2c_write_single
                0x0000000000002128       0x94 build/cc26x0-cc13x0/sensortag/cc2650/obj/board-i2c.o
                0x0000000000002128                board_i2c_write_single
 .text.board_i2c_read
                0x00000000000021bc      0x14c build/cc26x0-cc13x0/sensortag/cc2650/obj/board-i2c.o
                0x00000000000021bc                board_i2c_read
 .text.board_i2c_write_read
                0x0000000000002308      0x220 build/cc26x0-cc13x0/sensortag/cc2650/obj/board-i2c.o
                0x0000000000002308                board_i2c_write_read
 .text.board_i2c_select
                0x0000000000002528      0x108 build/cc26x0-cc13x0/sensortag/cc2650/obj/board-i2c.o
                0x0000000000002528                board_i2c_select
 .text.power_domain_on
                0x0000000000002630       0x20 build/cc26x0-cc13x0/sensortag/cc2650/obj/clock.o
 .text.clock_init
                0x0000000000002650       0x8c build/cc26x0-cc13x0/sensortag/cc2650/obj/clock.o
                0x0000000000002650                clock_init
 .text.clock_time
                0x00000000000026dc       0x20 build/cc26x0-cc13x0/sensortag/cc2650/obj/clock.o
                0x00000000000026dc                clock_time
 .text.clock_update
                0x00000000000026fc       0x28 build/cc26x0-cc13x0/sensortag/cc2650/obj/clock.o
                0x00000000000026fc                clock_update
 .text.clock_seconds
                0x0000000000002724        0xc build/cc26x0-cc13x0/sensortag/cc2650/obj/clock.o
                0x0000000000002724                clock_seconds
 .text.rtimer_arch_init
                0x0000000000002730        0x4 build/cc26x0-cc13x0/sensortag/cc2650/obj/rtimer-arch.o
                0x0000000000002730                rtimer_arch_init
 .text.rtimer_arch_schedule
                0x0000000000002734        0x8 build/cc26x0-cc13x0/sensortag/cc2650/obj/rtimer-arch.o
                0x0000000000002734                rtimer_arch_schedule
 .text.rtimer_arch_now
                0x000000000000273c        0x4 build/cc26x0-cc13x0/sensortag/cc2650/obj/rtimer-arch.o
                0x000000000000273c                rtimer_arch_now
 .text.soc_rtc_init
                0x0000000000002740       0x90 build/cc26x0-cc13x0/sensortag/cc2650/obj/soc-rtc.o
                0x0000000000002740                soc_rtc_init
 .text.soc_rtc_schedule_one_shot
                0x00000000000027d0       0x68 build/cc26x0-cc13x0/sensortag/cc2650/obj/soc-rtc.o
                0x00000000000027d0                soc_rtc_schedule_one_shot
 .text.soc_rtc_last_isr_time
                0x0000000000002838        0xc build/cc26x0-cc13x0/sensortag/cc2650/obj/soc-rtc.o
                0x0000000000002838                soc_rtc_last_isr_time
 .text.AONRTCIntHandler
                0x0000000000002844       0x78 build/cc26x0-cc13x0/sensortag/cc2650/obj/soc-rtc.o
                0x0000000000002844                AONRTCIntHandler
 .text.watchdog_init
                0x00000000000028bc       0x10 build/cc26x0-cc13x0/sensortag/cc2650/obj/contiki-watchdog.o
                0x00000000000028bc                watchdog_init
 .text.watchdog_start
                0x00000000000028cc       0x58 build/cc26x0-cc13x0/sensortag/cc2650/obj/contiki-watchdog.o
                0x00000000000028cc                watchdog_start
 .text.watchdog_periodic
                0x0000000000002924        0xc build/cc26x0-cc13x0/sensortag/cc2650/obj/contiki-watchdog.o
                0x0000000000002924                watchdog_periodic
 .text.watchdog_reboot
                0x0000000000002930        0x8 build/cc26x0-cc13x0/sensortag/cc2650/obj/contiki-watchdog.o
                0x0000000000002930                watchdog_reboot
 .text.aux_ctrl_register_consumer
                0x0000000000002938       0x60 build/cc26x0-cc13x0/sensortag/cc2650/obj/aux-ctrl.o
                0x0000000000002938                aux_ctrl_register_consumer
 .text.aux_ctrl_power_up
                0x0000000000002998       0x28 build/cc26x0-cc13x0/sensortag/cc2650/obj/aux-ctrl.o
                0x0000000000002998                aux_ctrl_power_up
 .text.aux_ctrl_power_down
                0x00000000000029c0       0x64 build/cc26x0-cc13x0/sensortag/cc2650/obj/aux-ctrl.o
                0x00000000000029c0                aux_ctrl_power_down
 .text.aux_ctrl_unregister_consumer
                0x0000000000002a24       0x28 build/cc26x0-cc13x0/sensortag/cc2650/obj/aux-ctrl.o
                0x0000000000002a24                aux_ctrl_unregister_consumer
 .text.dbg_send_bytes
                0x0000000000002a4c       0x30 build/cc26x0-cc13x0/sensortag/cc2650/obj/dbg.o
                0x0000000000002a4c                dbg_send_bytes
 .text.ieee_addr_cpy_to
                0x0000000000002a7c       0x40 build/cc26x0-cc13x0/sensortag/cc2650/obj/ieee-addr.o
                0x0000000000002a7c                ieee_addr_cpy_to
 .text.slip_arch_writeb
                0x0000000000002abc        0x4 build/cc26x0-cc13x0/sensortag/cc2650/obj/slip-arch.o
                0x0000000000002abc                slip_arch_writeb
 .text.slip_arch_init
                0x0000000000002ac0        0xc build/cc26x0-cc13x0/sensortag/cc2650/obj/slip-arch.o
                0x0000000000002ac0                slip_arch_init
 .text.process_thread_slip_process
                0x0000000000002acc      0x2f0 build/cc26x0-cc13x0/sensortag/cc2650/obj/slip.o
 .text.slip_set_input_callback
                0x0000000000002dbc        0xc build/cc26x0-cc13x0/sensortag/cc2650/obj/slip.o
                0x0000000000002dbc                slip_set_input_callback
 .text.slip_write
                0x0000000000002dc8       0x54 build/cc26x0-cc13x0/sensortag/cc2650/obj/slip.o
                0x0000000000002dc8                slip_write
 .text.slip_send
                0x0000000000002e1c       0x14 build/cc26x0-cc13x0/sensortag/cc2650/obj/slip.o
                0x0000000000002e1c                slip_send
 .text.slip_input_byte
                0x0000000000002e30       0xb8 build/cc26x0-cc13x0/sensortag/cc2650/obj/slip.o
                0x0000000000002e30                slip_input_byte
 .text.power_and_clock
                0x0000000000002ee8       0x44 build/cc26x0-cc13x0/sensortag/cc2650/obj/cc26xx-uart.o
 .text.enable   0x0000000000002f2c       0xc0 build/cc26x0-cc13x0/sensortag/cc2650/obj/cc26xx-uart.o
 .text.lpm_drop_handler
                0x0000000000002fec      0x114 build/cc26x0-cc13x0/sensortag/cc2650/obj/cc26xx-uart.o
 .text.cc26xx_uart_init
                0x0000000000003100       0x28 build/cc26x0-cc13x0/sensortag/cc2650/obj/cc26xx-uart.o
                0x0000000000003100                cc26xx_uart_init
 .text.cc26xx_uart_write_byte
                0x0000000000003128       0x40 build/cc26x0-cc13x0/sensortag/cc2650/obj/cc26xx-uart.o
                0x0000000000003128                cc26xx_uart_write_byte
 .text.cc26xx_uart_set_input
                0x0000000000003168       0x74 build/cc26x0-cc13x0/sensortag/cc2650/obj/cc26xx-uart.o
                0x0000000000003168                cc26xx_uart_set_input
 .text.cc26xx_uart_busy
                0x00000000000031dc       0x34 build/cc26x0-cc13x0/sensortag/cc2650/obj/cc26xx-uart.o
                0x00000000000031dc                cc26xx_uart_busy
 .text.UART0IntHandler
                0x0000000000003210       0x44 build/cc26x0-cc13x0/sensortag/cc2650/obj/cc26xx-uart.o
                0x0000000000003210                UART0IntHandler
 .text.lpm_sleep
                0x0000000000003254       0x18 build/cc26x0-cc13x0/sensortag/cc2650/obj/lpm.o
                0x0000000000003254                lpm_sleep
 .text.lpm_drop
                0x000000000000326c      0x25c build/cc26x0-cc13x0/sensortag/cc2650/obj/lpm.o
                0x000000000000326c                lpm_drop
 .text.lpm_register_module
                0x00000000000034c8        0xc build/cc26x0-cc13x0/sensortag/cc2650/obj/lpm.o
                0x00000000000034c8                lpm_register_module
 .text.lpm_unregister_module
                0x00000000000034d4        0xc build/cc26x0-cc13x0/sensortag/cc2650/obj/lpm.o
                0x00000000000034d4                lpm_unregister_module
 .text.lpm_init
                0x00000000000034e0       0x20 build/cc26x0-cc13x0/sensortag/cc2650/obj/lpm.o
                0x00000000000034e0                lpm_init
 .text.lpm_pin_set_default_state
                0x0000000000003500       0x2c build/cc26x0-cc13x0/sensortag/cc2650/obj/lpm.o
                0x0000000000003500                lpm_pin_set_default_state
 .text.GPIOIntHandler
                0x000000000000352c       0x14 build/cc26x0-cc13x0/sensortag/cc2650/obj/gpio-interrupt.o
                0x000000000000352c                GPIOIntHandler
 .text.gpio_hal_arch_no_port_pin_cfg_set
                0x0000000000003540       0x78 build/cc26x0-cc13x0/sensortag/cc2650/obj/gpio-hal-arch.o
                0x0000000000003540                gpio_hal_arch_no_port_pin_cfg_set
 .text.gpio_hal_arch_no_port_read_pin
                0x00000000000035b8       0x24 build/cc26x0-cc13x0/sensortag/cc2650/obj/gpio-hal-arch.o
                0x00000000000035b8                gpio_hal_arch_no_port_read_pin
 .text.oscillators_select_lf_xosc
                0x00000000000035dc       0x5c build/cc26x0-cc13x0/sensortag/cc2650/obj/oscillators.o
                0x00000000000035dc                oscillators_select_lf_xosc
 .text.oscillators_request_hf_xosc
                0x0000000000003638       0x30 build/cc26x0-cc13x0/sensortag/cc2650/obj/oscillators.o
                0x0000000000003638                oscillators_request_hf_xosc
 .text.oscillators_switch_to_hf_xosc
                0x0000000000003668       0x34 build/cc26x0-cc13x0/sensortag/cc2650/obj/oscillators.o
                0x0000000000003668                oscillators_switch_to_hf_xosc
 .text.oscillators_switch_to_hf_rc
                0x000000000000369c       0x44 build/cc26x0-cc13x0/sensortag/cc2650/obj/oscillators.o
                0x000000000000369c                oscillators_switch_to_hf_rc
 .text.process_thread_rf_core_process
                0x00000000000036e0       0x58 build/cc26x0-cc13x0/sensortag/cc2650/obj/rf-core.o
 .text.rf_core_is_accessible
                0x0000000000003738       0x10 build/cc26x0-cc13x0/sensortag/cc2650/obj/rf-core.o
                0x0000000000003738                rf_core_is_accessible
 .text.rf_core_send_cmd
                0x0000000000003748       0xd4 build/cc26x0-cc13x0/sensortag/cc2650/obj/rf-core.o
                0x0000000000003748                rf_core_send_cmd
 .text.rf_core_wait_cmd_done
                0x000000000000381c       0x38 build/cc26x0-cc13x0/sensortag/cc2650/obj/rf-core.o
                0x000000000000381c                rf_core_wait_cmd_done
 .text.rf_core_power_up
                0x0000000000003854       0xc8 build/cc26x0-cc13x0/sensortag/cc2650/obj/rf-core.o
                0x0000000000003854                rf_core_power_up
 .text.rf_core_start_rat
                0x000000000000391c       0x84 build/cc26x0-cc13x0/sensortag/cc2650/obj/rf-core.o
                0x000000000000391c                rf_core_start_rat
 .text.rf_core_stop_rat
                0x00000000000039a0       0x98 build/cc26x0-cc13x0/sensortag/cc2650/obj/rf-core.o
                0x00000000000039a0                rf_core_stop_rat
 .text.rf_core_power_down
                0x0000000000003a38      0x104 build/cc26x0-cc13x0/sensortag/cc2650/obj/rf-core.o
                0x0000000000003a38                rf_core_power_down
 .text.rf_core_set_modesel
                0x0000000000003b3c       0x4c build/cc26x0-cc13x0/sensortag/cc2650/obj/rf-core.o
                0x0000000000003b3c                rf_core_set_modesel
 .text.rf_core_boot
                0x0000000000003b88       0x1c build/cc26x0-cc13x0/sensortag/cc2650/obj/rf-core.o
                0x0000000000003b88                rf_core_boot
 .text.rf_core_restart_rat
                0x0000000000003ba4       0x18 build/cc26x0-cc13x0/sensortag/cc2650/obj/rf-core.o
                0x0000000000003ba4                rf_core_restart_rat
 .text.rf_core_setup_interrupts
                0x0000000000003bbc       0x7c build/cc26x0-cc13x0/sensortag/cc2650/obj/rf-core.o
                0x0000000000003bbc                rf_core_setup_interrupts
 .text.rf_core_cmd_done_en
                0x0000000000003c38       0x3c build/cc26x0-cc13x0/sensortag/cc2650/obj/rf-core.o
                0x0000000000003c38                rf_core_cmd_done_en
 .text.rf_core_cmd_done_dis
                0x0000000000003c74       0x20 build/cc26x0-cc13x0/sensortag/cc2650/obj/rf-core.o
                0x0000000000003c74                rf_core_cmd_done_dis
 .text.rf_core_get_last_radio_op
                0x0000000000003c94        0xc build/cc26x0-cc13x0/sensortag/cc2650/obj/rf-core.o
                0x0000000000003c94                rf_core_get_last_radio_op
 .text.rf_core_init_radio_op
                0x0000000000003ca0       0x20 build/cc26x0-cc13x0/sensortag/cc2650/obj/rf-core.o
                0x0000000000003ca0                rf_core_init_radio_op
 .text.rf_core_primary_mode_register
                0x0000000000003cc0        0xc build/cc26x0-cc13x0/sensortag/cc2650/obj/rf-core.o
                0x0000000000003cc0                rf_core_primary_mode_register
 .text.rf_core_rat_init
                0x0000000000003ccc       0x2c build/cc26x0-cc13x0/sensortag/cc2650/obj/rf-core.o
                0x0000000000003ccc                rf_core_rat_init
 .text.rf_core_check_rat_overflow
                0x0000000000003cf8       0x70 build/cc26x0-cc13x0/sensortag/cc2650/obj/rf-core.o
                0x0000000000003cf8                rf_core_check_rat_overflow
 .text.rat_overflow_check_timer_cb
                0x0000000000003d68       0x60 build/cc26x0-cc13x0/sensortag/cc2650/obj/rf-core.o
 .text.rf_core_convert_rat_to_rtimer
                0x0000000000003dc8       0x98 build/cc26x0-cc13x0/sensortag/cc2650/obj/rf-core.o
                0x0000000000003dc8                rf_core_convert_rat_to_rtimer
 .text.RFCCPE1IntHandler
                0x0000000000003e60       0x54 build/cc26x0-cc13x0/sensortag/cc2650/obj/rf-core.o
                0x0000000000003e60                RFCCPE1IntHandler
 .text.RFCCPE0IntHandler
                0x0000000000003eb4       0x54 build/cc26x0-cc13x0/sensortag/cc2650/obj/rf-core.o
                0x0000000000003eb4                RFCCPE0IntHandler
 .text.rf_ble_is_active
                0x0000000000003f08        0xc build/cc26x0-cc13x0/sensortag/cc2650/obj/rf-ble.o
                0x0000000000003f08                rf_ble_is_active
 .text.rf_is_on
                0x0000000000003f14       0x1c build/cc26x0-cc13x0/sensortag/cc2650/obj/ieee-mode.o
 .text.prepare  0x0000000000003f30       0x1c build/cc26x0-cc13x0/sensortag/cc2650/obj/ieee-mode.o
 .text.rf_radio_setup
                0x0000000000003f4c       0x60 build/cc26x0-cc13x0/sensortag/cc2650/obj/ieee-mode.o
 .text.pending_packet
                0x0000000000003fac       0x48 build/cc26x0-cc13x0/sensortag/cc2650/obj/ieee-mode.o
 .text.soft_off
                0x0000000000003ff4       0x44 build/cc26x0-cc13x0/sensortag/cc2650/obj/ieee-mode.o
 .text.get_object
                0x0000000000004038       0x44 build/cc26x0-cc13x0/sensortag/cc2650/obj/ieee-mode.o
 .text.transmitting.part.0
                0x000000000000407c       0x4c build/cc26x0-cc13x0/sensortag/cc2650/obj/ieee-mode.o
 .text.get_cca_info.part.0
                0x00000000000040c8       0x54 build/cc26x0-cc13x0/sensortag/cc2650/obj/ieee-mode.o
 .text.read_frame
                0x000000000000411c       0xec build/cc26x0-cc13x0/sensortag/cc2650/obj/ieee-mode.o
 .text.rx_off.part.0
                0x0000000000004208       0x7c build/cc26x0-cc13x0/sensortag/cc2650/obj/ieee-mode.o
 .text.request  0x0000000000004284       0x20 build/cc26x0-cc13x0/sensortag/cc2650/obj/ieee-mode.o
 .text.rx_on    0x00000000000042a4       0x5c build/cc26x0-cc13x0/sensortag/cc2650/obj/ieee-mode.o
 .text.soft_on  0x0000000000004300       0x18 build/cc26x0-cc13x0/sensortag/cc2650/obj/ieee-mode.o
 .text.off.part.0
                0x0000000000004318       0x88 build/cc26x0-cc13x0/sensortag/cc2650/obj/ieee-mode.o
 .text.off      0x00000000000043a0       0x14 build/cc26x0-cc13x0/sensortag/cc2650/obj/ieee-mode.o
 .text.on       0x00000000000043b4       0xa0 build/cc26x0-cc13x0/sensortag/cc2650/obj/ieee-mode.o
 .text.init     0x0000000000004454      0x118 build/cc26x0-cc13x0/sensortag/cc2650/obj/ieee-mode.o
 .text.channel_clear
                0x000000000000456c       0xa4 build/cc26x0-cc13x0/sensortag/cc2650/obj/ieee-mode.o
 .text.transmit.part.0
                0x0000000000004610      0x104 build/cc26x0-cc13x0/sensortag/cc2650/obj/ieee-mode.o
 .text.transmit
                0x0000000000004714        0xc build/cc26x0-cc13x0/sensortag/cc2650/obj/ieee-mode.o
 .text.send     0x0000000000004720       0x24 build/cc26x0-cc13x0/sensortag/cc2650/obj/ieee-mode.o
 .text.receiving_packet
                0x0000000000004744       0x48 build/cc26x0-cc13x0/sensortag/cc2650/obj/ieee-mode.o
 .text.set_object
                0x000000000000478c       0x70 build/cc26x0-cc13x0/sensortag/cc2650/obj/ieee-mode.o
 .text.set_value
                0x00000000000047fc      0x19c build/cc26x0-cc13x0/sensortag/cc2650/obj/ieee-mode.o
 .text.get_value
                0x0000000000004998      0x1c8 build/cc26x0-cc13x0/sensortag/cc2650/obj/ieee-mode.o
 .text.random_rand
                0x0000000000004b60        0xc build/cc26x0-cc13x0/sensortag/cc2650/obj/random.o
                0x0000000000004b60                random_rand
 .text.random_init
                0x0000000000004b6c        0x4 build/cc26x0-cc13x0/sensortag/cc2650/obj/random.o
                0x0000000000004b6c                random_init
 .text.power_up
                0x0000000000004b70       0x44 build/cc26x0-cc13x0/sensortag/cc2650/obj/soc-trng.o
 .text.request  0x0000000000004bb4       0x14 build/cc26x0-cc13x0/sensortag/cc2650/obj/soc-trng.o
 .text.process_thread_soc_trng_process
                0x0000000000004bc8       0x8c build/cc26x0-cc13x0/sensortag/cc2650/obj/soc-trng.o
 .text.soc_trng_rand_synchronous
                0x0000000000004c54       0xd0 build/cc26x0-cc13x0/sensortag/cc2650/obj/soc-trng.o
                0x0000000000004c54                soc_trng_rand_synchronous
 .text.TRNGIntHandler
                0x0000000000004d24       0x54 build/cc26x0-cc13x0/sensortag/cc2650/obj/soc-trng.o
                0x0000000000004d24                TRNGIntHandler
 .text.soc_trng_init
                0x0000000000004d78       0x28 build/cc26x0-cc13x0/sensortag/cc2650/obj/soc-trng.o
                0x0000000000004d78                soc_trng_init
 .text.int_master_read_and_disable
                0x0000000000004da0       0x10 build/cc26x0-cc13x0/sensortag/cc2650/obj/int-master.o
                0x0000000000004da0                int_master_read_and_disable
 .text.int_master_status_set
                0x0000000000004db0        0x8 build/cc26x0-cc13x0/sensortag/cc2650/obj/int-master.o
                0x0000000000004db0                int_master_status_set
 .text.spi_arch_has_lock
                0x0000000000004db8       0x18 build/cc26x0-cc13x0/sensortag/cc2650/obj/spi-arch.o
                0x0000000000004db8                spi_arch_has_lock
 .text.spi_arch_lock_and_open
                0x0000000000004dd0      0x154 build/cc26x0-cc13x0/sensortag/cc2650/obj/spi-arch.o
                0x0000000000004dd0                spi_arch_lock_and_open
 .text.spi_arch_close_and_unlock
                0x0000000000004f24       0xac build/cc26x0-cc13x0/sensortag/cc2650/obj/spi-arch.o
                0x0000000000004f24                spi_arch_close_and_unlock
 .text.spi_arch_transfer
                0x0000000000004fd0       0xe0 build/cc26x0-cc13x0/sensortag/cc2650/obj/spi-arch.o
                0x0000000000004fd0                spi_arch_transfer
 .text.send_headers
                0x00000000000050b0       0x5c build/cc26x0-cc13x0/sensortag/cc2650/obj/httpd-simple.o
 .text.handle_input.isra.0
                0x000000000000510c       0xf0 build/cc26x0-cc13x0/sensortag/cc2650/obj/httpd-simple.o
 .text.handle_output.isra.0
                0x00000000000051fc       0xd8 build/cc26x0-cc13x0/sensortag/cc2650/obj/httpd-simple.o
 .text.httpd_appcall
                0x00000000000052d4       0xc0 build/cc26x0-cc13x0/sensortag/cc2650/obj/httpd-simple.o
                0x00000000000052d4                httpd_appcall
 .text.httpd_init
                0x0000000000005394       0x18 build/cc26x0-cc13x0/sensortag/cc2650/obj/httpd-simple.o
                0x0000000000005394                httpd_init
 .text.process_thread_webserver_nogui_process
                0x00000000000053ac       0x38 build/cc26x0-cc13x0/sensortag/cc2650/obj/webserver.o
 .text.ipaddr_add
                0x00000000000053e4       0xb0 build/cc26x0-cc13x0/sensortag/cc2650/obj/webserver.o
 .text.generate_routes
                0x0000000000005494      0x354 build/cc26x0-cc13x0/sensortag/cc2650/obj/webserver.o
 .text.httpd_simple_get_script
                0x00000000000057e8        0x8 build/cc26x0-cc13x0/sensortag/cc2650/obj/webserver.o
                0x00000000000057e8                httpd_simple_get_script
 .text.print_local_addresses
                0x00000000000057f0       0x74 build/cc26x0-cc13x0/sensortag/cc2650/obj/rpl-border-router.o
                0x00000000000057f0                print_local_addresses
 .text.set_prefix_64
                0x0000000000005864       0x24 build/cc26x0-cc13x0/sensortag/cc2650/obj/rpl-border-router.o
                0x0000000000005864                set_prefix_64
 .text.rpl_border_router_init
                0x0000000000005888        0xc build/cc26x0-cc13x0/sensortag/cc2650/obj/rpl-border-router.o
                0x0000000000005888                rpl_border_router_init
 .text.process_thread_serial_shell_process
                0x0000000000005894       0x5c build/cc26x0-cc13x0/sensortag/cc2650/obj/serial-shell.o
 .text.serial_shell_output
                0x00000000000058f0        0xc build/cc26x0-cc13x0/sensortag/cc2650/obj/serial-shell.o
 .text.serial_shell_init
                0x00000000000058fc        0xc build/cc26x0-cc13x0/sensortag/cc2650/obj/serial-shell.o
                0x00000000000058fc                serial_shell_init
 .text.shell_output_lladdr.part.0
                0x0000000000005908       0x6c build/cc26x0-cc13x0/sensortag/cc2650/obj/shell.o
 .text.shell_output_6addr
                0x0000000000005974       0x28 build/cc26x0-cc13x0/sensortag/cc2650/obj/shell.o
                0x0000000000005974                shell_output_6addr
 .text.shell_output_lladdr
                0x000000000000599c       0x24 build/cc26x0-cc13x0/sensortag/cc2650/obj/shell.o
                0x000000000000599c                shell_output_lladdr
 .text.shell_input
                0x00000000000059c0       0xcc build/cc26x0-cc13x0/sensortag/cc2650/obj/shell.o
                0x00000000000059c0                shell_input
 .text.shell_init
                0x0000000000005a8c        0x4 build/cc26x0-cc13x0/sensortag/cc2650/obj/shell.o
                0x0000000000005a8c                shell_init
 .text.cmd_rpl_global_repair
                0x0000000000005a90       0x3c build/cc26x0-cc13x0/sensortag/cc2650/obj/shell-commands.o
 .text.cmd_rpl_local_repair
                0x0000000000005acc       0x3c build/cc26x0-cc13x0/sensortag/cc2650/obj/shell-commands.o
 .text.cmd_help
                0x0000000000005b08       0x70 build/cc26x0-cc13x0/sensortag/cc2650/obj/shell-commands.o
 .text.cmd_rpl_nbr
                0x0000000000005b78       0x94 build/cc26x0-cc13x0/sensortag/cc2650/obj/shell-commands.o
 .text.cmd_ipaddr
                0x0000000000005c0c       0x80 build/cc26x0-cc13x0/sensortag/cc2650/obj/shell-commands.o
 .text.cmd_rpl_status
                0x0000000000005c8c      0x278 build/cc26x0-cc13x0/sensortag/cc2650/obj/shell-commands.o
 .text.cmd_rpl_refresh_routes
                0x0000000000005f04       0x34 build/cc26x0-cc13x0/sensortag/cc2650/obj/shell-commands.o
 .text.cmd_rpl_set_root
                0x0000000000005f38      0x188 build/cc26x0-cc13x0/sensortag/cc2650/obj/shell-commands.o
 .text.cmd_routes
                0x00000000000060c0      0x104 build/cc26x0-cc13x0/sensortag/cc2650/obj/shell-commands.o
 .text.cmd_ping
                0x00000000000061c4      0x168 build/cc26x0-cc13x0/sensortag/cc2650/obj/shell-commands.o
 .text.cmd_macaddr
                0x000000000000632c       0x48 build/cc26x0-cc13x0/sensortag/cc2650/obj/shell-commands.o
 .text.cmd_ip_neighbors
                0x0000000000006374       0xe4 build/cc26x0-cc13x0/sensortag/cc2650/obj/shell-commands.o
 .text.shell_output_log_levels
                0x0000000000006458       0x5c build/cc26x0-cc13x0/sensortag/cc2650/obj/shell-commands.o
 .text.cmd_log  0x00000000000064b4      0x128 build/cc26x0-cc13x0/sensortag/cc2650/obj/shell-commands.o
 .text.cmd_reboot
                0x00000000000065dc       0x30 build/cc26x0-cc13x0/sensortag/cc2650/obj/shell-commands.o
 .text.echo_reply_handler
                0x000000000000660c       0x30 build/cc26x0-cc13x0/sensortag/cc2650/obj/shell-commands.o
 .text.shell_commands_init
                0x000000000000663c       0x30 build/cc26x0-cc13x0/sensortag/cc2650/obj/shell-commands.o
                0x000000000000663c                shell_commands_init
 .text.shell_command_lookup
                0x000000000000666c       0x44 build/cc26x0-cc13x0/sensortag/cc2650/obj/shell-commands.o
                0x000000000000666c                shell_command_lookup
 .text.startup.main
                0x00000000000066b0      0x1fc build/cc26x0-cc13x0/sensortag/cc2650/obj/contiki-main.o
                0x00000000000066b0                main
 .text.autostart_start
                0x00000000000068ac       0x18 build/cc26x0-cc13x0/sensortag/cc2650/obj/autostart.o
                0x00000000000068ac                autostart_start
 .text.process_thread_ctimer_process
                0x00000000000068c4       0x94 build/cc26x0-cc13x0/sensortag/cc2650/obj/ctimer.o
 .text.ctimer_init
                0x0000000000006958       0x28 build/cc26x0-cc13x0/sensortag/cc2650/obj/ctimer.o
                0x0000000000006958                ctimer_init
 .text.ctimer_set
                0x0000000000006980       0x4c build/cc26x0-cc13x0/sensortag/cc2650/obj/ctimer.o
                0x0000000000006980                ctimer_set
 .text.ctimer_reset
                0x00000000000069cc       0x44 build/cc26x0-cc13x0/sensortag/cc2650/obj/ctimer.o
                0x00000000000069cc                ctimer_reset
 .text.ctimer_stop
                0x0000000000006a10       0x34 build/cc26x0-cc13x0/sensortag/cc2650/obj/ctimer.o
                0x0000000000006a10                ctimer_stop
 .text.ctimer_expired
                0x0000000000006a44       0x3c build/cc26x0-cc13x0/sensortag/cc2650/obj/ctimer.o
                0x0000000000006a44                ctimer_expired
 .text.energest_init
                0x0000000000006a80        0x4 build/cc26x0-cc13x0/sensortag/cc2650/obj/energest.o
                0x0000000000006a80                energest_init
 .text.update_time.part.0
                0x0000000000006a84       0x3c build/cc26x0-cc13x0/sensortag/cc2650/obj/etimer.o
 .text.process_thread_etimer_process
                0x0000000000006ac0       0xd4 build/cc26x0-cc13x0/sensortag/cc2650/obj/etimer.o
 .text.add_timer
                0x0000000000006b94       0x54 build/cc26x0-cc13x0/sensortag/cc2650/obj/etimer.o
 .text.etimer_request_poll
                0x0000000000006be8        0xc build/cc26x0-cc13x0/sensortag/cc2650/obj/etimer.o
                0x0000000000006be8                etimer_request_poll
 .text.etimer_set
                0x0000000000006bf4       0x14 build/cc26x0-cc13x0/sensortag/cc2650/obj/etimer.o
                0x0000000000006bf4                etimer_set
 .text.etimer_reset
                0x0000000000006c08       0x14 build/cc26x0-cc13x0/sensortag/cc2650/obj/etimer.o
                0x0000000000006c08                etimer_reset
 .text.etimer_restart
                0x0000000000006c1c       0x14 build/cc26x0-cc13x0/sensortag/cc2650/obj/etimer.o
                0x0000000000006c1c                etimer_restart
 .text.etimer_expired
                0x0000000000006c30        0xc build/cc26x0-cc13x0/sensortag/cc2650/obj/etimer.o
                0x0000000000006c30                etimer_expired
 .text.etimer_pending
                0x0000000000006c3c       0x10 build/cc26x0-cc13x0/sensortag/cc2650/obj/etimer.o
                0x0000000000006c3c                etimer_pending
 .text.etimer_next_expiration_time
                0x0000000000006c4c       0x14 build/cc26x0-cc13x0/sensortag/cc2650/obj/etimer.o
                0x0000000000006c4c                etimer_next_expiration_time
 .text.etimer_stop
                0x0000000000006c60       0x54 build/cc26x0-cc13x0/sensortag/cc2650/obj/etimer.o
                0x0000000000006c60                etimer_stop
 .text.log_6addr
                0x0000000000006cb4       0x20 build/cc26x0-cc13x0/sensortag/cc2650/obj/log.o
                0x0000000000006cb4                log_6addr
 .text.log_lladdr
                0x0000000000006cd4       0x60 build/cc26x0-cc13x0/sensortag/cc2650/obj/log.o
                0x0000000000006cd4                log_lladdr
 .text.log_set_level
                0x0000000000006d34       0x48 build/cc26x0-cc13x0/sensortag/cc2650/obj/log.o
                0x0000000000006d34                log_set_level
 .text.log_get_level
                0x0000000000006d7c       0x44 build/cc26x0-cc13x0/sensortag/cc2650/obj/log.o
                0x0000000000006d7c                log_get_level
 .text.log_level_to_str
                0x0000000000006dc0       0x18 build/cc26x0-cc13x0/sensortag/cc2650/obj/log.o
                0x0000000000006dc0                log_level_to_str
 .text.node_id_init
                0x0000000000006dd8       0x18 build/cc26x0-cc13x0/sensortag/cc2650/obj/node-id.o
                0x0000000000006dd8                node_id_init
 .text.exit_process
                0x0000000000006df0       0xd8 build/cc26x0-cc13x0/sensortag/cc2650/obj/process.o
 .text.call_process.part.0
                0x0000000000006ec8       0x38 build/cc26x0-cc13x0/sensortag/cc2650/obj/process.o
 .text.do_poll  0x0000000000006f00       0x5c build/cc26x0-cc13x0/sensortag/cc2650/obj/process.o
 .text.process_alloc_event
                0x0000000000006f5c       0x10 build/cc26x0-cc13x0/sensortag/cc2650/obj/process.o
                0x0000000000006f5c                process_alloc_event
 .text.process_start
                0x0000000000006f6c       0x64 build/cc26x0-cc13x0/sensortag/cc2650/obj/process.o
                0x0000000000006f6c                process_start
 .text.process_init
                0x0000000000006fd0       0x38 build/cc26x0-cc13x0/sensortag/cc2650/obj/process.o
                0x0000000000006fd0                process_init
 .text.process_run
                0x0000000000007008       0xd8 build/cc26x0-cc13x0/sensortag/cc2650/obj/process.o
                0x0000000000007008                process_run
 .text.process_nevents
                0x00000000000070e0       0x14 build/cc26x0-cc13x0/sensortag/cc2650/obj/process.o
                0x00000000000070e0                process_nevents
 .text.process_post
                0x00000000000070f4       0x4c build/cc26x0-cc13x0/sensortag/cc2650/obj/process.o
                0x00000000000070f4                process_post
 .text.process_post_synch
                0x0000000000007140       0x18 build/cc26x0-cc13x0/sensortag/cc2650/obj/process.o
                0x0000000000007140                process_post_synch
 .text.process_poll
                0x0000000000007158       0x1c build/cc26x0-cc13x0/sensortag/cc2650/obj/process.o
                0x0000000000007158                process_poll
 .text.rtimer_init
                0x0000000000007174        0x4 build/cc26x0-cc13x0/sensortag/cc2650/obj/rtimer.o
                0x0000000000007174                rtimer_init
 .text.rtimer_run_next
                0x0000000000007178       0x2c build/cc26x0-cc13x0/sensortag/cc2650/obj/rtimer.o
                0x0000000000007178                rtimer_run_next
 .text.stack_check_init
                0x00000000000071a4       0x28 build/cc26x0-cc13x0/sensortag/cc2650/obj/stack-check.o
                0x00000000000071a4                stack_check_init
 .text.stack_check_get_usage
                0x00000000000071cc       0x54 build/cc26x0-cc13x0/sensortag/cc2650/obj/stack-check.o
                0x00000000000071cc                stack_check_get_usage
 .text.process_thread_stack_check_process
                0x0000000000007220       0xb0 build/cc26x0-cc13x0/sensortag/cc2650/obj/stack-check.o
 .text.stimer_set
                0x00000000000072d0       0x10 build/cc26x0-cc13x0/sensortag/cc2650/obj/stimer.o
                0x00000000000072d0                stimer_set
 .text.stimer_expired
                0x00000000000072e0       0x20 build/cc26x0-cc13x0/sensortag/cc2650/obj/stimer.o
                0x00000000000072e0                stimer_expired
 .text.timer_set
                0x0000000000007300       0x10 build/cc26x0-cc13x0/sensortag/cc2650/obj/timer.o
                0x0000000000007300                timer_set
 .text.timer_reset
                0x0000000000007310       0x1c build/cc26x0-cc13x0/sensortag/cc2650/obj/timer.o
                0x0000000000007310                timer_reset
 .text.timer_restart
                0x000000000000732c        0xc build/cc26x0-cc13x0/sensortag/cc2650/obj/timer.o
                0x000000000000732c                timer_restart
 .text.timer_expired
                0x0000000000007338       0x1c build/cc26x0-cc13x0/sensortag/cc2650/obj/timer.o
                0x0000000000007338                timer_expired
 .text.list_init
                0x0000000000007354        0x8 build/cc26x0-cc13x0/sensortag/cc2650/obj/list.o
                0x0000000000007354                list_init
 .text.list_head
                0x000000000000735c        0x4 build/cc26x0-cc13x0/sensortag/cc2650/obj/list.o
                0x000000000000735c                list_head
 .text.list_add
                0x0000000000007360       0x5c build/cc26x0-cc13x0/sensortag/cc2650/obj/list.o
                0x0000000000007360                list_add
 .text.list_push
                0x00000000000073bc       0x3c build/cc26x0-cc13x0/sensortag/cc2650/obj/list.o
                0x00000000000073bc                list_push
 .text.list_remove
                0x00000000000073f8       0x30 build/cc26x0-cc13x0/sensortag/cc2650/obj/list.o
                0x00000000000073f8                list_remove
 .text.list_length
                0x0000000000007428       0x14 build/cc26x0-cc13x0/sensortag/cc2650/obj/list.o
                0x0000000000007428                list_length
 .text.list_item_next
                0x000000000000743c        0x8 build/cc26x0-cc13x0/sensortag/cc2650/obj/list.o
                0x000000000000743c                list_item_next
 .text.memb_init
                0x0000000000007444       0x24 build/cc26x0-cc13x0/sensortag/cc2650/obj/memb.o
                0x0000000000007444                memb_init
 .text.memb_alloc
                0x0000000000007468       0x38 build/cc26x0-cc13x0/sensortag/cc2650/obj/memb.o
                0x0000000000007468                memb_alloc
 .text.memb_free
                0x00000000000074a0       0x3c build/cc26x0-cc13x0/sensortag/cc2650/obj/memb.o
                0x00000000000074a0                memb_free
 .text.memb_inmemb
                0x00000000000074dc       0x1c build/cc26x0-cc13x0/sensortag/cc2650/obj/memb.o
                0x00000000000074dc                memb_inmemb
 .text.memb_numfree
                0x00000000000074f8       0x20 build/cc26x0-cc13x0/sensortag/cc2650/obj/memb.o
                0x00000000000074f8                memb_numfree
 .text.ringbuf_init
                0x0000000000007518       0x10 build/cc26x0-cc13x0/sensortag/cc2650/obj/ringbuf.o
                0x0000000000007518                ringbuf_init
 .text.ringbuf_put
                0x0000000000007528       0x2c build/cc26x0-cc13x0/sensortag/cc2650/obj/ringbuf.o
                0x0000000000007528                ringbuf_put
 .text.ringbuf_get
                0x0000000000007554       0x28 build/cc26x0-cc13x0/sensortag/cc2650/obj/ringbuf.o
                0x0000000000007554                ringbuf_get
 .text.process_thread_sensors_process
                0x000000000000757c       0xf4 build/cc26x0-cc13x0/sensortag/cc2650/obj/sensors.o
 .text.sensors_changed
                0x0000000000007670       0x40 build/cc26x0-cc13x0/sensortag/cc2650/obj/sensors.o
                0x0000000000007670                sensors_changed
 .text.duration_exceeded_callback
                0x00000000000076b0       0x34 build/cc26x0-cc13x0/sensortag/cc2650/obj/button-hal.o
 .text.process_thread_button_hal_process
                0x00000000000076e4       0x84 build/cc26x0-cc13x0/sensortag/cc2650/obj/button-hal.o
 .text.press_release_handler
                0x0000000000007768       0x18 build/cc26x0-cc13x0/sensortag/cc2650/obj/button-hal.o
 .text.debounce_handler
                0x0000000000007780       0x74 build/cc26x0-cc13x0/sensortag/cc2650/obj/button-hal.o
 .text.button_hal_init
                0x00000000000077f4       0xb4 build/cc26x0-cc13x0/sensortag/cc2650/obj/button-hal.o
                0x00000000000077f4                button_hal_init
 .text.gpio_hal_register_handler
                0x00000000000078a8        0xc build/cc26x0-cc13x0/sensortag/cc2650/obj/gpio-hal.o
                0x00000000000078a8                gpio_hal_register_handler
 .text.gpio_hal_event_handler
                0x00000000000078b4       0x28 build/cc26x0-cc13x0/sensortag/cc2650/obj/gpio-hal.o
                0x00000000000078b4                gpio_hal_event_handler
 .text.gpio_hal_init
                0x00000000000078dc        0xc build/cc26x0-cc13x0/sensortag/cc2650/obj/gpio-hal.o
                0x00000000000078dc                gpio_hal_init
 .text.leds_on  0x00000000000078e8       0x5c build/cc26x0-cc13x0/sensortag/cc2650/obj/leds.o
                0x00000000000078e8                leds_on
 .text.leds_off
                0x0000000000007944       0x5c build/cc26x0-cc13x0/sensortag/cc2650/obj/leds.o
                0x0000000000007944                leds_off
 .text.leds_init
                0x00000000000079a0       0x2c build/cc26x0-cc13x0/sensortag/cc2650/obj/leds.o
                0x00000000000079a0                leds_init
 .text.process_thread_serial_line_process
                0x00000000000079cc       0xa8 build/cc26x0-cc13x0/sensortag/cc2650/obj/serial-line.o
 .text.serial_line_input_byte
                0x0000000000007a74       0x58 build/cc26x0-cc13x0/sensortag/cc2650/obj/serial-line.o
                0x0000000000007a74                serial_line_input_byte
 .text.serial_line_init
                0x0000000000007acc       0x24 build/cc26x0-cc13x0/sensortag/cc2650/obj/serial-line.o
                0x0000000000007acc                serial_line_init
 .text.spi_acquire
                0x0000000000007af0       0x10 build/cc26x0-cc13x0/sensortag/cc2650/obj/spi.o
                0x0000000000007af0                spi_acquire
 .text.spi_release
                0x0000000000007b00       0x10 build/cc26x0-cc13x0/sensortag/cc2650/obj/spi.o
                0x0000000000007b00                spi_release
 .text.spi_select
                0x0000000000007b10       0x24 build/cc26x0-cc13x0/sensortag/cc2650/obj/spi.o
                0x0000000000007b10                spi_select
 .text.spi_deselect
                0x0000000000007b34       0x18 build/cc26x0-cc13x0/sensortag/cc2650/obj/spi.o
                0x0000000000007b34                spi_deselect
 .text.spi_write_byte
                0x0000000000007b4c       0x3c build/cc26x0-cc13x0/sensortag/cc2650/obj/spi.o
                0x0000000000007b4c                spi_write_byte
 .text.spi_write
                0x0000000000007b88       0x3c build/cc26x0-cc13x0/sensortag/cc2650/obj/spi.o
                0x0000000000007b88                spi_write
 .text.spi_read
                0x0000000000007bc4       0x3c build/cc26x0-cc13x0/sensortag/cc2650/obj/spi.o
                0x0000000000007bc4                spi_read
 .text.linkaddr_copy
                0x0000000000007c00        0x8 build/cc26x0-cc13x0/sensortag/cc2650/obj/linkaddr.o
                0x0000000000007c00                linkaddr_copy
 .text.linkaddr_cmp
                0x0000000000007c08       0x10 build/cc26x0-cc13x0/sensortag/cc2650/obj/linkaddr.o
                0x0000000000007c08                linkaddr_cmp
 .text.periodic
                0x0000000000007c18       0x30 build/cc26x0-cc13x0/sensortag/cc2650/obj/link-stats.o
 .text.link_stats_from_lladdr
                0x0000000000007c48        0xc build/cc26x0-cc13x0/sensortag/cc2650/obj/link-stats.o
                0x0000000000007c48                link_stats_from_lladdr
 .text.link_stats_is_fresh
                0x0000000000007c54       0x28 build/cc26x0-cc13x0/sensortag/cc2650/obj/link-stats.o
                0x0000000000007c54                link_stats_is_fresh
 .text.link_stats_packet_sent
                0x0000000000007c7c       0xf4 build/cc26x0-cc13x0/sensortag/cc2650/obj/link-stats.o
                0x0000000000007c7c                link_stats_packet_sent
 .text.link_stats_input_callback
                0x0000000000007d70       0x88 build/cc26x0-cc13x0/sensortag/cc2650/obj/link-stats.o
                0x0000000000007d70                link_stats_input_callback
 .text.link_stats_reset
                0x0000000000007df8       0x2c build/cc26x0-cc13x0/sensortag/cc2650/obj/link-stats.o
                0x0000000000007df8                link_stats_reset
 .text.link_stats_init
                0x0000000000007e24       0x28 build/cc26x0-cc13x0/sensortag/cc2650/obj/link-stats.o
                0x0000000000007e24                link_stats_init
 .text.index_from_lladdr
                0x0000000000007e4c       0x54 build/cc26x0-cc13x0/sensortag/cc2650/obj/nbr-table.o
 .text.select_for_removal.constprop.0
                0x0000000000007ea0       0x70 build/cc26x0-cc13x0/sensortag/cc2650/obj/nbr-table.o
 .text.remove_key
                0x0000000000007f10       0xa8 build/cc26x0-cc13x0/sensortag/cc2650/obj/nbr-table.o
 .text.nbr_table_register
                0x0000000000007fb8       0x44 build/cc26x0-cc13x0/sensortag/cc2650/obj/nbr-table.o
                0x0000000000007fb8                nbr_table_register
 .text.nbr_table_next
                0x0000000000007ffc       0x70 build/cc26x0-cc13x0/sensortag/cc2650/obj/nbr-table.o
                0x0000000000007ffc                nbr_table_next
 .text.nbr_table_head
                0x000000000000806c       0x58 build/cc26x0-cc13x0/sensortag/cc2650/obj/nbr-table.o
                0x000000000000806c                nbr_table_head
 .text.nbr_table_add_lladdr
                0x00000000000080c4      0x128 build/cc26x0-cc13x0/sensortag/cc2650/obj/nbr-table.o
                0x00000000000080c4                nbr_table_add_lladdr
 .text.nbr_table_get_from_lladdr
                0x00000000000081ec       0x38 build/cc26x0-cc13x0/sensortag/cc2650/obj/nbr-table.o
                0x00000000000081ec                nbr_table_get_from_lladdr
 .text.nbr_table_remove
                0x0000000000008224       0x60 build/cc26x0-cc13x0/sensortag/cc2650/obj/nbr-table.o
                0x0000000000008224                nbr_table_remove
 .text.nbr_table_lock
                0x0000000000008284       0x34 build/cc26x0-cc13x0/sensortag/cc2650/obj/nbr-table.o
                0x0000000000008284                nbr_table_lock
 .text.nbr_table_unlock
                0x00000000000082b8       0x38 build/cc26x0-cc13x0/sensortag/cc2650/obj/nbr-table.o
                0x00000000000082b8                nbr_table_unlock
 .text.nbr_table_get_lladdr
                0x00000000000082f0       0x2c build/cc26x0-cc13x0/sensortag/cc2650/obj/nbr-table.o
                0x00000000000082f0                nbr_table_get_lladdr
 .text.netstack_process_ip_callback
                0x000000000000831c       0x40 build/cc26x0-cc13x0/sensortag/cc2650/obj/netstack.o
                0x000000000000831c                netstack_process_ip_callback
 .text.netstack_init
                0x000000000000835c       0x24 build/cc26x0-cc13x0/sensortag/cc2650/obj/netstack.o
                0x000000000000835c                netstack_init
 .text.packetbuf_clear
                0x0000000000008380       0x4c build/cc26x0-cc13x0/sensortag/cc2650/obj/packetbuf.o
                0x0000000000008380                packetbuf_clear
 .text.packetbuf_copyfrom
                0x00000000000083cc       0x6c build/cc26x0-cc13x0/sensortag/cc2650/obj/packetbuf.o
                0x00000000000083cc                packetbuf_copyfrom
 .text.packetbuf_copyto
                0x0000000000008438       0x4c build/cc26x0-cc13x0/sensortag/cc2650/obj/packetbuf.o
                0x0000000000008438                packetbuf_copyto
 .text.packetbuf_hdralloc
                0x0000000000008484       0x64 build/cc26x0-cc13x0/sensortag/cc2650/obj/packetbuf.o
                0x0000000000008484                packetbuf_hdralloc
 .text.packetbuf_hdrreduce
                0x00000000000084e8       0x2c build/cc26x0-cc13x0/sensortag/cc2650/obj/packetbuf.o
                0x00000000000084e8                packetbuf_hdrreduce
 .text.packetbuf_set_datalen
                0x0000000000008514        0xc build/cc26x0-cc13x0/sensortag/cc2650/obj/packetbuf.o
                0x0000000000008514                packetbuf_set_datalen
 .text.packetbuf_dataptr
                0x0000000000008520       0x20 build/cc26x0-cc13x0/sensortag/cc2650/obj/packetbuf.o
                0x0000000000008520                packetbuf_dataptr
 .text.packetbuf_hdrptr
                0x0000000000008540        0x8 build/cc26x0-cc13x0/sensortag/cc2650/obj/packetbuf.o
                0x0000000000008540                packetbuf_hdrptr
 .text.packetbuf_datalen
                0x0000000000008548        0xc build/cc26x0-cc13x0/sensortag/cc2650/obj/packetbuf.o
                0x0000000000008548                packetbuf_datalen
 .text.packetbuf_totlen
                0x0000000000008554       0x24 build/cc26x0-cc13x0/sensortag/cc2650/obj/packetbuf.o
                0x0000000000008554                packetbuf_totlen
 .text.packetbuf_attr_copyto
                0x0000000000008578       0x24 build/cc26x0-cc13x0/sensortag/cc2650/obj/packetbuf.o
                0x0000000000008578                packetbuf_attr_copyto
 .text.packetbuf_attr_copyfrom
                0x000000000000859c       0x24 build/cc26x0-cc13x0/sensortag/cc2650/obj/packetbuf.o
                0x000000000000859c                packetbuf_attr_copyfrom
 .text.packetbuf_set_attr
                0x00000000000085c0       0x10 build/cc26x0-cc13x0/sensortag/cc2650/obj/packetbuf.o
                0x00000000000085c0                packetbuf_set_attr
 .text.packetbuf_attr
                0x00000000000085d0        0xc build/cc26x0-cc13x0/sensortag/cc2650/obj/packetbuf.o
                0x00000000000085d0                packetbuf_attr
 .text.packetbuf_set_addr
                0x00000000000085dc       0x18 build/cc26x0-cc13x0/sensortag/cc2650/obj/packetbuf.o
                0x00000000000085dc                packetbuf_set_addr
 .text.packetbuf_addr
                0x00000000000085f4       0x10 build/cc26x0-cc13x0/sensortag/cc2650/obj/packetbuf.o
                0x00000000000085f4                packetbuf_addr
 .text.packetbuf_holds_broadcast
                0x0000000000008604       0x10 build/cc26x0-cc13x0/sensortag/cc2650/obj/packetbuf.o
                0x0000000000008604                packetbuf_holds_broadcast
 .text.queuebuf_init
                0x0000000000008614       0x1c build/cc26x0-cc13x0/sensortag/cc2650/obj/queuebuf.o
                0x0000000000008614                queuebuf_init
 .text.queuebuf_numfree
                0x0000000000008630        0xc build/cc26x0-cc13x0/sensortag/cc2650/obj/queuebuf.o
                0x0000000000008630                queuebuf_numfree
 .text.queuebuf_new_from_packetbuf
                0x000000000000863c       0x48 build/cc26x0-cc13x0/sensortag/cc2650/obj/queuebuf.o
                0x000000000000863c                queuebuf_new_from_packetbuf
 .text.queuebuf_update_attr_from_packetbuf
                0x0000000000008684        0xc build/cc26x0-cc13x0/sensortag/cc2650/obj/queuebuf.o
                0x0000000000008684                queuebuf_update_attr_from_packetbuf
 .text.queuebuf_free
                0x0000000000008690       0x2c build/cc26x0-cc13x0/sensortag/cc2650/obj/queuebuf.o
                0x0000000000008690                queuebuf_free
 .text.queuebuf_to_packetbuf
                0x00000000000086bc       0x30 build/cc26x0-cc13x0/sensortag/cc2650/obj/queuebuf.o
                0x00000000000086bc                queuebuf_to_packetbuf
 .text.mac_call_sent_callback
                0x00000000000086ec       0x18 build/cc26x0-cc13x0/sensortag/cc2650/obj/mac.o
                0x00000000000086ec                mac_call_sent_callback
 .text.mac_sequence_is_duplicate
                0x0000000000008704       0x4c build/cc26x0-cc13x0/sensortag/cc2650/obj/mac-sequence.o
                0x0000000000008704                mac_sequence_is_duplicate
 .text.mac_sequence_register_seqno
                0x0000000000008750       0x64 build/cc26x0-cc13x0/sensortag/cc2650/obj/mac-sequence.o
                0x0000000000008750                mac_sequence_register_seqno
 .text.frame802154_get_pan_id
                0x00000000000087b4        0xc build/cc26x0-cc13x0/sensortag/cc2650/obj/frame802154.o
                0x00000000000087b4                frame802154_get_pan_id
 .text.frame802154_has_panid
                0x00000000000087c0       0xdc build/cc26x0-cc13x0/sensortag/cc2650/obj/frame802154.o
                0x00000000000087c0                frame802154_has_panid
 .text.field_len
                0x000000000000889c       0x8c build/cc26x0-cc13x0/sensortag/cc2650/obj/frame802154.o
 .text.frame802154_is_broadcast_addr
                0x0000000000008928       0x24 build/cc26x0-cc13x0/sensortag/cc2650/obj/frame802154.o
                0x0000000000008928                frame802154_is_broadcast_addr
 .text.frame802154_hdrlen
                0x000000000000894c       0x34 build/cc26x0-cc13x0/sensortag/cc2650/obj/frame802154.o
                0x000000000000894c                frame802154_hdrlen
 .text.frame802154_create_fcf
                0x0000000000008980       0x6c build/cc26x0-cc13x0/sensortag/cc2650/obj/frame802154.o
                0x0000000000008980                frame802154_create_fcf
 .text.frame802154_create
                0x00000000000089ec       0xb0 build/cc26x0-cc13x0/sensortag/cc2650/obj/frame802154.o
                0x00000000000089ec                frame802154_create
 .text.frame802154_parse_fcf
                0x0000000000008a9c       0x6c build/cc26x0-cc13x0/sensortag/cc2650/obj/frame802154.o
                0x0000000000008a9c                frame802154_parse_fcf
 .text.frame802154_parse
                0x0000000000008b08      0x134 build/cc26x0-cc13x0/sensortag/cc2650/obj/frame802154.o
                0x0000000000008b08                frame802154_parse
 .text.parse    0x0000000000008c3c       0xa0 build/cc26x0-cc13x0/sensortag/cc2650/obj/framer-802154.o
 .text.framer_802154_setup_params.part.0
                0x0000000000008cdc       0x90 build/cc26x0-cc13x0/sensortag/cc2650/obj/framer-802154.o
 .text.create_frame
                0x0000000000008d6c       0xe4 build/cc26x0-cc13x0/sensortag/cc2650/obj/framer-802154.o
 .text.create   0x0000000000008e50        0x8 build/cc26x0-cc13x0/sensortag/cc2650/obj/framer-802154.o
 .text.hdr_length
                0x0000000000008e58        0x8 build/cc26x0-cc13x0/sensortag/cc2650/obj/framer-802154.o
 .text.verify_part
                0x0000000000008e60       0x70 build/cc26x0-cc13x0/sensortag/cc2650/obj/ext-flash.o
 .text.wait_ready
                0x0000000000008ed0       0x64 build/cc26x0-cc13x0/sensortag/cc2650/obj/ext-flash.o
 .text.ext_flash_open
                0x0000000000008f34       0x74 build/cc26x0-cc13x0/sensortag/cc2650/obj/ext-flash.o
                0x0000000000008f34                ext_flash_open
 .text.ext_flash_close
                0x0000000000008fa8       0x64 build/cc26x0-cc13x0/sensortag/cc2650/obj/ext-flash.o
                0x0000000000008fa8                ext_flash_close
 .text.ext_flash_init
                0x000000000000900c       0x18 build/cc26x0-cc13x0/sensortag/cc2650/obj/ext-flash.o
                0x000000000000900c                ext_flash_init
 .text.SafeHapiVoid
                0x0000000000009024       0x28 build/cc26x0-cc13x0/sensortag/cc2650/obj/adi.o
                0x0000000000009024                SafeHapiVoid
 .text.NOROM_AONBatMonTemperatureGetDegC
                0x000000000000904c       0x2c build/cc26x0-cc13x0/sensortag/cc2650/obj/aon_batmon.o
                0x000000000000904c                NOROM_AONBatMonTemperatureGetDegC
 .text.NOROM_AONRTCCurrentCompareValueGet
                0x0000000000009078       0x18 build/cc26x0-cc13x0/sensortag/cc2650/obj/aon_rtc.o
                0x0000000000009078                NOROM_AONRTCCurrentCompareValueGet
 .text.NOROM_AONRTCCurrent64BitValueGet
                0x0000000000009090       0x14 build/cc26x0-cc13x0/sensortag/cc2650/obj/aon_rtc.o
                0x0000000000009090                NOROM_AONRTCCurrent64BitValueGet
 .text.NOROM_ChipInfo_GetChipType
                0x00000000000090a4       0x94 build/cc26x0-cc13x0/sensortag/cc2650/obj/chipinfo.o
                0x00000000000090a4                NOROM_ChipInfo_GetChipType
 .text.NOROM_ChipInfo_GetHwRevision
                0x0000000000009138       0xa8 build/cc26x0-cc13x0/sensortag/cc2650/obj/chipinfo.o
                0x0000000000009138                NOROM_ChipInfo_GetHwRevision
 .text.NOROM_ThisCodeIsBuiltForCC26xxHwRev22AndLater_HaltIfViolated
                0x00000000000091e0       0x30 build/cc26x0-cc13x0/sensortag/cc2650/obj/chipinfo.o
                0x00000000000091e0                NOROM_ThisCodeIsBuiltForCC26xxHwRev22AndLater_HaltIfViolated
 .text.NOROM_CPUcpsid
                0x0000000000009210        0x8 build/cc26x0-cc13x0/sensortag/cc2650/obj/cpu.o
                0x0000000000009210                NOROM_CPUcpsid
 .text.NOROM_CPUcpsie
                0x0000000000009218        0x8 build/cc26x0-cc13x0/sensortag/cc2650/obj/cpu.o
                0x0000000000009218                NOROM_CPUcpsie
 .text.NOROM_CPUdelay
                0x0000000000009220        0x8 build/cc26x0-cc13x0/sensortag/cc2650/obj/cpu.o
                0x0000000000009220                NOROM_CPUdelay
 .text.NOROM_DDI32RegWrite
                0x0000000000009228       0x2c build/cc26x0-cc13x0/sensortag/cc2650/obj/ddi.o
                0x0000000000009228                NOROM_DDI32RegWrite
 .text.NOROM_DDI16BitfieldWrite
                0x0000000000009254       0x48 build/cc26x0-cc13x0/sensortag/cc2650/obj/ddi.o
                0x0000000000009254                NOROM_DDI16BitfieldWrite
 .text.NOROM_DDI16BitfieldRead
                0x000000000000929c       0x48 build/cc26x0-cc13x0/sensortag/cc2650/obj/ddi.o
                0x000000000000929c                NOROM_DDI16BitfieldRead
 .text.NOROM_OSCClockSourceSet
                0x00000000000092e4       0x58 build/cc26x0-cc13x0/sensortag/cc2650/obj/osc.o
                0x00000000000092e4                NOROM_OSCClockSourceSet
 .text.NOROM_OSCClockSourceGet
                0x000000000000933c       0x20 build/cc26x0-cc13x0/sensortag/cc2650/obj/osc.o
                0x000000000000933c                NOROM_OSCClockSourceGet
 .text.NOROM_PowerCtrlSourceSet
                0x000000000000935c       0x30 build/cc26x0-cc13x0/sensortag/cc2650/obj/pwr_ctrl.o
                0x000000000000935c                NOROM_PowerCtrlSourceSet
 .text.TrimAfterColdResetWakeupFromShutDown
                0x000000000000938c       0xe8 build/cc26x0-cc13x0/sensortag/cc2650/obj/setup.o
 .text.NOROM_SetupTrimDevice
                0x0000000000009474       0xac build/cc26x0-cc13x0/sensortag/cc2650/obj/setup.o
                0x0000000000009474                NOROM_SetupTrimDevice
 .text.NOROM_SetupAfterColdResetWakeupFromShutDownCfg1
                0x0000000000009520       0x74 build/cc26x0-cc13x0/sensortag/cc2650/obj/setup_rom.o
                0x0000000000009520                NOROM_SetupAfterColdResetWakeupFromShutDownCfg1
 .text.NOROM_SetupAfterColdResetWakeupFromShutDownCfg3
                0x0000000000009594      0x194 build/cc26x0-cc13x0/sensortag/cc2650/obj/setup_rom.o
                0x0000000000009594                NOROM_SetupAfterColdResetWakeupFromShutDownCfg3
 .text.NOROM_SetupGetTrimForAnabypassValue1
                0x0000000000009728       0x64 build/cc26x0-cc13x0/sensortag/cc2650/obj/setup_rom.o
                0x0000000000009728                NOROM_SetupGetTrimForAnabypassValue1
 .text.NOROM_SetupGetTrimForAmpcompCtrl
                0x000000000000978c       0x58 build/cc26x0-cc13x0/sensortag/cc2650/obj/setup_rom.o
                0x000000000000978c                NOROM_SetupGetTrimForAmpcompCtrl
 .text.NOROM_SetupAfterColdResetWakeupFromShutDownCfg2
                0x00000000000097e4      0x18c build/cc26x0-cc13x0/sensortag/cc2650/obj/setup_rom.o
                0x00000000000097e4                NOROM_SetupAfterColdResetWakeupFromShutDownCfg2
 .text.NOROM_SetupSetCacheModeAccordingToCcfgSetting
                0x0000000000009970       0x5c build/cc26x0-cc13x0/sensortag/cc2650/obj/setup_rom.o
                0x0000000000009970                NOROM_SetupSetCacheModeAccordingToCcfgSetting
 .text.NOROM_SysCtrlSetRechargeBeforePowerDown
                0x00000000000099cc      0x240 build/cc26x0-cc13x0/sensortag/cc2650/obj/sys_ctrl.o
                0x00000000000099cc                NOROM_SysCtrlSetRechargeBeforePowerDown
 .text.NOROM_SysCtrlAdjustRechargeAfterPowerDown
                0x0000000000009c0c       0x64 build/cc26x0-cc13x0/sensortag/cc2650/obj/sys_ctrl.o
                0x0000000000009c0c                NOROM_SysCtrlAdjustRechargeAfterPowerDown
 .text.NOROM_SysCtrl_DCDC_VoltageConditionalControl
                0x0000000000009c70       0x78 build/cc26x0-cc13x0/sensortag/cc2650/obj/sys_ctrl.o
                0x0000000000009c70                NOROM_SysCtrl_DCDC_VoltageConditionalControl
 .text.NOROM_TRNGConfigure
                0x0000000000009ce8       0x38 build/cc26x0-cc13x0/sensortag/cc2650/obj/trng.o
                0x0000000000009ce8                NOROM_TRNGConfigure
 .text.write_str
                0x0000000000009d20       0x14 build/cc26x0-cc13x0/sensortag/cc2650/obj/printf.o
 .text.printf   0x0000000000009d34       0x24 build/cc26x0-cc13x0/sensortag/cc2650/obj/printf.o
                0x0000000000009d34                printf
 .text.buffer_str
                0x0000000000009d58       0x28 build/cc26x0-cc13x0/sensortag/cc2650/obj/snprintf.o
 .text.snprintf
                0x0000000000009d80       0x38 build/cc26x0-cc13x0/sensortag/cc2650/obj/snprintf.o
                0x0000000000009d80                snprintf
 .text.fill_space
                0x0000000000009db8       0x3c build/cc26x0-cc13x0/sensortag/cc2650/obj/strformat.o
 .text.format_str_v
                0x0000000000009df4      0x910 build/cc26x0-cc13x0/sensortag/cc2650/obj/strformat.o
                0x0000000000009df4                format_str_v
 .text.on       0x000000000000a704        0xc build/cc26x0-cc13x0/sensortag/cc2650/obj/csma.o
 .text.off      0x000000000000a710        0xc build/cc26x0-cc13x0/sensortag/cc2650/obj/csma.o
 .text.max_payload
                0x000000000000a71c       0x40 build/cc26x0-cc13x0/sensortag/cc2650/obj/csma.o
 .text.send_packet
                0x000000000000a75c        0x4 build/cc26x0-cc13x0/sensortag/cc2650/obj/csma.o
 .text.input_packet
                0x000000000000a760       0x64 build/cc26x0-cc13x0/sensortag/cc2650/obj/csma.o
 .text.init     0x000000000000a7c4       0x20 build/cc26x0-cc13x0/sensortag/cc2650/obj/csma.o
 .text.tx_done  0x000000000000a7e4       0xb4 build/cc26x0-cc13x0/sensortag/cc2650/obj/csma-output.o
 .text.transmit_from_queue
                0x000000000000a898      0x214 build/cc26x0-cc13x0/sensortag/cc2650/obj/csma-output.o
 .text.csma_output_packet
                0x000000000000aaac      0x184 build/cc26x0-cc13x0/sensortag/cc2650/obj/csma-output.o
                0x000000000000aaac                csma_output_packet
 .text.csma_output_init
                0x000000000000ac30       0x24 build/cc26x0-cc13x0/sensortag/cc2650/obj/csma-output.o
                0x000000000000ac30                csma_output_init
 .text.csma_security_create_frame
                0x000000000000ac54       0x18 build/cc26x0-cc13x0/sensortag/cc2650/obj/csma-security.o
                0x000000000000ac54                csma_security_create_frame
 .text.csma_security_parse_frame
                0x000000000000ac6c        0xc build/cc26x0-cc13x0/sensortag/cc2650/obj/csma-security.o
                0x000000000000ac6c                csma_security_parse_frame
 .text.psock_send
                0x000000000000ac78       0xa0 build/cc26x0-cc13x0/sensortag/cc2650/obj/psock.o
                0x000000000000ac78                psock_send
 .text.psock_datalen
                0x000000000000ad18        0xc build/cc26x0-cc13x0/sensortag/cc2650/obj/psock.o
                0x000000000000ad18                psock_datalen
 .text.psock_readto
                0x000000000000ad24       0xc4 build/cc26x0-cc13x0/sensortag/cc2650/obj/psock.o
                0x000000000000ad24                psock_readto
 .text.psock_init
                0x000000000000ade8       0x14 build/cc26x0-cc13x0/sensortag/cc2650/obj/psock.o
                0x000000000000ade8                psock_init
 .text.sicslowpan_init
                0x000000000000adfc       0x10 build/cc26x0-cc13x0/sensortag/cc2650/obj/sicslowpan.o
                0x000000000000adfc                sicslowpan_init
 .text.set_packet_attrs
                0x000000000000ae0c       0x74 build/cc26x0-cc13x0/sensortag/cc2650/obj/sicslowpan.o
 .text.compress_addr_64
                0x000000000000ae80       0xa0 build/cc26x0-cc13x0/sensortag/cc2650/obj/sicslowpan.o
 .text.packet_sent
                0x000000000000af20       0x5c build/cc26x0-cc13x0/sensortag/cc2650/obj/sicslowpan.o
 .text.store_fragment
                0x000000000000af7c       0x64 build/cc26x0-cc13x0/sensortag/cc2650/obj/sicslowpan.o
 .text.uncompress_addr
                0x000000000000afe0       0x9c build/cc26x0-cc13x0/sensortag/cc2650/obj/sicslowpan.o
 .text.fragment_copy_payload_and_send
                0x000000000000b07c       0x84 build/cc26x0-cc13x0/sensortag/cc2650/obj/sicslowpan.o
 .text.output   0x000000000000b100      0x810 build/cc26x0-cc13x0/sensortag/cc2650/obj/sicslowpan.o
 .text.add_fragment
                0x000000000000b910      0x198 build/cc26x0-cc13x0/sensortag/cc2650/obj/sicslowpan.o
 .text.input    0x000000000000baa8      0x984 build/cc26x0-cc13x0/sensortag/cc2650/obj/sicslowpan.o
 .text.tcp_listen
                0x000000000000c42c       0x2c build/cc26x0-cc13x0/sensortag/cc2650/obj/tcpip.o
                0x000000000000c42c                tcp_listen
 .text.tcp_attach
                0x000000000000c458       0x10 build/cc26x0-cc13x0/sensortag/cc2650/obj/tcpip.o
                0x000000000000c458                tcp_attach
 .text.tcpip_input
                0x000000000000c468       0x2c build/cc26x0-cc13x0/sensortag/cc2650/obj/tcpip.o
                0x000000000000c468                tcpip_input
 .text.tcpip_ipv6_output
                0x000000000000c494      0x150 build/cc26x0-cc13x0/sensortag/cc2650/obj/tcpip.o
                0x000000000000c494                tcpip_ipv6_output
 .text.packet_input.part.0
                0x000000000000c5e4       0x50 build/cc26x0-cc13x0/sensortag/cc2650/obj/tcpip.o
 .text.process_thread_tcpip_process
                0x000000000000c634      0x1ac build/cc26x0-cc13x0/sensortag/cc2650/obj/tcpip.o
 .text.tcpip_uipcall
                0x000000000000c7e0       0x80 build/cc26x0-cc13x0/sensortag/cc2650/obj/tcpip.o
                0x000000000000c7e0                tcpip_uipcall
 .text.chksum   0x000000000000c860       0x64 build/cc26x0-cc13x0/sensortag/cc2650/obj/uip6.o
 .text.ext_hdr_options_process
                0x000000000000c8c4       0x98 build/cc26x0-cc13x0/sensortag/cc2650/obj/uip6.o
 .text.uip_update_ttl.isra.0
                0x000000000000c95c       0x1c build/cc26x0-cc13x0/sensortag/cc2650/obj/uip6.o
 .text.upper_layer_chksum
                0x000000000000c978       0x78 build/cc26x0-cc13x0/sensortag/cc2650/obj/uip6.o
 .text.uip_add_rcv_nxt
                0x000000000000c9f0       0x7c build/cc26x0-cc13x0/sensortag/cc2650/obj/uip6.o
 .text.uip_add32
                0x000000000000ca6c       0x64 build/cc26x0-cc13x0/sensortag/cc2650/obj/uip6.o
                0x000000000000ca6c                uip_add32
 .text.uip_icmp6chksum
                0x000000000000cad0        0x8 build/cc26x0-cc13x0/sensortag/cc2650/obj/uip6.o
                0x000000000000cad0                uip_icmp6chksum
 .text.uip_init
                0x000000000000cad8       0x84 build/cc26x0-cc13x0/sensortag/cc2650/obj/uip6.o
                0x000000000000cad8                uip_init
 .text.uip_remove_ext_hdr
                0x000000000000cb5c       0x6c build/cc26x0-cc13x0/sensortag/cc2650/obj/uip6.o
                0x000000000000cb5c                uip_remove_ext_hdr
 .text.uip_unlisten
                0x000000000000cbc8       0x28 build/cc26x0-cc13x0/sensortag/cc2650/obj/uip6.o
                0x000000000000cbc8                uip_unlisten
 .text.uip_listen
                0x000000000000cbf0       0x24 build/cc26x0-cc13x0/sensortag/cc2650/obj/uip6.o
                0x000000000000cbf0                uip_listen
 .text.uip_process
                0x000000000000cc14      0xf58 build/cc26x0-cc13x0/sensortag/cc2650/obj/uip6.o
                0x000000000000cc14                uip_process
 .text.uip_htonl
                0x000000000000db6c        0x4 build/cc26x0-cc13x0/sensortag/cc2650/obj/uip6.o
                0x000000000000db6c                uip_htonl
 .text.uip_send
                0x000000000000db70       0x70 build/cc26x0-cc13x0/sensortag/cc2650/obj/uip6.o
                0x000000000000db70                uip_send
 .text.uipbuf_clear
                0x000000000000dbe0       0x30 build/cc26x0-cc13x0/sensortag/cc2650/obj/uipbuf.o
                0x000000000000dbe0                uipbuf_clear
 .text.uipbuf_add_ext_hdr
                0x000000000000dc10       0x38 build/cc26x0-cc13x0/sensortag/cc2650/obj/uipbuf.o
                0x000000000000dc10                uipbuf_add_ext_hdr
 .text.uipbuf_set_len
                0x000000000000dc48       0x18 build/cc26x0-cc13x0/sensortag/cc2650/obj/uipbuf.o
                0x000000000000dc48                uipbuf_set_len
 .text.uipbuf_set_len_field
                0x000000000000dc60        0x8 build/cc26x0-cc13x0/sensortag/cc2650/obj/uipbuf.o
                0x000000000000dc60                uipbuf_set_len_field
 .text.uipbuf_get_len_field
                0x000000000000dc68        0xc build/cc26x0-cc13x0/sensortag/cc2650/obj/uipbuf.o
                0x000000000000dc68                uipbuf_get_len_field
 .text.uipbuf_get_next_header
                0x000000000000dc74       0x6c build/cc26x0-cc13x0/sensortag/cc2650/obj/uipbuf.o
                0x000000000000dc74                uipbuf_get_next_header
 .text.uipbuf_get_last_header
                0x000000000000dce0       0x70 build/cc26x0-cc13x0/sensortag/cc2650/obj/uipbuf.o
                0x000000000000dce0                uipbuf_get_last_header
 .text.uipbuf_search_header
                0x000000000000dd50       0x88 build/cc26x0-cc13x0/sensortag/cc2650/obj/uipbuf.o
                0x000000000000dd50                uipbuf_search_header
 .text.uipbuf_get_attr
                0x000000000000ddd8       0x14 build/cc26x0-cc13x0/sensortag/cc2650/obj/uipbuf.o
                0x000000000000ddd8                uipbuf_get_attr
 .text.uipbuf_set_attr
                0x000000000000ddec       0x18 build/cc26x0-cc13x0/sensortag/cc2650/obj/uipbuf.o
                0x000000000000ddec                uipbuf_set_attr
 .text.uipbuf_init
                0x000000000000de04       0x20 build/cc26x0-cc13x0/sensortag/cc2650/obj/uipbuf.o
                0x000000000000de04                uipbuf_init
 .text.uip_ds6_addr_rm.part.0
                0x000000000000de24       0x88 build/cc26x0-cc13x0/sensortag/cc2650/obj/uip-ds6.o
 .text.uip_ds6_default_prefix
                0x000000000000deac        0x8 build/cc26x0-cc13x0/sensortag/cc2650/obj/uip-ds6.o
                0x000000000000deac                uip_ds6_default_prefix
 .text.uip_ds6_periodic
                0x000000000000deb4       0x58 build/cc26x0-cc13x0/sensortag/cc2650/obj/uip-ds6.o
                0x000000000000deb4                uip_ds6_periodic
 .text.uip_ds6_prefix_add
                0x000000000000df0c       0xb0 build/cc26x0-cc13x0/sensortag/cc2650/obj/uip-ds6.o
                0x000000000000df0c                uip_ds6_prefix_add
 .text.uip_ds6_is_addr_onlink
                0x000000000000dfbc       0x44 build/cc26x0-cc13x0/sensortag/cc2650/obj/uip-ds6.o
                0x000000000000dfbc                uip_ds6_is_addr_onlink
 .text.uip_ds6_addr_rm
                0x000000000000e000        0x8 build/cc26x0-cc13x0/sensortag/cc2650/obj/uip-ds6.o
                0x000000000000e000                uip_ds6_addr_rm
 .text.uip_ds6_addr_lookup
                0x000000000000e008       0x50 build/cc26x0-cc13x0/sensortag/cc2650/obj/uip-ds6.o
                0x000000000000e008                uip_ds6_addr_lookup
 .text.uip_ds6_get_link_local
                0x000000000000e058       0x54 build/cc26x0-cc13x0/sensortag/cc2650/obj/uip-ds6.o
                0x000000000000e058                uip_ds6_get_link_local
 .text.uip_ds6_maddr_add
                0x000000000000e0ac       0x80 build/cc26x0-cc13x0/sensortag/cc2650/obj/uip-ds6.o
                0x000000000000e0ac                uip_ds6_maddr_add
 .text.uip_ds6_addr_add
                0x000000000000e12c       0xd4 build/cc26x0-cc13x0/sensortag/cc2650/obj/uip-ds6.o
                0x000000000000e12c                uip_ds6_addr_add
 .text.uip_ds6_init
                0x000000000000e200      0x13c build/cc26x0-cc13x0/sensortag/cc2650/obj/uip-ds6.o
                0x000000000000e200                uip_ds6_init
 .text.uip_ds6_maddr_lookup
                0x000000000000e33c       0x50 build/cc26x0-cc13x0/sensortag/cc2650/obj/uip-ds6.o
                0x000000000000e33c                uip_ds6_maddr_lookup
 .text.uip_ds6_select_src
                0x000000000000e38c      0x118 build/cc26x0-cc13x0/sensortag/cc2650/obj/uip-ds6.o
                0x000000000000e38c                uip_ds6_select_src
 .text.uip_ds6_set_addr_iid
                0x000000000000e4a4       0x18 build/cc26x0-cc13x0/sensortag/cc2650/obj/uip-ds6.o
                0x000000000000e4a4                uip_ds6_set_addr_iid
 .text.uip_ds6_set_lladdr_from_iid
                0x000000000000e4bc       0x18 build/cc26x0-cc13x0/sensortag/cc2650/obj/uip-ds6.o
                0x000000000000e4bc                uip_ds6_set_lladdr_from_iid
 .text.uip_ds6_nbr_rm
                0x000000000000e4d4       0x24 build/cc26x0-cc13x0/sensortag/cc2650/obj/uip-ds6-nbr.o
                0x000000000000e4d4                uip_ds6_nbr_rm
 .text.uip_ds6_neighbors_init
                0x000000000000e4f8       0x1c build/cc26x0-cc13x0/sensortag/cc2650/obj/uip-ds6-nbr.o
                0x000000000000e4f8                uip_ds6_neighbors_init
 .text.uip_ds6_nbr_add
                0x000000000000e514       0x40 build/cc26x0-cc13x0/sensortag/cc2650/obj/uip-ds6-nbr.o
                0x000000000000e514                uip_ds6_nbr_add
 .text.uip_ds6_nbr_update_ll
                0x000000000000e554       0x78 build/cc26x0-cc13x0/sensortag/cc2650/obj/uip-ds6-nbr.o
                0x000000000000e554                uip_ds6_nbr_update_ll
 .text.uip_ds6_nbr_get_ipaddr
                0x000000000000e5cc        0x4 build/cc26x0-cc13x0/sensortag/cc2650/obj/uip-ds6-nbr.o
                0x000000000000e5cc                uip_ds6_nbr_get_ipaddr
 .text.uip_ds6_nbr_get_ll
                0x000000000000e5d0        0xc build/cc26x0-cc13x0/sensortag/cc2650/obj/uip-ds6-nbr.o
                0x000000000000e5d0                uip_ds6_nbr_get_ll
 .text.uip_ds6_nbr_head
                0x000000000000e5dc        0xc build/cc26x0-cc13x0/sensortag/cc2650/obj/uip-ds6-nbr.o
                0x000000000000e5dc                uip_ds6_nbr_head
 .text.uip_ds6_nbr_next
                0x000000000000e5e8        0xc build/cc26x0-cc13x0/sensortag/cc2650/obj/uip-ds6-nbr.o
                0x000000000000e5e8                uip_ds6_nbr_next
 .text.uip_ds6_nbr_lookup
                0x000000000000e5f4       0x3c build/cc26x0-cc13x0/sensortag/cc2650/obj/uip-ds6-nbr.o
                0x000000000000e5f4                uip_ds6_nbr_lookup
 .text.uip_ds6_nbr_ipaddr_from_lladdr
                0x000000000000e630        0xc build/cc26x0-cc13x0/sensortag/cc2650/obj/uip-ds6-nbr.o
                0x000000000000e630                uip_ds6_nbr_ipaddr_from_lladdr
 .text.uip_ds6_nbr_lladdr_from_ipaddr
                0x000000000000e63c       0x1c build/cc26x0-cc13x0/sensortag/cc2650/obj/uip-ds6-nbr.o